Archive member included to satisfy reference by file (symbol)

C:/Users/Kacper/scoop/apps/avr-gcc/15.2.0/bin/../lib/gcc/avr/15.2.0/../../../../avr/lib/avrxmega3\libm.a(atan2.o)
                              C:\Users\Kacper\AppData\Local\Temp\ccGi1wf6.o (symbol from plugin) (atan2f)
C:/Users/Kacper/scoop/apps/avr-gcc/15.2.0/bin/../lib/gcc/avr/15.2.0/../../../../avr/lib/avrxmega3\libm.a(atan.o)
                              C:/Users/Kacper/scoop/apps/avr-gcc/15.2.0/bin/../lib/gcc/avr/15.2.0/../../../../avr/lib/avrxmega3\libm.a(atan2.o) (atanf)
C:/Users/Kacper/scoop/apps/avr-gcc/15.2.0/bin/../lib/gcc/avr/15.2.0/../../../../avr/lib/avrxmega3\libm.a(cos.o)
                              C:\Users\Kacper\AppData\Local\Temp\ccGi1wf6.o (symbol from plugin) (cosf)
C:/Users/Kacper/scoop/apps/avr-gcc/15.2.0/bin/../lib/gcc/avr/15.2.0/../../../../avr/lib/avrxmega3\libm.a(divsf3x.o)
                              C:/Users/Kacper/scoop/apps/avr-gcc/15.2.0/bin/../lib/gcc/avr/15.2.0/../../../../avr/lib/avrxmega3\libm.a(atan2.o) (__divsf3_pse)
C:/Users/Kacper/scoop/apps/avr-gcc/15.2.0/bin/../lib/gcc/avr/15.2.0/../../../../avr/lib/avrxmega3\libm.a(floor.o)
                              C:\Users\Kacper\AppData\Local\Temp\ccGi1wf6.o (symbol from plugin) (floorf)
C:/Users/Kacper/scoop/apps/avr-gcc/15.2.0/bin/../lib/gcc/avr/15.2.0/../../../../avr/lib/avrxmega3\libm.a(fp_inf.o)
                              C:/Users/Kacper/scoop/apps/avr-gcc/15.2.0/bin/../lib/gcc/avr/15.2.0/../../../../avr/lib/avrxmega3\libm.a(divsf3x.o) (__fp_inf)
C:/Users/Kacper/scoop/apps/avr-gcc/15.2.0/bin/../lib/gcc/avr/15.2.0/../../../../avr/lib/avrxmega3\libm.a(fp_mintl.o)
                              C:/Users/Kacper/scoop/apps/avr-gcc/15.2.0/bin/../lib/gcc/avr/15.2.0/../../../../avr/lib/avrxmega3\libm.a(floor.o) (__fp_mintl)
C:/Users/Kacper/scoop/apps/avr-gcc/15.2.0/bin/../lib/gcc/avr/15.2.0/../../../../avr/lib/avrxmega3\libm.a(fp_mpack.o)
                              C:/Users/Kacper/scoop/apps/avr-gcc/15.2.0/bin/../lib/gcc/avr/15.2.0/../../../../avr/lib/avrxmega3\libm.a(floor.o) (__fp_mpack)
C:/Users/Kacper/scoop/apps/avr-gcc/15.2.0/bin/../lib/gcc/avr/15.2.0/../../../../avr/lib/avrxmega3\libm.a(fp_nan.o)
                              C:/Users/Kacper/scoop/apps/avr-gcc/15.2.0/bin/../lib/gcc/avr/15.2.0/../../../../avr/lib/avrxmega3\libm.a(atan2.o) (__fp_nan)
C:/Users/Kacper/scoop/apps/avr-gcc/15.2.0/bin/../lib/gcc/avr/15.2.0/../../../../avr/lib/avrxmega3\libm.a(fp_powser.o)
                              C:/Users/Kacper/scoop/apps/avr-gcc/15.2.0/bin/../lib/gcc/avr/15.2.0/../../../../avr/lib/avrxmega3\libm.a(atan.o) (__fp_powser)
C:/Users/Kacper/scoop/apps/avr-gcc/15.2.0/bin/../lib/gcc/avr/15.2.0/../../../../avr/lib/avrxmega3\libm.a(fp_pscA.o)
                              C:/Users/Kacper/scoop/apps/avr-gcc/15.2.0/bin/../lib/gcc/avr/15.2.0/../../../../avr/lib/avrxmega3\libm.a(atan2.o) (__fp_pscA)
C:/Users/Kacper/scoop/apps/avr-gcc/15.2.0/bin/../lib/gcc/avr/15.2.0/../../../../avr/lib/avrxmega3\libm.a(fp_pscB.o)
                              C:/Users/Kacper/scoop/apps/avr-gcc/15.2.0/bin/../lib/gcc/avr/15.2.0/../../../../avr/lib/avrxmega3\libm.a(atan2.o) (__fp_pscB)
C:/Users/Kacper/scoop/apps/avr-gcc/15.2.0/bin/../lib/gcc/avr/15.2.0/../../../../avr/lib/avrxmega3\libm.a(fp_rempio2.o)
                              C:/Users/Kacper/scoop/apps/avr-gcc/15.2.0/bin/../lib/gcc/avr/15.2.0/../../../../avr/lib/avrxmega3\libm.a(cos.o) (__fp_rempio2)
C:/Users/Kacper/scoop/apps/avr-gcc/15.2.0/bin/../lib/gcc/avr/15.2.0/../../../../avr/lib/avrxmega3\libm.a(fp_round.o)
                              C:/Users/Kacper/scoop/apps/avr-gcc/15.2.0/bin/../lib/gcc/avr/15.2.0/../../../../avr/lib/avrxmega3\libm.a(atan2.o) (__fp_round)
C:/Users/Kacper/scoop/apps/avr-gcc/15.2.0/bin/../lib/gcc/avr/15.2.0/../../../../avr/lib/avrxmega3\libm.a(fp_sinus.o)
                              C:/Users/Kacper/scoop/apps/avr-gcc/15.2.0/bin/../lib/gcc/avr/15.2.0/../../../../avr/lib/avrxmega3\libm.a(cos.o) (__fp_sinus)
C:/Users/Kacper/scoop/apps/avr-gcc/15.2.0/bin/../lib/gcc/avr/15.2.0/../../../../avr/lib/avrxmega3\libm.a(fp_split3.o)
                              C:/Users/Kacper/scoop/apps/avr-gcc/15.2.0/bin/../lib/gcc/avr/15.2.0/../../../../avr/lib/avrxmega3\libm.a(atan2.o) (__fp_split3)
C:/Users/Kacper/scoop/apps/avr-gcc/15.2.0/bin/../lib/gcc/avr/15.2.0/../../../../avr/lib/avrxmega3\libm.a(fp_trunc.o)
                              C:/Users/Kacper/scoop/apps/avr-gcc/15.2.0/bin/../lib/gcc/avr/15.2.0/../../../../avr/lib/avrxmega3\libm.a(floor.o) (__fp_trunc)
C:/Users/Kacper/scoop/apps/avr-gcc/15.2.0/bin/../lib/gcc/avr/15.2.0/../../../../avr/lib/avrxmega3\libm.a(fp_zero.o)
                              C:/Users/Kacper/scoop/apps/avr-gcc/15.2.0/bin/../lib/gcc/avr/15.2.0/../../../../avr/lib/avrxmega3\libm.a(atan2.o) (__fp_zero)
C:/Users/Kacper/scoop/apps/avr-gcc/15.2.0/bin/../lib/gcc/avr/15.2.0/../../../../avr/lib/avrxmega3\libm.a(inverse.o)
[...]
Memory Configuration

Name             Origin             Length             Attributes
text             0x00000000         0x00004000         xr
data             0x00803800         0x00000800         rw!x
eeprom           0x00810000         0x00000100         rw!x
fuse             0x00820000         0x0000000a         rw!x
lock             0x00830000         0x00000001         rw!x
signature        0x00840000         0x00000003         rw!x
user_signatures  0x00850000         0x00000020         rw!x
*default*        0x00000000         0xffffffff

Linker script and memory map

Address of section .data set to 0x803800
LOAD C:/Users/Kacper/scoop/apps/avr-gcc/15.2.0/bin/../lib/gcc/avr/15.2.0/../../../../avr/lib/avrxmega3/crtattiny1616.o
LOAD C:\Users\Kacper\AppData\Local\Temp\ccGi1wf6.o
LOAD C:\Users\Kacper\AppData\Local\Temp\cc4lnlMb.ltrans0.ltrans.o
LOAD C:/Users/Kacper/scoop/apps/avr-gcc/15.2.0/bin/../lib/gcc/avr/15.2.0/../../../../avr/lib/avrxmega3\libm.a
START GROUP
LOAD C:/Users/Kacper/scoop/apps/avr-gcc/15.2.0/bin/../lib/gcc/avr/15.2.0/avrxmega3\libgcc.a
LOAD C:/Users/Kacper/scoop/apps/avr-gcc/15.2.0/bin/../lib/gcc/avr/15.2.0/../../../../avr/lib/avrxmega3\libm.a
LOAD C:/Users/Kacper/scoop/apps/avr-gcc/15.2.0/bin/../lib/gcc/avr/15.2.0/../../../../avr/lib/avrxmega3\libc.a
LOAD C:/Users/Kacper/scoop/apps/avr-gcc/15.2.0/bin/../lib/gcc/avr/15.2.0/../../../../avr/lib/avrxmega3\libattiny1616.a
END GROUP
                [0x00000000]                      __TEXT_REGION_ORIGIN__ = DEFINED (__TEXT_REGION_ORIGIN__)?__TEXT_REGION_ORIGIN__:0x0
                [0x00004000]                      __TEXT_REGION_LENGTH__ = DEFINED (__TEXT_REGION_LENGTH__)?__TEXT_REGION_LENGTH__:0x100000
                [0x00803800]                      __DATA_REGION_ORIGIN__ = DEFINED (__DATA_REGION_ORIGIN__)?__DATA_REGION_ORIGIN__:0x802000
                [0x00000800]                      __DATA_REGION_LENGTH__ = DEFINED (__DATA_REGION_LENGTH__)?__DATA_REGION_LENGTH__:0xffa0
                [0x00000100]                      __EEPROM_REGION_LENGTH__ = DEFINED (__EEPROM_REGION_LENGTH__)?__EEPROM_REGION_LENGTH__:0x10000
                [0x0000000a]                      __FUSE_REGION_LENGTH__ = DEFINED (__FUSE_REGION_LENGTH__)?__FUSE_REGION_LENGTH__:0x400
                [0x00000001]                      __LOCK_REGION_LENGTH__ = DEFINED (__LOCK_REGION_LENGTH__)?__LOCK_REGION_LENGTH__:0x400
                [0x00000003]                      __SIGNATURE_REGION_LENGTH__ = DEFINED (__SIGNATURE_REGION_LENGTH__)?__SIGNATURE_REGION_LENGTH__:0x400
                [0x00000020]                      __USER_SIGNATURE_REGION_LENGTH__ = DEFINED (__USER_SIGNATURE_REGION_LENGTH__)?__USER_SIGNATURE_REGION_LENGTH__:0x400
                0x00008000                        __RODATA_PM_OFFSET__ = DEFINED (__RODATA_PM_OFFSET__)?__RODATA_PM_OFFSET__:0x8000

.hash
 *(.hash)

.dynsym
 *(.dynsym)

.dynstr
 *(.dynstr)

.gnu.version
 *(.gnu.version)

.gnu.version_d
 *(.gnu.version_d)

.gnu.version_r
 *(.gnu.version_r)

.rel.init
 *(.rel.init)

.rela.init
 *(.rela.init)

.rel.text
 *(.rel.text)
 *(.rel.text.*)
 *(.rel.gnu.linkonce.t*)

.rela.text
 *(.rela.text)
 *(.rela.text.*)
 *(.rela.gnu.linkonce.t*)

.rel.fini
 *(.rel.fini)

.rela.fini
 *(.rela.fini)

.rel.rodata
 *(.rel.rodata)
 *(.rel.rodata.*)
 *(.rel.gnu.linkonce.r*)

.rela.rodata
 *(.rela.rodata)
 *(.rela.rodata.*)
 *(.rela.gnu.linkonce.r*)

.rel.data
 *(.rel.data)
 *(.rel.data.*)
 *(.rel.gnu.linkonce.d*)

.rela.data
 *(.rela.data)
 *(.rela.data.*)
 *(.rela.gnu.linkonce.d*)

.rel.ctors
 *(.rel.ctors)

.rela.ctors
 *(.rela.ctors)

.rel.dtors
 *(.rel.dtors)

.rela.dtors
 *(.rela.dtors)

.rel.got
 *(.rel.got)

.rela.got
 *(.rela.got)

.rel.bss
 *(.rel.bss)

.rela.bss
 *(.rela.bss)

.rel.plt
 *(.rel.plt)

.rela.plt
 *(.rela.plt)

.text           0x00000000     0x1e8c
 *(.vectors)
 .vectors       0x00000000       0x7c C:/Users/Kacper/scoop/apps/avr-gcc/15.2.0/bin/../lib/gcc/avr/15.2.0/../../../../avr/lib/avrxmega3/crtattiny1616.o
                0x00000000                __vector_default
                0x00000000                __vectors
 *(.vectors)
                0x0000007c                        __progmem_start = .
 *(.progmem)
 *(.progmem.*)
                0x0000007c                        __progmem_end = .
                0x00000001                        ASSERT (((__progmem_start == __progmem_end) || (__progmem_end <= 0x10000)), .progmem section exceeds 0x10000)
                0x0000007c                        . = ALIGN (0x2)
                0x0000007c                        __trampolines_start = .
 *(.trampolines)
 .trampolines   0x0000007c        0x0 linker stubs
 *(.trampolines*)
                0x0000007c                        __trampolines_end = .
                0x0000007c                        . = ALIGN (0x2)
 *(.lowtext)
 *(.lowtext*)
                0x0000007c                        __ctors_start = .
 *(.ctors)
                0x0000007c                        __ctors_end = .
                0x0000007c                        __dtors_start = .
 *(.dtors)
                0x0000007c                        __dtors_end = .
 SORT_BY_NAME(*)(.ctors)
 SORT_BY_NAME(*)(.dtors)
 *(.init0)
 .init0         0x0000007c        0x0 C:/Users/Kacper/scoop/apps/avr-gcc/15.2.0/bin/../lib/gcc/avr/15.2.0/../../../../avr/lib/avrxmega3/crtattiny1616.o
                0x0000007c                __init
 *(.init0)
 *(.init1)
 *(.init1)
 *(.init2)
 .init2         0x0000007c        0xc C:/Users/Kacper/scoop/apps/avr-gcc/15.2.0/bin/../lib/gcc/avr/15.2.0/../../../../avr/lib/avrxmega3/crtattiny1616.o
 *(.init2)
 *(.init3)
 *(.init3)
 *(.init4)
 .init4         0x00000088       0x10 C:/Users/Kacper/scoop/apps/avr-gcc/15.2.0/bin/../lib/gcc/avr/15.2.0/avrxmega3\libgcc.a(_clear_bss.o)
                0x00000088                __do_clear_bss
 *(.init4)
 *(.init5)
 *(.init5)
 *(.init6)
 *(.init6)
 *(.init7)
 *(.init7)
 *(.init8)
 *(.init8)
 *(.init9)
 .init9         0x00000098        0x8 C:/Users/Kacper/scoop/apps/avr-gcc/15.2.0/bin/../lib/gcc/avr/15.2.0/../../../../avr/lib/avrxmega3/crtattiny1616.o
 *(.init9)
 *(.text)
 .text          0x000000a0        0x4 C:/Users/Kacper/scoop/apps/avr-gcc/15.2.0/bin/../lib/gcc/avr/15.2.0/../../../../avr/lib/avrxmega3/crtattiny1616.o
                0x000000a0                __vector_22
                0x000000a0                __vector_28
                0x000000a0                __vector_1
                0x000000a0                __vector_24
                0x000000a0                __vector_12
                0x000000a0                __bad_interrupt
                0x000000a0                __vector_6
                0x000000a0                __vector_3
                0x000000a0                __vector_23
                0x000000a0                __vector_30
                0x000000a0                __vector_25
                0x000000a0                __vector_11
                0x000000a0                __vector_13
                0x000000a0                __vector_17
                0x000000a0                __vector_19
                0x000000a0                __vector_27
                0x000000a0                __vector_5
                0x000000a0                __vector_4
                0x000000a0                __vector_9
                0x000000a0                __vector_2
                0x000000a0                __vector_21
                0x000000a0                __vector_15
                0x000000a0                __vector_29
                0x000000a0                __vector_8
                0x000000a0                __vector_26
                0x000000a0                __vector_14
                0x000000a0                __vector_10
                0x000000a0                __vector_16
                0x000000a0                __vector_18
                0x000000a0                __vector_20
                0x000000a4                        . = ALIGN (0x2)
 *(.text.*)
 .text.usart_putc
                0x000000a4        0xe C:\Users\Kacper\AppData\Local\Temp\cc4lnlMb.ltrans0.ltrans.o
 .text.usart_print
                0x000000b2       0x1a C:\Users\Kacper\AppData\Local\Temp\cc4lnlMb.ltrans0.ltrans.o
 .text.usart_print_u16
                0x000000cc       0x82 C:\Users\Kacper\AppData\Local\Temp\cc4lnlMb.ltrans0.ltrans.o
 .text.usart_print_temp_dC
                0x0000014e       0x3a C:\Users\Kacper\AppData\Local\Temp\cc4lnlMb.ltrans0.ltrans.o
 .text.adc_read
                0x00000188       0x20 C:\Users\Kacper\AppData\Local\Temp\cc4lnlMb.ltrans0.ltrans.o
 .text.measure_once_ticks
                0x000001a8      0x5b0 C:\Users\Kacper\AppData\Local\Temp\cc4lnlMb.ltrans0.ltrans.o
 .text.__vector_7
                0x00000758        0xc C:\Users\Kacper\AppData\Local\Temp\cc4lnlMb.ltrans0.ltrans.o
                0x00000758                __vector_7
 .text.startup.main
                0x00000764      0x986 C:\Users\Kacper\AppData\Local\Temp\cc4lnlMb.ltrans0.ltrans.o
                0x00000764                main
 .text.avr-libc.fplib
                0x000010ea       0x86 C:/Users/Kacper/scoop/apps/avr-gcc/15.2.0/bin/../lib/gcc/avr/15.2.0/../../../../avr/lib/avrxmega3\libm.a(atan2.o)
                0x00001110                atan2f
                0x00001110                atan2
 .text.avr-libc.fplib
                0x00001170       0x5e C:/Users/Kacper/scoop/apps/avr-gcc/15.2.0/bin/../lib/gcc/avr/15.2.0/../../../../avr/lib/avrxmega3\libm.a(atan.o)
                0x00001170                atanf
                0x00001170                atan
 .text.avr-libc.fplib
                0x000011ce        0xa C:/Users/Kacper/scoop/apps/avr-gcc/15.2.0/bin/../lib/gcc/avr/15.2.0/../../../../avr/lib/avrxmega3\libm.a(cos.o)
                0x000011ce                cos
                0x000011ce                cosf
 .text.avr-libc.fplib
                0x000011d8       0xdc C:/Users/Kacper/scoop/apps/avr-gcc/15.2.0/bin/../lib/gcc/avr/15.2.0/../../../../avr/lib/avrxmega3\libm.a(divsf3x.o)
                0x000011f8                __divsf3x
                0x000011fe                __divsf3_pse
 .text.avr-libc.fplib
                0x000012b4       0x2e C:/Users/Kacper/scoop/apps/avr-gcc/15.2.0/bin/../lib/gcc/avr/15.2.0/../../../../avr/lib/avrxmega3\libm.a(floor.o)
                0x000012b4                floorf
                0x000012b4                floor
 .text.avr-libc.fplib
                0x000012e2        0xc C:/Users/Kacper/scoop/apps/avr-gcc/15.2.0/bin/../lib/gcc/avr/15.2.0/../../../../avr/lib/avrxmega3\libm.a(fp_inf.o)
                0x000012e2                __fp_inf
 .text.avr-libc.fplib
                0x000012ee       0x36 C:/Users/Kacper/scoop/apps/avr-gcc/15.2.0/bin/../lib/gcc/avr/15.2.0/../../../../avr/lib/avrxmega3\libm.a(fp_mintl.o)
                0x000012ee                __fp_mintl
 .text.avr-libc.fplib
                0x00001324       0x1c C:/Users/Kacper/scoop/apps/avr-gcc/15.2.0/bin/../lib/gcc/avr/15.2.0/../../../../avr/lib/avrxmega3\libm.a(fp_mpack.o)
                0x00001324                __fp_mpack
                0x00001328                __fp_mpack_finite
 .text.avr-libc.fplib
                0x00001340        0x6 C:/Users/Kacper/scoop/apps/avr-gcc/15.2.0/bin/../lib/gcc/avr/15.2.0/../../../../avr/lib/avrxmega3\libm.a(fp_nan.o)
                0x00001340                __fp_nan
 .text.avr-libc.fplib
                0x00001346       0x4e C:/Users/Kacper/scoop/apps/avr-gcc/15.2.0/bin/../lib/gcc/avr/15.2.0/../../../../avr/lib/avrxmega3\libm.a(fp_powser.o)
                0x00001346                __fp_powser
 .text.avr-libc.fplib
                0x00001394        0xe C:/Users/Kacper/scoop/apps/avr-gcc/15.2.0/bin/../lib/gcc/avr/15.2.0/../../../../avr/lib/avrxmega3\libm.a(fp_pscA.o)
                0x00001394                __fp_pscA
 .text.avr-libc.fplib
                0x000013a2        0xe C:/Users/Kacper/scoop/apps/avr-gcc/15.2.0/bin/../lib/gcc/avr/15.2.0/../../../../avr/lib/avrxmega3\libm.a(fp_pscB.o)
                0x000013a2                __fp_pscB
 .text.avr-libc.fplib
                0x000013b0       0x56 C:/Users/Kacper/scoop/apps/avr-gcc/15.2.0/bin/../lib/gcc/avr/15.2.0/../../../../avr/lib/avrxmega3\libm.a(fp_rempio2.o)
                0x000013b4                __fp_rempio2
 .text.avr-libc.fplib
                0x00001406       0x22 C:/Users/Kacper/scoop/apps/avr-gcc/15.2.0/bin/../lib/gcc/avr/15.2.0/../../../../avr/lib/avrxmega3\libm.a(fp_round.o)
                0x00001406                __fp_round
 .text.avr-libc.fplib
                0x00001428       0x28 C:/Users/Kacper/scoop/apps/avr-gcc/15.2.0/bin/../lib/gcc/avr/15.2.0/../../../../avr/lib/avrxmega3\libm.a(fp_sinus.o)
                0x00001428                __fp_sinus
 .text.avr-libc.fplib
                0x00001450       0x44 C:/Users/Kacper/scoop/apps/avr-gcc/15.2.0/bin/../lib/gcc/avr/15.2.0/../../../../avr/lib/avrxmega3\libm.a(fp_split3.o)
                0x00001450                __fp_split3
                0x00001460                __fp_splitA
 .text.avr-libc.fplib
                0x00001494       0x30 C:/Users/Kacper/scoop/apps/avr-gcc/15.2.0/bin/../lib/gcc/avr/15.2.0/../../../../avr/lib/avrxmega3\libm.a(fp_trunc.o)
                0x00001494                __fp_trunc
 .text.avr-libc.fplib
                0x000014c4        0xe C:/Users/Kacper/scoop/apps/avr-gcc/15.2.0/bin/../lib/gcc/avr/15.2.0/../../../../avr/lib/avrxmega3\libm.a(fp_zero.o)
                0x000014c4                __fp_zero
                0x000014c6                __fp_szero
 .text.avr-libc.fplib
                0x000014d2       0x10 C:/Users/Kacper/scoop/apps/avr-gcc/15.2.0/bin/../lib/gcc/avr/15.2.0/../../../../avr/lib/avrxmega3\libm.a(inverse.o)
                0x000014d2                __inversef
 .text.avr-libc.fplib
                0x000014e2       0xa0 C:/Users/Kacper/scoop/apps/avr-gcc/15.2.0/bin/../lib/gcc/avr/15.2.0/../../../../avr/lib/avrxmega3\libm.a(log.o)
                0x000014f2                logf
                0x000014f2                log
 .text.avr-libc.fplib
                0x00001582       0x66 C:/Users/Kacper/scoop/apps/avr-gcc/15.2.0/bin/../lib/gcc/avr/15.2.0/../../../../avr/lib/avrxmega3\libm.a(lround.o)
                0x00001582                lround
                0x00001582                lroundf
 .text.avr-libc.fplib
                0x000015e8       0xd2 C:/Users/Kacper/scoop/apps/avr-gcc/15.2.0/bin/../lib/gcc/avr/15.2.0/../../../../avr/lib/avrxmega3\libm.a(mulsf3x.o)
                0x00001606                __mulsf3x
                0x0000160c                __mulsf3_pse
 .text.avr-libc.fplib
                0x000016ba       0x48 C:/Users/Kacper/scoop/apps/avr-gcc/15.2.0/bin/../lib/gcc/avr/15.2.0/../../../../avr/lib/avrxmega3\libm.a(round.o)
                0x000016ba                roundf
                0x000016ba                round
 .text.avr-libc.fplib
                0x00001702       0x10 C:/Users/Kacper/scoop/apps/avr-gcc/15.2.0/bin/../lib/gcc/avr/15.2.0/../../../../avr/lib/avrxmega3\libm.a(sin.o)
                0x00001702                sinf
                0x00001702                sin
 .text.avr-libc.fplib
                0x00001712       0x8c C:/Users/Kacper/scoop/apps/avr-gcc/15.2.0/bin/../lib/gcc/avr/15.2.0/../../../../avr/lib/avrxmega3\libm.a(sqrt.o)
                0x0000171e                sqrtf
                0x0000171e                sqrt
 .text.avr-libc.fplib
                0x0000179e        0x8 C:/Users/Kacper/scoop/apps/avr-gcc/15.2.0/bin/../lib/gcc/avr/15.2.0/../../../../avr/lib/avrxmega3\libm.a(square.o)
                0x0000179e                squaref
                0x0000179e                square
 .text.avr-libc.fplib
                0x000017a6        0xe C:/Users/Kacper/scoop/apps/avr-gcc/15.2.0/bin/../lib/gcc/avr/15.2.0/../../../../avr/lib/avrxmega3\libm.a(addsf3.o)
                0x000017a6                __subsf3
                0x000017a8                __addsf3
 .text.avr-libc.fplib
                0x000017b4       0xcc C:/Users/Kacper/scoop/apps/avr-gcc/15.2.0/bin/../lib/gcc/avr/15.2.0/../../../../avr/lib/avrxmega3\libm.a(addsf3x.o)
                0x000017d6                __addsf3x
 .text.avr-libc.fplib
                0x00001880        0x8 C:/Users/Kacper/scoop/apps/avr-gcc/15.2.0/bin/../lib/gcc/avr/15.2.0/../../../../avr/lib/avrxmega3\libm.a(divsf3.o)
                0x00001880                __divsf3
 .text.avr-libc.fplib
                0x00001888       0x7a C:/Users/Kacper/scoop/apps/avr-gcc/15.2.0/bin/../lib/gcc/avr/15.2.0/../../../../avr/lib/avrxmega3\libm.a(floatsisf.o)
                0x00001888                __floatunsisf
                0x0000188c                __floatsisf
 .text.avr-libc.fplib
                0x00001902        0xe C:/Users/Kacper/scoop/apps/avr-gcc/15.2.0/bin/../lib/gcc/avr/15.2.0/../../../../avr/lib/avrxmega3\libm.a(fp_norm2.o)
                0x00001902                __fp_norm2
 .text.avr-libc.fplib
                0x00001910       0x28 C:/Users/Kacper/scoop/apps/avr-gcc/15.2.0/bin/../lib/gcc/avr/15.2.0/../../../../avr/lib/avrxmega3\libm.a(fp_powsodd.o)
                0x00001910                __fp_powsodd
 .text.avr-libc.fplib
                0x00001938        0x8 C:/Users/Kacper/scoop/apps/avr-gcc/15.2.0/bin/../lib/gcc/avr/15.2.0/../../../../avr/lib/avrxmega3\libm.a(mulsf3.o)
                0x00001938                __mulsf3
 .text.avr-libc.fplib
                0x00001940        0xa C:/Users/Kacper/scoop/apps/avr-gcc/15.2.0/bin/../lib/gcc/avr/15.2.0/../../../../avr/lib/avrxmega3\libm.a(cmpsf2.o)
                0x00001940                __nesf2
                0x00001940                __eqsf2
                0x00001940                __cmpsf2
                0x00001940                __ltsf2
                0x00001940                __lesf2
 .text.avr-libc.fplib
                0x0000194a        0xe C:/Users/Kacper/scoop/apps/avr-gcc/15.2.0/bin/../lib/gcc/avr/15.2.0/../../../../avr/lib/avrxmega3\libm.a(fixsfsi.o)
                0x0000194a                __fixsfsi
 .text.avr-libc.fplib
                0x00001958       0x5e C:/Users/Kacper/scoop/apps/avr-gcc/15.2.0/bin/../lib/gcc/avr/15.2.0/../../../../avr/lib/avrxmega3\libm.a(fixunssfsi.o)
                0x00001958                __fixunssfsi
 .text.avr-libc.fplib
                0x000019b6       0x48 C:/Users/Kacper/scoop/apps/avr-gcc/15.2.0/bin/../lib/gcc/avr/15.2.0/../../../../avr/lib/avrxmega3\libm.a(fp_cmp.o)
                0x000019b6                __fp_cmp
 .text.avr-libc.fplib
                0x000019fe        0xa C:/Users/Kacper/scoop/apps/avr-gcc/15.2.0/bin/../lib/gcc/avr/15.2.0/../../../../avr/lib/avrxmega3\libm.a(gesf2.o)
                0x000019fe                __gesf2
                0x000019fe                __gtsf2
 .text.libgcc.mul
                0x00001a08       0x1e C:/Users/Kacper/scoop/apps/avr-gcc/15.2.0/bin/../lib/gcc/avr/15.2.0/avrxmega3\libgcc.a(_umulhisi3.o)
                0x00001a08                __umulhisi3
 .text.libgcc.div
                0x00001a26       0x28 C:/Users/Kacper/scoop/apps/avr-gcc/15.2.0/bin/../lib/gcc/avr/15.2.0/avrxmega3\libgcc.a(_udivmodhi4.o)
                0x00001a26                __udivmodhi4
 .text.libgcc.div
                0x00001a4e       0x28 C:/Users/Kacper/scoop/apps/avr-gcc/15.2.0/bin/../lib/gcc/avr/15.2.0/avrxmega3\libgcc.a(_divmodhi4.o)
                0x00001a4e                _div
                0x00001a4e                __divmodhi4
 .text.libgcc.div
                0x00001a76       0x44 C:/Users/Kacper/scoop/apps/avr-gcc/15.2.0/bin/../lib/gcc/avr/15.2.0/avrxmega3\libgcc.a(_udivmodsi4.o)
                0x00001a76                __udivmodsi4
 .text.libgcc.div
                0x00001aba       0x2e C:/Users/Kacper/scoop/apps/avr-gcc/15.2.0/bin/../lib/gcc/avr/15.2.0/avrxmega3\libgcc.a(_divmodsi4.o)
                0x00001aba                __divmodsi4
 .text.libgcc.div
                0x00001ae8       0x10 C:/Users/Kacper/scoop/apps/avr-gcc/15.2.0/bin/../lib/gcc/avr/15.2.0/avrxmega3\libgcc.a(_negsi2.o)
                0x00001ae8                __negsi2
 .text.libgcc.mul
                0x00001af8        0xe C:/Users/Kacper/scoop/apps/avr-gcc/15.2.0/bin/../lib/gcc/avr/15.2.0/avrxmega3\libgcc.a(_usmulhisi3.o)
                0x00001af8                __usmulhisi3
                0x00001afc                __usmulhisi3_tail
 .text.libgcc.mul
                0x00001b06       0x16 C:/Users/Kacper/scoop/apps/avr-gcc/15.2.0/bin/../lib/gcc/avr/15.2.0/avrxmega3\libgcc.a(_muluhisi3.o)
                0x00001b06                __muluhisi3
 .text.libgcc.mul
                0x00001b1c       0x9e C:/Users/Kacper/scoop/apps/avr-gcc/15.2.0/bin/../lib/gcc/avr/15.2.0/avrxmega3\libgcc.a(_muldi3.o)
                0x00001b1c                __muldi3
 .text.libgcc.mul
                0x00001bba       0x12 C:/Users/Kacper/scoop/apps/avr-gcc/15.2.0/bin/../lib/gcc/avr/15.2.0/avrxmega3\libgcc.a(_muldi3_6.o)
                0x00001bba                __muldi3_6
 .text.libgcc.mul
                0x00001bcc       0x1e C:/Users/Kacper/scoop/apps/avr-gcc/15.2.0/bin/../lib/gcc/avr/15.2.0/avrxmega3\libgcc.a(_mulsidi3.o)
                0x00001bcc                __mulsidi3
 .text.libgcc.mul
                0x00001bea       0x56 C:/Users/Kacper/scoop/apps/avr-gcc/15.2.0/bin/../lib/gcc/avr/15.2.0/avrxmega3\libgcc.a(_umulsidi3.o)
                0x00001bea                __umulsidi3
                0x00001bec                __umulsidi3_helper
 .text.libgcc.div
                0x00001c40       0x62 C:/Users/Kacper/scoop/apps/avr-gcc/15.2.0/bin/../lib/gcc/avr/15.2.0/avrxmega3\libgcc.a(_divdi3.o)
                0x00001c40                __moddi3
                0x00001c44                __divdi3
                0x00001c46                __divdi3_moddi3
 .text.libgcc.div
                0x00001ca2       0x1c C:/Users/Kacper/scoop/apps/avr-gcc/15.2.0/bin/../lib/gcc/avr/15.2.0/avrxmega3\libgcc.a(_udivdi3.o)
                0x00001ca2                __umoddi3
                0x00001ca6                __udivdi3
                0x00001ca8                __udivdi3_umoddi3
 .text.libgcc.div
                0x00001cbe       0xa2 C:/Users/Kacper/scoop/apps/avr-gcc/15.2.0/bin/../lib/gcc/avr/15.2.0/avrxmega3\libgcc.a(_udivmod64.o)
                0x00001cbe                __udivmod64
 .text.libgcc   0x00001d60       0x20 C:/Users/Kacper/scoop/apps/avr-gcc/15.2.0/bin/../lib/gcc/avr/15.2.0/avrxmega3\libgcc.a(_negdi2.o)
                0x00001d60                __negdi2
 .text.libgcc.prologue
                0x00001d80       0x32 C:/Users/Kacper/scoop/apps/avr-gcc/15.2.0/bin/../lib/gcc/avr/15.2.0/avrxmega3\libgcc.a(_prologue.o)
                0x00001d80                __prologue_saves__
 .text.libgcc.prologue
                0x00001db2       0x30 C:/Users/Kacper/scoop/apps/avr-gcc/15.2.0/bin/../lib/gcc/avr/15.2.0/avrxmega3\libgcc.a(_epilogue.o)
                0x00001db2                __epilogue_restores__
                0x00001de2                        . = ALIGN (0x2)
 *(.fini9)
 .fini9         0x00001de2        0x0 C:/Users/Kacper/scoop/apps/avr-gcc/15.2.0/bin/../lib/gcc/avr/15.2.0/avrxmega3\libgcc.a(_exit.o)
                0x00001de2                _exit
                0x00001de2                exit
 *(.fini9)
 *(.fini8)
 *(.fini8)
 *(.fini7)
 *(.fini7)
 *(.fini6)
 *(.fini6)
 *(.fini5)
 *(.fini5)
 *(.fini4)
 *(.fini4)
 *(.fini3)
 *(.fini3)
 *(.fini2)
 *(.fini2)
 *(.fini1)
 *(.fini1)
 *(.fini0)
 .fini0         0x00001de2        0x4 C:/Users/Kacper/scoop/apps/avr-gcc/15.2.0/bin/../lib/gcc/avr/15.2.0/avrxmega3\libgcc.a(_exit.o)
 *(.fini0)
 *(.hightext)
 *(.hightext*)
 *(.progmemx)
 *(.progmemx.*)
 .progmemx.gcc_fplib.atan
                0x00001de6       0x2d C:/Users/Kacper/scoop/apps/avr-gcc/15.2.0/bin/../lib/gcc/avr/15.2.0/../../../../avr/lib/avrxmega3\libm.a(atan.o)
 .progmemx.gcc_fplib.sinus
                0x00001e13       0x1e C:/Users/Kacper/scoop/apps/avr-gcc/15.2.0/bin/../lib/gcc/avr/15.2.0/../../../../avr/lib/avrxmega3\libm.a(fp_sinus.o)
 .progmemx.gcc_fplib.log
                0x00001e31       0x5a C:/Users/Kacper/scoop/apps/avr-gcc/15.2.0/bin/../lib/gcc/avr/15.2.0/../../../../avr/lib/avrxmega3\libm.a(log.o)
                0x00001e8c                        . = ALIGN (0x2)
 *fill*         0x00001e8b        0x1 
 *(.jumptables)
 *(.jumptables*)
                0x00001e8c                        _etext = .

.rodata         0x00009e8c       0x79 load address 0x00001e8c
 *(.rodata)
 *(.rodata*)
 .rodata.main.str1.1
                0x00009e8c       0x79 C:\Users\Kacper\AppData\Local\Temp\cc4lnlMb.ltrans0.ltrans.o
                                 0x80 (size before relaxing)
 *(.gnu.linkonce.r*)

.data           0x00803800        0x0 load address 0x00001f05
                [!provide]                        PROVIDE (__data_start = .)
 *(.data)
 *(.data*)
 *(.gnu.linkonce.d*)
                0x00803800                        . = ALIGN (0x2)
                0x00803800                        _edata = .
                [!provide]                        PROVIDE (__data_end = .)

.bss            0x00803800      0x153
                0x00803800                        PROVIDE (__bss_start = .)
 *(.bss)
 *(.bss*)
 .bss.g_psin    0x00803800        0x4 C:\Users\Kacper\AppData\Local\Temp\cc4lnlMb.ltrans0.ltrans.o
 .bss.g_pcos    0x00803804        0x4 C:\Users\Kacper\AppData\Local\Temp\cc4lnlMb.ltrans0.ltrans.o
 .bss.diag_peak
                0x00803808        0x2 C:\Users\Kacper\AppData\Local\Temp\cc4lnlMb.ltrans0.ltrans.o
 .bss.echo_peak_idx
                0x0080380a        0x2 C:\Users\Kacper\AppData\Local\Temp\cc4lnlMb.ltrans0.ltrans.o
 .bss.g_phase_ok
                0x0080380c        0x1 C:\Users\Kacper\AppData\Local\Temp\cc4lnlMb.ltrans0.ltrans.o
 .bss.echo_total_ticks
                0x0080380d        0x2 C:\Users\Kacper\AppData\Local\Temp\cc4lnlMb.ltrans0.ltrans.o
 .bss.echo_start_ticks
                0x0080380f        0x2 C:\Users\Kacper\AppData\Local\Temp\cc4lnlMb.ltrans0.ltrans.o
 .bss.echo_raw  0x00803811      0x140 C:\Users\Kacper\AppData\Local\Temp\cc4lnlMb.ltrans0.ltrans.o
 .bss.echo_baseline
                0x00803951        0x2 C:\Users\Kacper\AppData\Local\Temp\cc4lnlMb.ltrans0.ltrans.o
 *(COMMON)
                0x00803953                        PROVIDE (__bss_end = .)
                0x00001f05                        __data_load_start = LOADADDR (.data)
                0x00001f05                        __data_load_end = (__data_load_start + SIZEOF (.data))

.noinit         0x00803953        0x0
                [!provide]                        PROVIDE (__noinit_start = .)
 *(.noinit .noinit.* .gnu.linkonce.n.*)
                [!provide]                        PROVIDE (__noinit_end = .)
                0x00803953                        _end = .
                [!provide]                        PROVIDE (__heap_start = .)
                0x00000000                        __flmap_init_label = DEFINED (__flmap_noinit_start)?__flmap_noinit_start:0x0
                0x00000000                        __flmap = DEFINED (__flmap)?__flmap:0x0

.eeprom         0x00810000        0x0
 *(.eeprom*)
                0x00810000                        __eeprom_end = .

.fuse
 *(.fuse)
 *(.lfuse)
 *(.hfuse)
 *(.efuse)

.lock
 *(.lock*)

.signature
 *(.signature*)

.stab
 *(.stab)

.stabstr
 *(.stabstr)

.stab.excl
 *(.stab.excl)

.stab.exclstr
 *(.stab.exclstr)

.stab.index
 *(.stab.index)

.stab.indexstr
 *(.stab.indexstr)

.comment        0x00000000       0x12
 *(.comment)
 .comment       0x00000000       0x12 C:\Users\Kacper\AppData\Local\Temp\cc4lnlMb.ltrans0.ltrans.o
                                 0x13 (size before relaxing)

.note.gnu.avr.deviceinfo
                0x00000000       0x40
 .note.gnu.avr.deviceinfo
                0x00000000       0x40 C:/Users/Kacper/scoop/apps/avr-gcc/15.2.0/bin/../lib/gcc/avr/15.2.0/../../../../avr/lib/avrxmega3/crtattiny1616.o

.gnu.build.attributes
 *(.gnu.build.attributes .gnu.build.attributes.*)

.note.gnu.build-id
 *(.note.gnu.build-id)

.debug
 *(.debug)

.line
 *(.line)

.debug_srcinfo
 *(.debug_srcinfo)

.debug_sfnames
 *(.debug_sfnames)

.debug_aranges  0x00000000      0x280
 *(.debug_aranges)
 .debug_aranges
                0x00000000       0x20 C:/Users/Kacper/scoop/apps/avr-gcc/15.2.0/bin/../lib/gcc/avr/15.2.0/avrxmega3\libgcc.a(_exit.o)
 .debug_aranges
                0x00000020       0x20 C:/Users/Kacper/scoop/apps/avr-gcc/15.2.0/bin/../lib/gcc/avr/15.2.0/avrxmega3\libgcc.a(_umulhisi3.o)
 .debug_aranges
                0x00000040       0x20 C:/Users/Kacper/scoop/apps/avr-gcc/15.2.0/bin/../lib/gcc/avr/15.2.0/avrxmega3\libgcc.a(_udivmodhi4.o)
 .debug_aranges
                0x00000060       0x20 C:/Users/Kacper/scoop/apps/avr-gcc/15.2.0/bin/../lib/gcc/avr/15.2.0/avrxmega3\libgcc.a(_divmodhi4.o)
 .debug_aranges
                0x00000080       0x20 C:/Users/Kacper/scoop/apps/avr-gcc/15.2.0/bin/../lib/gcc/avr/15.2.0/avrxmega3\libgcc.a(_udivmodsi4.o)
 .debug_aranges
                0x000000a0       0x20 C:/Users/Kacper/scoop/apps/avr-gcc/15.2.0/bin/../lib/gcc/avr/15.2.0/avrxmega3\libgcc.a(_divmodsi4.o)
 .debug_aranges
                0x000000c0       0x20 C:/Users/Kacper/scoop/apps/avr-gcc/15.2.0/bin/../lib/gcc/avr/15.2.0/avrxmega3\libgcc.a(_negsi2.o)
 .debug_aranges
                0x000000e0       0x20 C:/Users/Kacper/scoop/apps/avr-gcc/15.2.0/bin/../lib/gcc/avr/15.2.0/avrxmega3\libgcc.a(_clear_bss.o)
 .debug_aranges
                0x00000100       0x20 C:/Users/Kacper/scoop/apps/avr-gcc/15.2.0/bin/../lib/gcc/avr/15.2.0/avrxmega3\libgcc.a(_usmulhisi3.o)
 .debug_aranges
                0x00000120       0x20 C:/Users/Kacper/scoop/apps/avr-gcc/15.2.0/bin/../lib/gcc/avr/15.2.0/avrxmega3\libgcc.a(_muluhisi3.o)
 .debug_aranges
                0x00000140       0x20 C:/Users/Kacper/scoop/apps/avr-gcc/15.2.0/bin/../lib/gcc/avr/15.2.0/avrxmega3\libgcc.a(_muldi3.o)
 .debug_aranges
                0x00000160       0x20 C:/Users/Kacper/scoop/apps/avr-gcc/15.2.0/bin/../lib/gcc/avr/15.2.0/avrxmega3\libgcc.a(_muldi3_6.o)
 .debug_aranges
                0x00000180       0x20 C:/Users/Kacper/scoop/apps/avr-gcc/15.2.0/bin/../lib/gcc/avr/15.2.0/avrxmega3\libgcc.a(_mulsidi3.o)
 .debug_aranges
                0x000001a0       0x20 C:/Users/Kacper/scoop/apps/avr-gcc/15.2.0/bin/../lib/gcc/avr/15.2.0/avrxmega3\libgcc.a(_umulsidi3.o)
 .debug_aranges
                0x000001c0       0x20 C:/Users/Kacper/scoop/apps/avr-gcc/15.2.0/bin/../lib/gcc/avr/15.2.0/avrxmega3\libgcc.a(_divdi3.o)
 .debug_aranges
                0x000001e0       0x20 C:/Users/Kacper/scoop/apps/avr-gcc/15.2.0/bin/../lib/gcc/avr/15.2.0/avrxmega3\libgcc.a(_udivdi3.o)
 .debug_aranges
                0x00000200       0x20 C:/Users/Kacper/scoop/apps/avr-gcc/15.2.0/bin/../lib/gcc/avr/15.2.0/avrxmega3\libgcc.a(_udivmod64.o)
 .debug_aranges
                0x00000220       0x20 C:/Users/Kacper/scoop/apps/avr-gcc/15.2.0/bin/../lib/gcc/avr/15.2.0/avrxmega3\libgcc.a(_negdi2.o)
 .debug_aranges
                0x00000240       0x20 C:/Users/Kacper/scoop/apps/avr-gcc/15.2.0/bin/../lib/gcc/avr/15.2.0/avrxmega3\libgcc.a(_prologue.o)
 .debug_aranges
                0x00000260       0x20 C:/Users/Kacper/scoop/apps/avr-gcc/15.2.0/bin/../lib/gcc/avr/15.2.0/avrxmega3\libgcc.a(_epilogue.o)

.debug_pubnames
 *(.debug_pubnames)

.debug_info     0x00000000     0x1fca
 *(.debug_info .gnu.linkonce.wi.*)
 .debug_info    0x00000000     0x1cf8 C:/Users/Kacper/scoop/apps/avr-gcc/15.2.0/bin/../lib/gcc/avr/15.2.0/../../../../avr/lib/avrxmega3/crtattiny1616.o
 .debug_info    0x00001cf8       0x24 C:/Users/Kacper/scoop/apps/avr-gcc/15.2.0/bin/../lib/gcc/avr/15.2.0/avrxmega3\libgcc.a(_exit.o)
 .debug_info    0x00001d1c       0x24 C:/Users/Kacper/scoop/apps/avr-gcc/15.2.0/bin/../lib/gcc/avr/15.2.0/avrxmega3\libgcc.a(_umulhisi3.o)
 .debug_info    0x00001d40       0x24 C:/Users/Kacper/scoop/apps/avr-gcc/15.2.0/bin/../lib/gcc/avr/15.2.0/avrxmega3\libgcc.a(_udivmodhi4.o)
 .debug_info    0x00001d64       0x24 C:/Users/Kacper/scoop/apps/avr-gcc/15.2.0/bin/../lib/gcc/avr/15.2.0/avrxmega3\libgcc.a(_divmodhi4.o)
 .debug_info    0x00001d88       0x24 C:/Users/Kacper/scoop/apps/avr-gcc/15.2.0/bin/../lib/gcc/avr/15.2.0/avrxmega3\libgcc.a(_udivmodsi4.o)
 .debug_info    0x00001dac       0x24 C:/Users/Kacper/scoop/apps/avr-gcc/15.2.0/bin/../lib/gcc/avr/15.2.0/avrxmega3\libgcc.a(_divmodsi4.o)
 .debug_info    0x00001dd0       0x24 C:/Users/Kacper/scoop/apps/avr-gcc/15.2.0/bin/../lib/gcc/avr/15.2.0/avrxmega3\libgcc.a(_negsi2.o)
 .debug_info    0x00001df4       0x24 C:/Users/Kacper/scoop/apps/avr-gcc/15.2.0/bin/../lib/gcc/avr/15.2.0/avrxmega3\libgcc.a(_clear_bss.o)
 .debug_info    0x00001e18       0x24 C:/Users/Kacper/scoop/apps/avr-gcc/15.2.0/bin/../lib/gcc/avr/15.2.0/avrxmega3\libgcc.a(_usmulhisi3.o)
 .debug_info    0x00001e3c       0x24 C:/Users/Kacper/scoop/apps/avr-gcc/15.2.0/bin/../lib/gcc/avr/15.2.0/avrxmega3\libgcc.a(_muluhisi3.o)
 .debug_info    0x00001e60       0x25 C:/Users/Kacper/scoop/apps/avr-gcc/15.2.0/bin/../lib/gcc/avr/15.2.0/avrxmega3\libgcc.a(_muldi3.o)
 .debug_info    0x00001e85       0x24 C:/Users/Kacper/scoop/apps/avr-gcc/15.2.0/bin/../lib/gcc/avr/15.2.0/avrxmega3\libgcc.a(_muldi3_6.o)
 .debug_info    0x00001ea9       0x24 C:/Users/Kacper/scoop/apps/avr-gcc/15.2.0/bin/../lib/gcc/avr/15.2.0/avrxmega3\libgcc.a(_mulsidi3.o)
 .debug_info    0x00001ecd       0x24 C:/Users/Kacper/scoop/apps/avr-gcc/15.2.0/bin/../lib/gcc/avr/15.2.0/avrxmega3\libgcc.a(_umulsidi3.o)
 .debug_info    0x00001ef1       0x24 C:/Users/Kacper/scoop/apps/avr-gcc/15.2.0/bin/../lib/gcc/avr/15.2.0/avrxmega3\libgcc.a(_divdi3.o)
 .debug_info    0x00001f15       0x24 C:/Users/Kacper/scoop/apps/avr-gcc/15.2.0/bin/../lib/gcc/avr/15.2.0/avrxmega3\libgcc.a(_udivdi3.o)
 .debug_info    0x00001f39       0x25 C:/Users/Kacper/scoop/apps/avr-gcc/15.2.0/bin/../lib/gcc/avr/15.2.0/avrxmega3\libgcc.a(_udivmod64.o)
 .debug_info    0x00001f5e       0x24 C:/Users/Kacper/scoop/apps/avr-gcc/15.2.0/bin/../lib/gcc/avr/15.2.0/avrxmega3\libgcc.a(_negdi2.o)
 .debug_info    0x00001f82       0x24 C:/Users/Kacper/scoop/apps/avr-gcc/15.2.0/bin/../lib/gcc/avr/15.2.0/avrxmega3\libgcc.a(_prologue.o)
 .debug_info    0x00001fa6       0x24 C:/Users/Kacper/scoop/apps/avr-gcc/15.2.0/bin/../lib/gcc/avr/15.2.0/avrxmega3\libgcc.a(_epilogue.o)

.debug_abbrev   0x00000000     0x1cfa
 *(.debug_abbrev)
 .debug_abbrev  0x00000000     0x1b6a C:/Users/Kacper/scoop/apps/avr-gcc/15.2.0/bin/../lib/gcc/avr/15.2.0/../../../../avr/lib/avrxmega3/crtattiny1616.o
 .debug_abbrev  0x00001b6a       0x14 C:/Users/Kacper/scoop/apps/avr-gcc/15.2.0/bin/../lib/gcc/avr/15.2.0/avrxmega3\libgcc.a(_exit.o)
 .debug_abbrev  0x00001b7e       0x14 C:/Users/Kacper/scoop/apps/avr-gcc/15.2.0/bin/../lib/gcc/avr/15.2.0/avrxmega3\libgcc.a(_umulhisi3.o)
 .debug_abbrev  0x00001b92       0x14 C:/Users/Kacper/scoop/apps/avr-gcc/15.2.0/bin/../lib/gcc/avr/15.2.0/avrxmega3\libgcc.a(_udivmodhi4.o)
 .debug_abbrev  0x00001ba6       0x14 C:/Users/Kacper/scoop/apps/avr-gcc/15.2.0/bin/../lib/gcc/avr/15.2.0/avrxmega3\libgcc.a(_divmodhi4.o)
 .debug_abbrev  0x00001bba       0x14 C:/Users/Kacper/scoop/apps/avr-gcc/15.2.0/bin/../lib/gcc/avr/15.2.0/avrxmega3\libgcc.a(_udivmodsi4.o)
 .debug_abbrev  0x00001bce       0x14 C:/Users/Kacper/scoop/apps/avr-gcc/15.2.0/bin/../lib/gcc/avr/15.2.0/avrxmega3\libgcc.a(_divmodsi4.o)
 .debug_abbrev  0x00001be2       0x14 C:/Users/Kacper/scoop/apps/avr-gcc/15.2.0/bin/../lib/gcc/avr/15.2.0/avrxmega3\libgcc.a(_negsi2.o)
 .debug_abbrev  0x00001bf6       0x14 C:/Users/Kacper/scoop/apps/avr-gcc/15.2.0/bin/../lib/gcc/avr/15.2.0/avrxmega3\libgcc.a(_clear_bss.o)
 .debug_abbrev  0x00001c0a       0x14 C:/Users/Kacper/scoop/apps/avr-gcc/15.2.0/bin/../lib/gcc/avr/15.2.0/avrxmega3\libgcc.a(_usmulhisi3.o)
 .debug_abbrev  0x00001c1e       0x14 C:/Users/Kacper/scoop/apps/avr-gcc/15.2.0/bin/../lib/gcc/avr/15.2.0/avrxmega3\libgcc.a(_muluhisi3.o)
 .debug_abbrev  0x00001c32       0x14 C:/Users/Kacper/scoop/apps/avr-gcc/15.2.0/bin/../lib/gcc/avr/15.2.0/avrxmega3\libgcc.a(_muldi3.o)
 .debug_abbrev  0x00001c46       0x14 C:/Users/Kacper/scoop/apps/avr-gcc/15.2.0/bin/../lib/gcc/avr/15.2.0/avrxmega3\libgcc.a(_muldi3_6.o)
 .debug_abbrev  0x00001c5a       0x14 C:/Users/Kacper/scoop/apps/avr-gcc/15.2.0/bin/../lib/gcc/avr/15.2.0/avrxmega3\libgcc.a(_mulsidi3.o)
 .debug_abbrev  0x00001c6e       0x14 C:/Users/Kacper/scoop/apps/avr-gcc/15.2.0/bin/../lib/gcc/avr/15.2.0/avrxmega3\libgcc.a(_umulsidi3.o)
 .debug_abbrev  0x00001c82       0x14 C:/Users/Kacper/scoop/apps/avr-gcc/15.2.0/bin/../lib/gcc/avr/15.2.0/avrxmega3\libgcc.a(_divdi3.o)
 .debug_abbrev  0x00001c96       0x14 C:/Users/Kacper/scoop/apps/avr-gcc/15.2.0/bin/../lib/gcc/avr/15.2.0/avrxmega3\libgcc.a(_udivdi3.o)
 .debug_abbrev  0x00001caa       0x14 C:/Users/Kacper/scoop/apps/avr-gcc/15.2.0/bin/../lib/gcc/avr/15.2.0/avrxmega3\libgcc.a(_udivmod64.o)
 .debug_abbrev  0x00001cbe       0x14 C:/Users/Kacper/scoop/apps/avr-gcc/15.2.0/bin/../lib/gcc/avr/15.2.0/avrxmega3\libgcc.a(_negdi2.o)
 .debug_abbrev  0x00001cd2       0x14 C:/Users/Kacper/scoop/apps/avr-gcc/15.2.0/bin/../lib/gcc/avr/15.2.0/avrxmega3\libgcc.a(_prologue.o)
 .debug_abbrev  0x00001ce6       0x14 C:/Users/Kacper/scoop/apps/avr-gcc/15.2.0/bin/../lib/gcc/avr/15.2.0/avrxmega3\libgcc.a(_epilogue.o)

.debug_line     0x00000000      0xe27
 *(.debug_line .debug_line.* .debug_line_end)
 .debug_line    0x00000000       0x1d C:/Users/Kacper/scoop/apps/avr-gcc/15.2.0/bin/../lib/gcc/avr/15.2.0/../../../../avr/lib/avrxmega3/crtattiny1616.o
 .debug_line    0x0000001d       0x51 C:/Users/Kacper/scoop/apps/avr-gcc/15.2.0/bin/../lib/gcc/avr/15.2.0/avrxmega3\libgcc.a(_exit.o)
 .debug_line    0x0000006e       0x9f C:/Users/Kacper/scoop/apps/avr-gcc/15.2.0/bin/../lib/gcc/avr/15.2.0/avrxmega3\libgcc.a(_umulhisi3.o)
 .debug_line    0x0000010d       0xbd C:/Users/Kacper/scoop/apps/avr-gcc/15.2.0/bin/../lib/gcc/avr/15.2.0/avrxmega3\libgcc.a(_udivmodhi4.o)
 .debug_line    0x000001ca       0xb7 C:/Users/Kacper/scoop/apps/avr-gcc/15.2.0/bin/../lib/gcc/avr/15.2.0/avrxmega3\libgcc.a(_divmodhi4.o)
 .debug_line    0x00000281      0x111 C:/Users/Kacper/scoop/apps/avr-gcc/15.2.0/bin/../lib/gcc/avr/15.2.0/avrxmega3\libgcc.a(_udivmodsi4.o)
 .debug_line    0x00000392       0xbd C:/Users/Kacper/scoop/apps/avr-gcc/15.2.0/bin/../lib/gcc/avr/15.2.0/avrxmega3\libgcc.a(_divmodsi4.o)
 .debug_line    0x0000044f       0x51 C:/Users/Kacper/scoop/apps/avr-gcc/15.2.0/bin/../lib/gcc/avr/15.2.0/avrxmega3\libgcc.a(_negsi2.o)
 .debug_line    0x000004a0       0x75 C:/Users/Kacper/scoop/apps/avr-gcc/15.2.0/bin/../lib/gcc/avr/15.2.0/avrxmega3\libgcc.a(_clear_bss.o)
 .debug_line    0x00000515       0x69 C:/Users/Kacper/scoop/apps/avr-gcc/15.2.0/bin/../lib/gcc/avr/15.2.0/avrxmega3\libgcc.a(_usmulhisi3.o)
 .debug_line    0x0000057e       0x81 C:/Users/Kacper/scoop/apps/avr-gcc/15.2.0/bin/../lib/gcc/avr/15.2.0/avrxmega3\libgcc.a(_muluhisi3.o)
 .debug_line    0x000005ff      0x15f C:/Users/Kacper/scoop/apps/avr-gcc/15.2.0/bin/../lib/gcc/avr/15.2.0/avrxmega3\libgcc.a(_muldi3.o)
 .debug_line    0x0000075e       0x75 C:/Users/Kacper/scoop/apps/avr-gcc/15.2.0/bin/../lib/gcc/avr/15.2.0/avrxmega3\libgcc.a(_muldi3_6.o)
 .debug_line    0x000007d3       0x93 C:/Users/Kacper/scoop/apps/avr-gcc/15.2.0/bin/../lib/gcc/avr/15.2.0/avrxmega3\libgcc.a(_mulsidi3.o)
 .debug_line    0x00000866       0xff C:/Users/Kacper/scoop/apps/avr-gcc/15.2.0/bin/../lib/gcc/avr/15.2.0/avrxmega3\libgcc.a(_umulsidi3.o)
 .debug_line    0x00000965       0xe1 C:/Users/Kacper/scoop/apps/avr-gcc/15.2.0/bin/../lib/gcc/avr/15.2.0/avrxmega3\libgcc.a(_divdi3.o)
 .debug_line    0x00000a46       0x93 C:/Users/Kacper/scoop/apps/avr-gcc/15.2.0/bin/../lib/gcc/avr/15.2.0/avrxmega3\libgcc.a(_udivdi3.o)
 .debug_line    0x00000ad9      0x135 C:/Users/Kacper/scoop/apps/avr-gcc/15.2.0/bin/../lib/gcc/avr/15.2.0/avrxmega3\libgcc.a(_udivmod64.o)
 .debug_line    0x00000c0e       0x69 C:/Users/Kacper/scoop/apps/avr-gcc/15.2.0/bin/../lib/gcc/avr/15.2.0/avrxmega3\libgcc.a(_negdi2.o)
 .debug_line    0x00000c77       0xdb C:/Users/Kacper/scoop/apps/avr-gcc/15.2.0/bin/../lib/gcc/avr/15.2.0/avrxmega3\libgcc.a(_prologue.o)
 .debug_line    0x00000d52       0xd5 C:/Users/Kacper/scoop/apps/avr-gcc/15.2.0/bin/../lib/gcc/avr/15.2.0/avrxmega3\libgcc.a(_epilogue.o)

.debug_frame
 *(.debug_frame)

.debug_str      0x00000000      0xc4e
 *(.debug_str)
 .debug_str     0x00000000      0xbe1 C:/Users/Kacper/scoop/apps/avr-gcc/15.2.0/bin/../lib/gcc/avr/15.2.0/../../../../avr/lib/avrxmega3/crtattiny1616.o
 .debug_str     0x00000be1       0x6d C:/Users/Kacper/scoop/apps/avr-gcc/15.2.0/bin/../lib/gcc/avr/15.2.0/avrxmega3\libgcc.a(_exit.o)
 .debug_str     0x00000c4e        0x0 C:/Users/Kacper/scoop/apps/avr-gcc/15.2.0/bin/../lib/gcc/avr/15.2.0/avrxmega3\libgcc.a(_umulhisi3.o)
                                 0x6d (size before relaxing)
 .debug_str     0x00000c4e        0x0 C:/Users/Kacper/scoop/apps/avr-gcc/15.2.0/bin/../lib/gcc/avr/15.2.0/avrxmega3\libgcc.a(_udivmodhi4.o)
                                 0x6d (size before relaxing)
 .debug_str     0x00000c4e        0x0 C:/Users/Kacper/scoop/apps/avr-gcc/15.2.0/bin/../lib/gcc/avr/15.2.0/avrxmega3\libgcc.a(_divmodhi4.o)
                                 0x6d (size before relaxing)
 .debug_str     0x00000c4e        0x0 C:/Users/Kacper/scoop/apps/avr-gcc/15.2.0/bin/../lib/gcc/avr/15.2.0/avrxmega3\libgcc.a(_udivmodsi4.o)
                                 0x6d (size before relaxing)
 .debug_str     0x00000c4e        0x0 C:/Users/Kacper/scoop/apps/avr-gcc/15.2.0/bin/../lib/gcc/avr/15.2.0/avrxmega3\libgcc.a(_divmodsi4.o)
                                 0x6d (size before relaxing)
 .debug_str     0x00000c4e        0x0 C:/Users/Kacper/scoop/apps/avr-gcc/15.2.0/bin/../lib/gcc/avr/15.2.0/avrxmega3\libgcc.a(_negsi2.o)
                                 0x6d (size before relaxing)
 .debug_str     0x00000c4e        0x0 C:/Users/Kacper/scoop/apps/avr-gcc/15.2.0/bin/../lib/gcc/avr/15.2.0/avrxmega3\libgcc.a(_clear_bss.o)
                                 0x6d (size before relaxing)
 .debug_str     0x00000c4e        0x0 C:/Users/Kacper/scoop/apps/avr-gcc/15.2.0/bin/../lib/gcc/avr/15.2.0/avrxmega3\libgcc.a(_usmulhisi3.o)
                                 0x6d (size before relaxing)
 .debug_str     0x00000c4e        0x0 C:/Users/Kacper/scoop/apps/avr-gcc/15.2.0/bin/../lib/gcc/avr/15.2.0/avrxmega3\libgcc.a(_muluhisi3.o)
                                 0x6d (size before relaxing)
 .debug_str     0x00000c4e        0x0 C:/Users/Kacper/scoop/apps/avr-gcc/15.2.0/bin/../lib/gcc/avr/15.2.0/avrxmega3\libgcc.a(_muldi3.o)
                                 0x6d (size before relaxing)
 .debug_str     0x00000c4e        0x0 C:/Users/Kacper/scoop/apps/avr-gcc/15.2.0/bin/../lib/gcc/avr/15.2.0/avrxmega3\libgcc.a(_muldi3_6.o)
                                 0x6d (size before relaxing)
 .debug_str     0x00000c4e        0x0 C:/Users/Kacper/scoop/apps/avr-gcc/15.2.0/bin/../lib/gcc/avr/15.2.0/avrxmega3\libgcc.a(_mulsidi3.o)
                                 0x6d (size before relaxing)
 .debug_str     0x00000c4e        0x0 C:/Users/Kacper/scoop/apps/avr-gcc/15.2.0/bin/../lib/gcc/avr/15.2.0/avrxmega3\libgcc.a(_umulsidi3.o)
                                 0x6d (size before relaxing)
 .debug_str     0x00000c4e        0x0 C:/Users/Kacper/scoop/apps/avr-gcc/15.2.0/bin/../lib/gcc/avr/15.2.0/avrxmega3\libgcc.a(_divdi3.o)
                                 0x6d (size before relaxing)
 .debug_str     0x00000c4e        0x0 C:/Users/Kacper/scoop/apps/avr-gcc/15.2.0/bin/../lib/gcc/avr/15.2.0/avrxmega3\libgcc.a(_udivdi3.o)
                                 0x6d (size before relaxing)
 .debug_str     0x00000c4e        0x0 C:/Users/Kacper/scoop/apps/avr-gcc/15.2.0/bin/../lib/gcc/avr/15.2.0/avrxmega3\libgcc.a(_udivmod64.o)
                                 0x6d (size before relaxing)
 .debug_str     0x00000c4e        0x0 C:/Users/Kacper/scoop/apps/avr-gcc/15.2.0/bin/../lib/gcc/avr/15.2.0/avrxmega3\libgcc.a(_negdi2.o)
                                 0x6d (size before relaxing)
 .debug_str     0x00000c4e        0x0 C:/Users/Kacper/scoop/apps/avr-gcc/15.2.0/bin/../lib/gcc/avr/15.2.0/avrxmega3\libgcc.a(_prologue.o)
                                 0x6d (size before relaxing)
 .debug_str     0x00000c4e        0x0 C:/Users/Kacper/scoop/apps/avr-gcc/15.2.0/bin/../lib/gcc/avr/15.2.0/avrxmega3\libgcc.a(_epilogue.o)
                                 0x6d (size before relaxing)

.debug_loc
 *(.debug_loc)

.debug_macinfo
 *(.debug_macinfo)

.debug_weaknames
 *(.debug_weaknames)

.debug_funcnames
 *(.debug_funcnames)

.debug_typenames
 *(.debug_typenames)

.debug_varnames
 *(.debug_varnames)

.debug_pubtypes
 *(.debug_pubtypes)

.debug_ranges
 *(.debug_ranges)

.debug_addr
 *(.debug_addr)

.debug_line_str
                0x00000000       0x61
 *(.debug_line_str)
 .debug_line_str
                0x00000000       0x61 C:/Users/Kacper/scoop/apps/avr-gcc/15.2.0/bin/../lib/gcc/avr/15.2.0/avrxmega3\libgcc.a(_exit.o)
 .debug_line_str
                0x00000061        0x0 C:/Users/Kacper/scoop/apps/avr-gcc/15.2.0/bin/../lib/gcc/avr/15.2.0/avrxmega3\libgcc.a(_umulhisi3.o)
                                 0x61 (size before relaxing)
 .debug_line_str
                0x00000061        0x0 C:/Users/Kacper/scoop/apps/avr-gcc/15.2.0/bin/../lib/gcc/avr/15.2.0/avrxmega3\libgcc.a(_udivmodhi4.o)
                                 0x61 (size before relaxing)
 .debug_line_str
                0x00000061        0x0 C:/Users/Kacper/scoop/apps/avr-gcc/15.2.0/bin/../lib/gcc/avr/15.2.0/avrxmega3\libgcc.a(_divmodhi4.o)
                                 0x61 (size before relaxing)
 .debug_line_str
                0x00000061        0x0 C:/Users/Kacper/scoop/apps/avr-gcc/15.2.0/bin/../lib/gcc/avr/15.2.0/avrxmega3\libgcc.a(_udivmodsi4.o)
                                 0x61 (size before relaxing)
 .debug_line_str
                0x00000061        0x0 C:/Users/Kacper/scoop/apps/avr-gcc/15.2.0/bin/../lib/gcc/avr/15.2.0/avrxmega3\libgcc.a(_divmodsi4.o)
                                 0x61 (size before relaxing)
 .debug_line_str
                0x00000061        0x0 C:/Users/Kacper/scoop/apps/avr-gcc/15.2.0/bin/../lib/gcc/avr/15.2.0/avrxmega3\libgcc.a(_negsi2.o)
                                 0x61 (size before relaxing)
 .debug_line_str
                0x00000061        0x0 C:/Users/Kacper/scoop/apps/avr-gcc/15.2.0/bin/../lib/gcc/avr/15.2.0/avrxmega3\libgcc.a(_clear_bss.o)
                                 0x61 (size before relaxing)
 .debug_line_str
                0x00000061        0x0 C:/Users/Kacper/scoop/apps/avr-gcc/15.2.0/bin/../lib/gcc/avr/15.2.0/avrxmega3\libgcc.a(_usmulhisi3.o)
                                 0x61 (size before relaxing)
 .debug_line_str
                0x00000061        0x0 C:/Users/Kacper/scoop/apps/avr-gcc/15.2.0/bin/../lib/gcc/avr/15.2.0/avrxmega3\libgcc.a(_muluhisi3.o)
                                 0x61 (size before relaxing)
 .debug_line_str
                0x00000061        0x0 C:/Users/Kacper/scoop/apps/avr-gcc/15.2.0/bin/../lib/gcc/avr/15.2.0/avrxmega3\libgcc.a(_muldi3.o)
                                 0x61 (size before relaxing)
 .debug_line_str
                0x00000061        0x0 C:/Users/Kacper/scoop/apps/avr-gcc/15.2.0/bin/../lib/gcc/avr/15.2.0/avrxmega3\libgcc.a(_muldi3_6.o)
                                 0x61 (size before relaxing)
 .debug_line_str
                0x00000061        0x0 C:/Users/Kacper/scoop/apps/avr-gcc/15.2.0/bin/../lib/gcc/avr/15.2.0/avrxmega3\libgcc.a(_mulsidi3.o)
                                 0x61 (size before relaxing)
 .debug_line_str
                0x00000061        0x0 C:/Users/Kacper/scoop/apps/avr-gcc/15.2.0/bin/../lib/gcc/avr/15.2.0/avrxmega3\libgcc.a(_umulsidi3.o)
                                 0x61 (size before relaxing)
 .debug_line_str
                0x00000061        0x0 C:/Users/Kacper/scoop/apps/avr-gcc/15.2.0/bin/../lib/gcc/avr/15.2.0/avrxmega3\libgcc.a(_divdi3.o)
                                 0x61 (size before relaxing)
 .debug_line_str
                0x00000061        0x0 C:/Users/Kacper/scoop/apps/avr-gcc/15.2.0/bin/../lib/gcc/avr/15.2.0/avrxmega3\libgcc.a(_udivdi3.o)
                                 0x61 (size before relaxing)
 .debug_line_str
                0x00000061        0x0 C:/Users/Kacper/scoop/apps/avr-gcc/15.2.0/bin/../lib/gcc/avr/15.2.0/avrxmega3\libgcc.a(_udivmod64.o)
                                 0x61 (size before relaxing)
 .debug_line_str
                0x00000061        0x0 C:/Users/Kacper/scoop/apps/avr-gcc/15.2.0/bin/../lib/gcc/avr/15.2.0/avrxmega3\libgcc.a(_negdi2.o)
                                 0x61 (size before relaxing)
 .debug_line_str
                0x00000061        0x0 C:/Users/Kacper/scoop/apps/avr-gcc/15.2.0/bin/../lib/gcc/avr/15.2.0/avrxmega3\libgcc.a(_prologue.o)
                                 0x61 (size before relaxing)
 .debug_line_str
                0x00000061        0x0 C:/Users/Kacper/scoop/apps/avr-gcc/15.2.0/bin/../lib/gcc/avr/15.2.0/avrxmega3\libgcc.a(_epilogue.o)
                                 0x61 (size before relaxing)

.debug_loclists
 *(.debug_loclists)

.debug_macro
 *(.debug_macro)

.debug_names
 *(.debug_names)

.debug_rnglists
 *(.debug_rnglists)

.debug_str_offsets
 *(.debug_str_offsets)

.debug_sup
 *(.debug_sup)
OUTPUT(main.elf elf32-avr)
LOAD linker stubs
