Archive member included to satisfy reference by file (symbol)

C:/Users/Kacper/scoop/apps/avr-gcc/15.2.0/bin/../lib/gcc/avr/15.2.0/avrxmega3\libgcc.a(_exit.o)
                              C:/Users/Kacper/scoop/apps/avr-gcc/15.2.0/bin/../lib/gcc/avr/15.2.0/../../../../avr/lib/avrxmega3/crtattiny1616.o (exit)
C:/Users/Kacper/scoop/apps/avr-gcc/15.2.0/bin/../lib/gcc/avr/15.2.0/../../../../avr/lib/avrxmega3\libm.a(log.o)
                              C:\Users\Kacper\AppData\Local\Temp\ccqfXyN4.o (symbol from plugin) (logf)
C:/Users/Kacper/scoop/apps/avr-gcc/15.2.0/bin/../lib/gcc/avr/15.2.0/../../../../avr/lib/avrxmega3\libm.a(mulsf3x.o)
                              C:/Users/Kacper/scoop/apps/avr-gcc/15.2.0/bin/../lib/gcc/avr/15.2.0/../../../../avr/lib/avrxmega3\libm.a(log.o) (__mulsf3x)
C:/Users/Kacper/scoop/apps/avr-gcc/15.2.0/bin/../lib/gcc/avr/15.2.0/../../../../avr/lib/avrxmega3\libm.a(addsf3.o)
                              C:/Users/Kacper/scoop/apps/avr-gcc/15.2.0/bin/../lib/gcc/avr/15.2.0/../../../../avr/lib/avrxmega3\libm.a(log.o) (__addsf3)
C:/Users/Kacper/scoop/apps/avr-gcc/15.2.0/bin/../lib/gcc/avr/15.2.0/../../../../avr/lib/avrxmega3\libm.a(addsf3x.o)
                              C:/Users/Kacper/scoop/apps/avr-gcc/15.2.0/bin/../lib/gcc/avr/15.2.0/../../../../avr/lib/avrxmega3\libm.a(log.o) (__addsf3x)
C:/Users/Kacper/scoop/apps/avr-gcc/15.2.0/bin/../lib/gcc/avr/15.2.0/../../../../avr/lib/avrxmega3\libm.a(floatsisf.o)
                              C:/Users/Kacper/scoop/apps/avr-gcc/15.2.0/bin/../lib/gcc/avr/15.2.0/../../../../avr/lib/avrxmega3\libm.a(log.o) (__floatsisf)
C:/Users/Kacper/scoop/apps/avr-gcc/15.2.0/bin/../lib/gcc/avr/15.2.0/../../../../avr/lib/avrxmega3\libm.a(fp_inf.o)
                              C:/Users/Kacper/scoop/apps/avr-gcc/15.2.0/bin/../lib/gcc/avr/15.2.0/../../../../avr/lib/avrxmega3\libm.a(log.o) (__fp_inf)
C:/Users/Kacper/scoop/apps/avr-gcc/15.2.0/bin/../lib/gcc/avr/15.2.0/../../../../avr/lib/avrxmega3\libm.a(fp_mpack.o)
                              C:/Users/Kacper/scoop/apps/avr-gcc/15.2.0/bin/../lib/gcc/avr/15.2.0/../../../../avr/lib/avrxmega3\libm.a(log.o) (__fp_mpack)
C:/Users/Kacper/scoop/apps/avr-gcc/15.2.0/bin/../lib/gcc/avr/15.2.0/../../../../avr/lib/avrxmega3\libm.a(fp_nan.o)
                              C:/Users/Kacper/scoop/apps/avr-gcc/15.2.0/bin/../lib/gcc/avr/15.2.0/../../../../avr/lib/avrxmega3\libm.a(log.o) (__fp_nan)
C:/Users/Kacper/scoop/apps/avr-gcc/15.2.0/bin/../lib/gcc/avr/15.2.0/../../../../avr/lib/avrxmega3\libm.a(fp_powser.o)
                              C:/Users/Kacper/scoop/apps/avr-gcc/15.2.0/bin/../lib/gcc/avr/15.2.0/../../../../avr/lib/avrxmega3\libm.a(log.o) (__fp_powser)
C:/Users/Kacper/scoop/apps/avr-gcc/15.2.0/bin/../lib/gcc/avr/15.2.0/../../../../avr/lib/avrxmega3\libm.a(fp_pscA.o)
                              C:/Users/Kacper/scoop/apps/avr-gcc/15.2.0/bin/../lib/gcc/avr/15.2.0/../../../../avr/lib/avrxmega3\libm.a(mulsf3x.o) (__fp_pscA)
C:/Users/Kacper/scoop/apps/avr-gcc/15.2.0/bin/../lib/gcc/avr/15.2.0/../../../../avr/lib/avrxmega3\libm.a(fp_pscB.o)
                              C:/Users/Kacper/scoop/apps/avr-gcc/15.2.0/bin/../lib/gcc/avr/15.2.0/../../../../avr/lib/avrxmega3\libm.a(mulsf3x.o) (__fp_pscB)
C:/Users/Kacper/scoop/apps/avr-gcc/15.2.0/bin/../lib/gcc/avr/15.2.0/../../../../avr/lib/avrxmega3\libm.a(fp_round.o)
                              C:/Users/Kacper/scoop/apps/avr-gcc/15.2.0/bin/../lib/gcc/avr/15.2.0/../../../../avr/lib/avrxmega3\libm.a(log.o) (__fp_round)
C:/Users/Kacper/scoop/apps/avr-gcc/15.2.0/bin/../lib/gcc/avr/15.2.0/../../../../avr/lib/avrxmega3\libm.a(fp_split3.o)
                              C:/Users/Kacper/scoop/apps/avr-gcc/15.2.0/bin/../lib/gcc/avr/15.2.0/../../../../avr/lib/avrxmega3\libm.a(mulsf3x.o) (__fp_split3)
C:/Users/Kacper/scoop/apps/avr-gcc/15.2.0/bin/../lib/gcc/avr/15.2.0/../../../../avr/lib/avrxmega3\libm.a(fp_zero.o)
                              C:/Users/Kacper/scoop/apps/avr-gcc/15.2.0/bin/../lib/gcc/avr/15.2.0/../../../../avr/lib/avrxmega3\libm.a(addsf3x.o) (__fp_zero)
C:/Users/Kacper/scoop/apps/avr-gcc/15.2.0/bin/../lib/gcc/avr/15.2.0/avrxmega3\libgcc.a(_udivmodhi4.o)
                              C:\Users\Kacper\AppData\Local\Temp\cc9w5FzF.ltrans0.ltrans.o (__udivmodhi4)
C:/Users/Kacper/scoop/apps/avr-gcc/15.2.0/bin/../lib/gcc/avr/15.2.0/avrxmega3\libgcc.a(_divmodhi4.o)
                              C:\Users\Kacper\AppData\Local\Temp\cc9w5FzF.ltrans0.ltrans.o (__divmodhi4)
C:/Users/Kacper/scoop/apps/avr-gcc/15.2.0/bin/../lib/gcc/avr/15.2.0/avrxmega3\libgcc.a(_divmodsi4.o)
                              C:\Users\Kacper\AppData\Local\Temp\cc9w5FzF.ltrans0.ltrans.o (__divmodsi4)
C:/Users/Kacper/scoop/apps/avr-gcc/15.2.0/bin/../lib/gcc/avr/15.2.0/avrxmega3\libgcc.a(_negsi2.o)
                              C:/Users/Kacper/scoop/apps/avr-gcc/15.2.0/bin/../lib/gcc/avr/15.2.0/avrxmega3\libgcc.a(_divmodsi4.o) (__negsi2)
C:/Users/Kacper/scoop/apps/avr-gcc/15.2.0/bin/../lib/gcc/avr/15.2.0/avrxmega3\libgcc.a(_clear_bss.o)
                              C:\Users\Kacper\AppData\Local\Temp\cc9w5FzF.ltrans0.ltrans.o (__do_clear_bss)
C:/Users/Kacper/scoop/apps/avr-gcc/15.2.0/bin/../lib/gcc/avr/15.2.0/avrxmega3\libgcc.a(_usmulhisi3.o)
                              C:\Users\Kacper\AppData\Local\Temp\cc9w5FzF.ltrans0.ltrans.o (__usmulhisi3)
C:/Users/Kacper/scoop/apps/avr-gcc/15.2.0/bin/../lib/gcc/avr/15.2.0/avrxmega3\libgcc.a(_mulsidi3.o)
                              C:\Users\Kacper\AppData\Local\Temp\cc9w5FzF.ltrans0.ltrans.o (__mulsidi3)
C:/Users/Kacper/scoop/apps/avr-gcc/15.2.0/bin/../lib/gcc/avr/15.2.0/avrxmega3\libgcc.a(_umulsidi3.o)
                              C:/Users/Kacper/scoop/apps/avr-gcc/15.2.0/bin/../lib/gcc/avr/15.2.0/avrxmega3\libgcc.a(_mulsidi3.o) (__umulsidi3_helper)
C:/Users/Kacper/scoop/apps/avr-gcc/15.2.0/bin/../lib/gcc/avr/15.2.0/avrxmega3\libgcc.a(_divdi3.o)
                              C:\Users\Kacper\AppData\Local\Temp\cc9w5FzF.ltrans0.ltrans.o (__divdi3)
C:/Users/Kacper/scoop/apps/avr-gcc/15.2.0/bin/../lib/gcc/avr/15.2.0/avrxmega3\libgcc.a(_udivdi3.o)
                              C:/Users/Kacper/scoop/apps/avr-gcc/15.2.0/bin/../lib/gcc/avr/15.2.0/avrxmega3\libgcc.a(_divdi3.o) (__udivdi3_umoddi3)
C:/Users/Kacper/scoop/apps/avr-gcc/15.2.0/bin/../lib/gcc/avr/15.2.0/avrxmega3\libgcc.a(_udivmod64.o)
                              C:/Users/Kacper/scoop/apps/avr-gcc/15.2.0/bin/../lib/gcc/avr/15.2.0/avrxmega3\libgcc.a(_divdi3.o) (__udivmod64)
C:/Users/Kacper/scoop/apps/avr-gcc/15.2.0/bin/../lib/gcc/avr/15.2.0/avrxmega3\libgcc.a(_negdi2.o)
                              C:/Users/Kacper/scoop/apps/avr-gcc/15.2.0/bin/../lib/gcc/avr/15.2.0/avrxmega3\libgcc.a(_divdi3.o) (__negdi2)
C:/Users/Kacper/scoop/apps/avr-gcc/15.2.0/bin/../lib/gcc/avr/15.2.0/avrxmega3\libgcc.a(_prologue.o)
                              C:/Users/Kacper/scoop/apps/avr-gcc/15.2.0/bin/../lib/gcc/avr/15.2.0/avrxmega3\libgcc.a(_divdi3.o) (__prologue_saves__)
C:/Users/Kacper/scoop/apps/avr-gcc/15.2.0/bin/../lib/gcc/avr/15.2.0/avrxmega3\libgcc.a(_epilogue.o)
                              C:/Users/Kacper/scoop/apps/avr-gcc/15.2.0/bin/../lib/gcc/avr/15.2.0/avrxmega3\libgcc.a(_divdi3.o) (__epilogue_restores__)
C:/Users/Kacper/scoop/apps/avr-gcc/15.2.0/bin/../lib/gcc/avr/15.2.0/avrxmega3\libgcc.a(_umulhisi3.o)
                              C:/Users/Kacper/scoop/apps/avr-gcc/15.2.0/bin/../lib/gcc/avr/15.2.0/avrxmega3\libgcc.a(_usmulhisi3.o) (__umulhisi3)
C:/Users/Kacper/scoop/apps/avr-gcc/15.2.0/bin/../lib/gcc/avr/15.2.0/avrxmega3\libgcc.a(_udivmodsi4.o)
                              C:/Users/Kacper/scoop/apps/avr-gcc/15.2.0/bin/../lib/gcc/avr/15.2.0/avrxmega3\libgcc.a(_divmodsi4.o) (__udivmodsi4)
C:/Users/Kacper/scoop/apps/avr-gcc/15.2.0/bin/../lib/gcc/avr/15.2.0/avrxmega3\libgcc.a(_muldi3_6.o)
                              C:/Users/Kacper/scoop/apps/avr-gcc/15.2.0/bin/../lib/gcc/avr/15.2.0/avrxmega3\libgcc.a(_umulsidi3.o) (__muldi3_6)
C:/Users/Kacper/scoop/apps/avr-gcc/15.2.0/bin/../lib/gcc/avr/15.2.0/../../../../avr/lib/avrxmega3\libm.a(divsf3.o)
                              C:\Users\Kacper\AppData\Local\Temp\cc9w5FzF.ltrans0.ltrans.o (__divsf3)
C:/Users/Kacper/scoop/apps/avr-gcc/15.2.0/bin/../lib/gcc/avr/15.2.0/../../../../avr/lib/avrxmega3\libm.a(divsf3x.o)
                              C:/Users/Kacper/scoop/apps/avr-gcc/15.2.0/bin/../lib/gcc/avr/15.2.0/../../../../avr/lib/avrxmega3\libm.a(divsf3.o) (__divsf3x)
C:/Users/Kacper/scoop/apps/avr-gcc/15.2.0/bin/../lib/gcc/avr/15.2.0/../../../../avr/lib/avrxmega3\libm.a(fixsfsi.o)
                              C:\Users\Kacper\AppData\Local\Temp\cc9w5FzF.ltrans0.ltrans.o (__fixsfsi)
C:/Users/Kacper/scoop/apps/avr-gcc/15.2.0/bin/../lib/gcc/avr/15.2.0/../../../../avr/lib/avrxmega3\libm.a(fixunssfsi.o)
                              C:/Users/Kacper/scoop/apps/avr-gcc/15.2.0/bin/../lib/gcc/avr/15.2.0/../../../../avr/lib/avrxmega3\libm.a(fixsfsi.o) (__fixunssfsi)
C:/Users/Kacper/scoop/apps/avr-gcc/15.2.0/bin/../lib/gcc/avr/15.2.0/../../../../avr/lib/avrxmega3\libm.a(gesf2.o)
                              C:\Users\Kacper\AppData\Local\Temp\cc9w5FzF.ltrans0.ltrans.o (__gesf2)
C:/Users/Kacper/scoop/apps/avr-gcc/15.2.0/bin/../lib/gcc/avr/15.2.0/../../../../avr/lib/avrxmega3\libm.a(mulsf3.o)
                              C:\Users\Kacper\AppData\Local\Temp\cc9w5FzF.ltrans0.ltrans.o (__mulsf3)
C:/Users/Kacper/scoop/apps/avr-gcc/15.2.0/bin/../lib/gcc/avr/15.2.0/../../../../avr/lib/avrxmega3\libm.a(fp_cmp.o)
                              C:/Users/Kacper/scoop/apps/avr-gcc/15.2.0/bin/../lib/gcc/avr/15.2.0/../../../../avr/lib/avrxmega3\libm.a(gesf2.o) (__fp_cmp)

Discarded input sections

 .data          0x00000000        0x0 C:/Users/Kacper/scoop/apps/avr-gcc/15.2.0/bin/../lib/gcc/avr/15.2.0/../../../../avr/lib/avrxmega3/crtattiny1616.o
 .bss           0x00000000        0x0 C:/Users/Kacper/scoop/apps/avr-gcc/15.2.0/bin/../lib/gcc/avr/15.2.0/../../../../avr/lib/avrxmega3/crtattiny1616.o
 .text          0x00000000        0x0 C:\Users\Kacper\AppData\Local\Temp\cc9w5FzF.ltrans0.ltrans.o
 .data          0x00000000        0x0 C:\Users\Kacper\AppData\Local\Temp\cc9w5FzF.ltrans0.ltrans.o
 .bss           0x00000000        0x0 C:\Users\Kacper\AppData\Local\Temp\cc9w5FzF.ltrans0.ltrans.o
 .text          0x00000000        0x0 C:/Users/Kacper/scoop/apps/avr-gcc/15.2.0/bin/../lib/gcc/avr/15.2.0/avrxmega3\libgcc.a(_exit.o)
 .data          0x00000000        0x0 C:/Users/Kacper/scoop/apps/avr-gcc/15.2.0/bin/../lib/gcc/avr/15.2.0/avrxmega3\libgcc.a(_exit.o)
 .bss           0x00000000        0x0 C:/Users/Kacper/scoop/apps/avr-gcc/15.2.0/bin/../lib/gcc/avr/15.2.0/avrxmega3\libgcc.a(_exit.o)
 .text.libgcc.mul
                0x00000000        0x0 C:/Users/Kacper/scoop/apps/avr-gcc/15.2.0/bin/../lib/gcc/avr/15.2.0/avrxmega3\libgcc.a(_exit.o)
 .text.libgcc.div
                0x00000000        0x0 C:/Users/Kacper/scoop/apps/avr-gcc/15.2.0/bin/../lib/gcc/avr/15.2.0/avrxmega3\libgcc.a(_exit.o)
 .text.libgcc   0x00000000        0x0 C:/Users/Kacper/scoop/apps/avr-gcc/15.2.0/bin/../lib/gcc/avr/15.2.0/avrxmega3\libgcc.a(_exit.o)
 .text.libgcc.prologue
                0x00000000        0x0 C:/Users/Kacper/scoop/apps/avr-gcc/15.2.0/bin/../lib/gcc/avr/15.2.0/avrxmega3\libgcc.a(_exit.o)
 .text.libgcc.builtins
                0x00000000        0x0 C:/Users/Kacper/scoop/apps/avr-gcc/15.2.0/bin/../lib/gcc/avr/15.2.0/avrxmega3\libgcc.a(_exit.o)
 .text.libgcc.fmul
                0x00000000        0x0 C:/Users/Kacper/scoop/apps/avr-gcc/15.2.0/bin/../lib/gcc/avr/15.2.0/avrxmega3\libgcc.a(_exit.o)
 .text.libgcc.fixed
                0x00000000        0x0 C:/Users/Kacper/scoop/apps/avr-gcc/15.2.0/bin/../lib/gcc/avr/15.2.0/avrxmega3\libgcc.a(_exit.o)
 .text          0x00000000        0x0 C:/Users/Kacper/scoop/apps/avr-gcc/15.2.0/bin/../lib/gcc/avr/15.2.0/avrxmega3\libgcc.a(_udivmodhi4.o)
 .data          0x00000000        0x0 C:/Users/Kacper/scoop/apps/avr-gcc/15.2.0/bin/../lib/gcc/avr/15.2.0/avrxmega3\libgcc.a(_udivmodhi4.o)
 .bss           0x00000000        0x0 C:/Users/Kacper/scoop/apps/avr-gcc/15.2.0/bin/../lib/gcc/avr/15.2.0/avrxmega3\libgcc.a(_udivmodhi4.o)
 .text.libgcc.mul
                0x00000000        0x0 C:/Users/Kacper/scoop/apps/avr-gcc/15.2.0/bin/../lib/gcc/avr/15.2.0/avrxmega3\libgcc.a(_udivmodhi4.o)
 .text.libgcc   0x00000000        0x0 C:/Users/Kacper/scoop/apps/avr-gcc/15.2.0/bin/../lib/gcc/avr/15.2.0/avrxmega3\libgcc.a(_udivmodhi4.o)
 .text.libgcc.prologue
                0x00000000        0x0 C:/Users/Kacper/scoop/apps/avr-gcc/15.2.0/bin/../lib/gcc/avr/15.2.0/avrxmega3\libgcc.a(_udivmodhi4.o)
 .text.libgcc.builtins
                0x00000000        0x0 C:/Users/Kacper/scoop/apps/avr-gcc/15.2.0/bin/../lib/gcc/avr/15.2.0/avrxmega3\libgcc.a(_udivmodhi4.o)
 .text.libgcc.fmul
                0x00000000        0x0 C:/Users/Kacper/scoop/apps/avr-gcc/15.2.0/bin/../lib/gcc/avr/15.2.0/avrxmega3\libgcc.a(_udivmodhi4.o)
 .text.libgcc.fixed
                0x00000000        0x0 C:/Users/Kacper/scoop/apps/avr-gcc/15.2.0/bin/../lib/gcc/avr/15.2.0/avrxmega3\libgcc.a(_udivmodhi4.o)
 .text          0x00000000        0x0 C:/Users/Kacper/scoop/apps/avr-gcc/15.2.0/bin/../lib/gcc/avr/15.2.0/avrxmega3\libgcc.a(_divmodhi4.o)
 .data          0x00000000        0x0 C:/Users/Kacper/scoop/apps/avr-gcc/15.2.0/bin/../lib/gcc/avr/15.2.0/avrxmega3\libgcc.a(_divmodhi4.o)
 .bss           0x00000000        0x0 C:/Users/Kacper/scoop/apps/avr-gcc/15.2.0/bin/../lib/gcc/avr/15.2.0/avrxmega3\libgcc.a(_divmodhi4.o)
 .text.libgcc.mul
                0x00000000        0x0 C:/Users/Kacper/scoop/apps/avr-gcc/15.2.0/bin/../lib/gcc/avr/15.2.0/avrxmega3\libgcc.a(_divmodhi4.o)
 .text.libgcc   0x00000000        0x0 C:/Users/Kacper/scoop/apps/avr-gcc/15.2.0/bin/../lib/gcc/avr/15.2.0/avrxmega3\libgcc.a(_divmodhi4.o)
 .text.libgcc.prologue
                0x00000000        0x0 C:/Users/Kacper/scoop/apps/avr-gcc/15.2.0/bin/../lib/gcc/avr/15.2.0/avrxmega3\libgcc.a(_divmodhi4.o)
 .text.libgcc.builtins
                0x00000000        0x0 C:/Users/Kacper/scoop/apps/avr-gcc/15.2.0/bin/../lib/gcc/avr/15.2.0/avrxmega3\libgcc.a(_divmodhi4.o)
 .text.libgcc.fmul
                0x00000000        0x0 C:/Users/Kacper/scoop/apps/avr-gcc/15.2.0/bin/../lib/gcc/avr/15.2.0/avrxmega3\libgcc.a(_divmodhi4.o)
 .text.libgcc.fixed
                0x00000000        0x0 C:/Users/Kacper/scoop/apps/avr-gcc/15.2.0/bin/../lib/gcc/avr/15.2.0/avrxmega3\libgcc.a(_divmodhi4.o)
 .text          0x00000000        0x0 C:/Users/Kacper/scoop/apps/avr-gcc/15.2.0/bin/../lib/gcc/avr/15.2.0/avrxmega3\libgcc.a(_divmodsi4.o)
 .data          0x00000000        0x0 C:/Users/Kacper/scoop/apps/avr-gcc/15.2.0/bin/../lib/gcc/avr/15.2.0/avrxmega3\libgcc.a(_divmodsi4.o)
 .bss           0x00000000        0x0 C:/Users/Kacper/scoop/apps/avr-gcc/15.2.0/bin/../lib/gcc/avr/15.2.0/avrxmega3\libgcc.a(_divmodsi4.o)
 .text.libgcc.mul
                0x00000000        0x0 C:/Users/Kacper/scoop/apps/avr-gcc/15.2.0/bin/../lib/gcc/avr/15.2.0/avrxmega3\libgcc.a(_divmodsi4.o)
 .text.libgcc   0x00000000        0x0 C:/Users/Kacper/scoop/apps/avr-gcc/15.2.0/bin/../lib/gcc/avr/15.2.0/avrxmega3\libgcc.a(_divmodsi4.o)
 .text.libgcc.prologue
                0x00000000        0x0 C:/Users/Kacper/scoop/apps/avr-gcc/15.2.0/bin/../lib/gcc/avr/15.2.0/avrxmega3\libgcc.a(_divmodsi4.o)
 .text.libgcc.builtins
                0x00000000        0x0 C:/Users/Kacper/scoop/apps/avr-gcc/15.2.0/bin/../lib/gcc/avr/15.2.0/avrxmega3\libgcc.a(_divmodsi4.o)
 .text.libgcc.fmul
                0x00000000        0x0 C:/Users/Kacper/scoop/apps/avr-gcc/15.2.0/bin/../lib/gcc/avr/15.2.0/avrxmega3\libgcc.a(_divmodsi4.o)
 .text.libgcc.fixed
                0x00000000        0x0 C:/Users/Kacper/scoop/apps/avr-gcc/15.2.0/bin/../lib/gcc/avr/15.2.0/avrxmega3\libgcc.a(_divmodsi4.o)
 .text          0x00000000        0x0 C:/Users/Kacper/scoop/apps/avr-gcc/15.2.0/bin/../lib/gcc/avr/15.2.0/avrxmega3\libgcc.a(_negsi2.o)
 .data          0x00000000        0x0 C:/Users/Kacper/scoop/apps/avr-gcc/15.2.0/bin/../lib/gcc/avr/15.2.0/avrxmega3\libgcc.a(_negsi2.o)
 .bss           0x00000000        0x0 C:/Users/Kacper/scoop/apps/avr-gcc/15.2.0/bin/../lib/gcc/avr/15.2.0/avrxmega3\libgcc.a(_negsi2.o)
 .text.libgcc.mul
                0x00000000        0x0 C:/Users/Kacper/scoop/apps/avr-gcc/15.2.0/bin/../lib/gcc/avr/15.2.0/avrxmega3\libgcc.a(_negsi2.o)
 .text.libgcc   0x00000000        0x0 C:/Users/Kacper/scoop/apps/avr-gcc/15.2.0/bin/../lib/gcc/avr/15.2.0/avrxmega3\libgcc.a(_negsi2.o)
 .text.libgcc.prologue
                0x00000000        0x0 C:/Users/Kacper/scoop/apps/avr-gcc/15.2.0/bin/../lib/gcc/avr/15.2.0/avrxmega3\libgcc.a(_negsi2.o)
 .text.libgcc.builtins
                0x00000000        0x0 C:/Users/Kacper/scoop/apps/avr-gcc/15.2.0/bin/../lib/gcc/avr/15.2.0/avrxmega3\libgcc.a(_negsi2.o)
 .text.libgcc.fmul
                0x00000000        0x0 C:/Users/Kacper/scoop/apps/avr-gcc/15.2.0/bin/../lib/gcc/avr/15.2.0/avrxmega3\libgcc.a(_negsi2.o)
 .text.libgcc.fixed
                0x00000000        0x0 C:/Users/Kacper/scoop/apps/avr-gcc/15.2.0/bin/../lib/gcc/avr/15.2.0/avrxmega3\libgcc.a(_negsi2.o)
 .text          0x00000000        0x0 C:/Users/Kacper/scoop/apps/avr-gcc/15.2.0/bin/../lib/gcc/avr/15.2.0/avrxmega3\libgcc.a(_clear_bss.o)
 .data          0x00000000        0x0 C:/Users/Kacper/scoop/apps/avr-gcc/15.2.0/bin/../lib/gcc/avr/15.2.0/avrxmega3\libgcc.a(_clear_bss.o)
 .bss           0x00000000        0x0 C:/Users/Kacper/scoop/apps/avr-gcc/15.2.0/bin/../lib/gcc/avr/15.2.0/avrxmega3\libgcc.a(_clear_bss.o)
 .text.libgcc.mul
                0x00000000        0x0 C:/Users/Kacper/scoop/apps/avr-gcc/15.2.0/bin/../lib/gcc/avr/15.2.0/avrxmega3\libgcc.a(_clear_bss.o)
 .text.libgcc.div
                0x00000000        0x0 C:/Users/Kacper/scoop/apps/avr-gcc/15.2.0/bin/../lib/gcc/avr/15.2.0/avrxmega3\libgcc.a(_clear_bss.o)
 .text.libgcc   0x00000000        0x0 C:/Users/Kacper/scoop/apps/avr-gcc/15.2.0/bin/../lib/gcc/avr/15.2.0/avrxmega3\libgcc.a(_clear_bss.o)
 .text.libgcc.prologue
                0x00000000        0x0 C:/Users/Kacper/scoop/apps/avr-gcc/15.2.0/bin/../lib/gcc/avr/15.2.0/avrxmega3\libgcc.a(_clear_bss.o)
 .text.libgcc.builtins
                0x00000000        0x0 C:/Users/Kacper/scoop/apps/avr-gcc/15.2.0/bin/../lib/gcc/avr/15.2.0/avrxmega3\libgcc.a(_clear_bss.o)
 .text.libgcc.fmul
                0x00000000        0x0 C:/Users/Kacper/scoop/apps/avr-gcc/15.2.0/bin/../lib/gcc/avr/15.2.0/avrxmega3\libgcc.a(_clear_bss.o)
 .text.libgcc.fixed
                0x00000000        0x0 C:/Users/Kacper/scoop/apps/avr-gcc/15.2.0/bin/../lib/gcc/avr/15.2.0/avrxmega3\libgcc.a(_clear_bss.o)
 .text          0x00000000        0x0 C:/Users/Kacper/scoop/apps/avr-gcc/15.2.0/bin/../lib/gcc/avr/15.2.0/avrxmega3\libgcc.a(_usmulhisi3.o)
 .data          0x00000000        0x0 C:/Users/Kacper/scoop/apps/avr-gcc/15.2.0/bin/../lib/gcc/avr/15.2.0/avrxmega3\libgcc.a(_usmulhisi3.o)
 .bss           0x00000000        0x0 C:/Users/Kacper/scoop/apps/avr-gcc/15.2.0/bin/../lib/gcc/avr/15.2.0/avrxmega3\libgcc.a(_usmulhisi3.o)
 .text.libgcc.div
                0x00000000        0x0 C:/Users/Kacper/scoop/apps/avr-gcc/15.2.0/bin/../lib/gcc/avr/15.2.0/avrxmega3\libgcc.a(_usmulhisi3.o)
 .text.libgcc   0x00000000        0x0 C:/Users/Kacper/scoop/apps/avr-gcc/15.2.0/bin/../lib/gcc/avr/15.2.0/avrxmega3\libgcc.a(_usmulhisi3.o)
 .text.libgcc.prologue
                0x00000000        0x0 C:/Users/Kacper/scoop/apps/avr-gcc/15.2.0/bin/../lib/gcc/avr/15.2.0/avrxmega3\libgcc.a(_usmulhisi3.o)
 .text.libgcc.builtins
                0x00000000        0x0 C:/Users/Kacper/scoop/apps/avr-gcc/15.2.0/bin/../lib/gcc/avr/15.2.0/avrxmega3\libgcc.a(_usmulhisi3.o)
 .text.libgcc.fmul
                0x00000000        0x0 C:/Users/Kacper/scoop/apps/avr-gcc/15.2.0/bin/../lib/gcc/avr/15.2.0/avrxmega3\libgcc.a(_usmulhisi3.o)
 .text.libgcc.fixed
                0x00000000        0x0 C:/Users/Kacper/scoop/apps/avr-gcc/15.2.0/bin/../lib/gcc/avr/15.2.0/avrxmega3\libgcc.a(_usmulhisi3.o)
 .text          0x00000000        0x0 C:/Users/Kacper/scoop/apps/avr-gcc/15.2.0/bin/../lib/gcc/avr/15.2.0/avrxmega3\libgcc.a(_mulsidi3.o)
 .data          0x00000000        0x0 C:/Users/Kacper/scoop/apps/avr-gcc/15.2.0/bin/../lib/gcc/avr/15.2.0/avrxmega3\libgcc.a(_mulsidi3.o)
 .bss           0x00000000        0x0 C:/Users/Kacper/scoop/apps/avr-gcc/15.2.0/bin/../lib/gcc/avr/15.2.0/avrxmega3\libgcc.a(_mulsidi3.o)
 .text.libgcc.div
                0x00000000        0x0 C:/Users/Kacper/scoop/apps/avr-gcc/15.2.0/bin/../lib/gcc/avr/15.2.0/avrxmega3\libgcc.a(_mulsidi3.o)
 .text.libgcc   0x00000000        0x0 C:/Users/Kacper/scoop/apps/avr-gcc/15.2.0/bin/../lib/gcc/avr/15.2.0/avrxmega3\libgcc.a(_mulsidi3.o)
 .text.libgcc.prologue
                0x00000000        0x0 C:/Users/Kacper/scoop/apps/avr-gcc/15.2.0/bin/../lib/gcc/avr/15.2.0/avrxmega3\libgcc.a(_mulsidi3.o)
 .text.libgcc.builtins
                0x00000000        0x0 C:/Users/Kacper/scoop/apps/avr-gcc/15.2.0/bin/../lib/gcc/avr/15.2.0/avrxmega3\libgcc.a(_mulsidi3.o)
 .text.libgcc.fmul
                0x00000000        0x0 C:/Users/Kacper/scoop/apps/avr-gcc/15.2.0/bin/../lib/gcc/avr/15.2.0/avrxmega3\libgcc.a(_mulsidi3.o)
 .text.libgcc.fixed
                0x00000000        0x0 C:/Users/Kacper/scoop/apps/avr-gcc/15.2.0/bin/../lib/gcc/avr/15.2.0/avrxmega3\libgcc.a(_mulsidi3.o)
 .text          0x00000000        0x0 C:/Users/Kacper/scoop/apps/avr-gcc/15.2.0/bin/../lib/gcc/avr/15.2.0/avrxmega3\libgcc.a(_umulsidi3.o)
 .data          0x00000000        0x0 C:/Users/Kacper/scoop/apps/avr-gcc/15.2.0/bin/../lib/gcc/avr/15.2.0/avrxmega3\libgcc.a(_umulsidi3.o)
 .bss           0x00000000        0x0 C:/Users/Kacper/scoop/apps/avr-gcc/15.2.0/bin/../lib/gcc/avr/15.2.0/avrxmega3\libgcc.a(_umulsidi3.o)
 .text.libgcc.div
                0x00000000        0x0 C:/Users/Kacper/scoop/apps/avr-gcc/15.2.0/bin/../lib/gcc/avr/15.2.0/avrxmega3\libgcc.a(_umulsidi3.o)
 .text.libgcc   0x00000000        0x0 C:/Users/Kacper/scoop/apps/avr-gcc/15.2.0/bin/../lib/gcc/avr/15.2.0/avrxmega3\libgcc.a(_umulsidi3.o)
 .text.libgcc.prologue
                0x00000000        0x0 C:/Users/Kacper/scoop/apps/avr-gcc/15.2.0/bin/../lib/gcc/avr/15.2.0/avrxmega3\libgcc.a(_umulsidi3.o)
 .text.libgcc.builtins
                0x00000000        0x0 C:/Users/Kacper/scoop/apps/avr-gcc/15.2.0/bin/../lib/gcc/avr/15.2.0/avrxmega3\libgcc.a(_umulsidi3.o)
 .text.libgcc.fmul
                0x00000000        0x0 C:/Users/Kacper/scoop/apps/avr-gcc/15.2.0/bin/../lib/gcc/avr/15.2.0/avrxmega3\libgcc.a(_umulsidi3.o)
 .text.libgcc.fixed
                0x00000000        0x0 C:/Users/Kacper/scoop/apps/avr-gcc/15.2.0/bin/../lib/gcc/avr/15.2.0/avrxmega3\libgcc.a(_umulsidi3.o)
 .text          0x00000000        0x0 C:/Users/Kacper/scoop/apps/avr-gcc/15.2.0/bin/../lib/gcc/avr/15.2.0/avrxmega3\libgcc.a(_divdi3.o)
 .data          0x00000000        0x0 C:/Users/Kacper/scoop/apps/avr-gcc/15.2.0/bin/../lib/gcc/avr/15.2.0/avrxmega3\libgcc.a(_divdi3.o)
 .bss           0x00000000        0x0 C:/Users/Kacper/scoop/apps/avr-gcc/15.2.0/bin/../lib/gcc/avr/15.2.0/avrxmega3\libgcc.a(_divdi3.o)
 .text.libgcc.mul
                0x00000000        0x0 C:/Users/Kacper/scoop/apps/avr-gcc/15.2.0/bin/../lib/gcc/avr/15.2.0/avrxmega3\libgcc.a(_divdi3.o)
 .text.libgcc   0x00000000        0x0 C:/Users/Kacper/scoop/apps/avr-gcc/15.2.0/bin/../lib/gcc/avr/15.2.0/avrxmega3\libgcc.a(_divdi3.o)
 .text.libgcc.prologue
                0x00000000        0x0 C:/Users/Kacper/scoop/apps/avr-gcc/15.2.0/bin/../lib/gcc/avr/15.2.0/avrxmega3\libgcc.a(_divdi3.o)
 .text.libgcc.builtins
                0x00000000        0x0 C:/Users/Kacper/scoop/apps/avr-gcc/15.2.0/bin/../lib/gcc/avr/15.2.0/avrxmega3\libgcc.a(_divdi3.o)
 .text.libgcc.fmul
                0x00000000        0x0 C:/Users/Kacper/scoop/apps/avr-gcc/15.2.0/bin/../lib/gcc/avr/15.2.0/avrxmega3\libgcc.a(_divdi3.o)
 .text.libgcc.fixed
                0x00000000        0x0 C:/Users/Kacper/scoop/apps/avr-gcc/15.2.0/bin/../lib/gcc/avr/15.2.0/avrxmega3\libgcc.a(_divdi3.o)
 .text          0x00000000        0x0 C:/Users/Kacper/scoop/apps/avr-gcc/15.2.0/bin/../lib/gcc/avr/15.2.0/avrxmega3\libgcc.a(_udivdi3.o)
 .data          0x00000000        0x0 C:/Users/Kacper/scoop/apps/avr-gcc/15.2.0/bin/../lib/gcc/avr/15.2.0/avrxmega3\libgcc.a(_udivdi3.o)
 .bss           0x00000000        0x0 C:/Users/Kacper/scoop/apps/avr-gcc/15.2.0/bin/../lib/gcc/avr/15.2.0/avrxmega3\libgcc.a(_udivdi3.o)
 .text.libgcc.mul
                0x00000000        0x0 C:/Users/Kacper/scoop/apps/avr-gcc/15.2.0/bin/../lib/gcc/avr/15.2.0/avrxmega3\libgcc.a(_udivdi3.o)
 .text.libgcc   0x00000000        0x0 C:/Users/Kacper/scoop/apps/avr-gcc/15.2.0/bin/../lib/gcc/avr/15.2.0/avrxmega3\libgcc.a(_udivdi3.o)
 .text.libgcc.prologue
                0x00000000        0x0 C:/Users/Kacper/scoop/apps/avr-gcc/15.2.0/bin/../lib/gcc/avr/15.2.0/avrxmega3\libgcc.a(_udivdi3.o)
 .text.libgcc.builtins
                0x00000000        0x0 C:/Users/Kacper/scoop/apps/avr-gcc/15.2.0/bin/../lib/gcc/avr/15.2.0/avrxmega3\libgcc.a(_udivdi3.o)
 .text.libgcc.fmul
                0x00000000        0x0 C:/Users/Kacper/scoop/apps/avr-gcc/15.2.0/bin/../lib/gcc/avr/15.2.0/avrxmega3\libgcc.a(_udivdi3.o)
 .text.libgcc.fixed
                0x00000000        0x0 C:/Users/Kacper/scoop/apps/avr-gcc/15.2.0/bin/../lib/gcc/avr/15.2.0/avrxmega3\libgcc.a(_udivdi3.o)
 .text          0x00000000        0x0 C:/Users/Kacper/scoop/apps/avr-gcc/15.2.0/bin/../lib/gcc/avr/15.2.0/avrxmega3\libgcc.a(_udivmod64.o)
 .data          0x00000000        0x0 C:/Users/Kacper/scoop/apps/avr-gcc/15.2.0/bin/../lib/gcc/avr/15.2.0/avrxmega3\libgcc.a(_udivmod64.o)
 .bss           0x00000000        0x0 C:/Users/Kacper/scoop/apps/avr-gcc/15.2.0/bin/../lib/gcc/avr/15.2.0/avrxmega3\libgcc.a(_udivmod64.o)
 .text.libgcc.mul
                0x00000000        0x0 C:/Users/Kacper/scoop/apps/avr-gcc/15.2.0/bin/../lib/gcc/avr/15.2.0/avrxmega3\libgcc.a(_udivmod64.o)
 .text.libgcc   0x00000000        0x0 C:/Users/Kacper/scoop/apps/avr-gcc/15.2.0/bin/../lib/gcc/avr/15.2.0/avrxmega3\libgcc.a(_udivmod64.o)
 .text.libgcc.prologue
                0x00000000        0x0 C:/Users/Kacper/scoop/apps/avr-gcc/15.2.0/bin/../lib/gcc/avr/15.2.0/avrxmega3\libgcc.a(_udivmod64.o)
 .text.libgcc.builtins
                0x00000000        0x0 C:/Users/Kacper/scoop/apps/avr-gcc/15.2.0/bin/../lib/gcc/avr/15.2.0/avrxmega3\libgcc.a(_udivmod64.o)
 .text.libgcc.fmul
                0x00000000        0x0 C:/Users/Kacper/scoop/apps/avr-gcc/15.2.0/bin/../lib/gcc/avr/15.2.0/avrxmega3\libgcc.a(_udivmod64.o)
 .text.libgcc.fixed
                0x00000000        0x0 C:/Users/Kacper/scoop/apps/avr-gcc/15.2.0/bin/../lib/gcc/avr/15.2.0/avrxmega3\libgcc.a(_udivmod64.o)
 .text          0x00000000        0x0 C:/Users/Kacper/scoop/apps/avr-gcc/15.2.0/bin/../lib/gcc/avr/15.2.0/avrxmega3\libgcc.a(_negdi2.o)
 .data          0x00000000        0x0 C:/Users/Kacper/scoop/apps/avr-gcc/15.2.0/bin/../lib/gcc/avr/15.2.0/avrxmega3\libgcc.a(_negdi2.o)
 .bss           0x00000000        0x0 C:/Users/Kacper/scoop/apps/avr-gcc/15.2.0/bin/../lib/gcc/avr/15.2.0/avrxmega3\libgcc.a(_negdi2.o)
 .text.libgcc.mul
                0x00000000        0x0 C:/Users/Kacper/scoop/apps/avr-gcc/15.2.0/bin/../lib/gcc/avr/15.2.0/avrxmega3\libgcc.a(_negdi2.o)
 .text.libgcc.div
                0x00000000        0x0 C:/Users/Kacper/scoop/apps/avr-gcc/15.2.0/bin/../lib/gcc/avr/15.2.0/avrxmega3\libgcc.a(_negdi2.o)
 .text.libgcc.prologue
                0x00000000        0x0 C:/Users/Kacper/scoop/apps/avr-gcc/15.2.0/bin/../lib/gcc/avr/15.2.0/avrxmega3\libgcc.a(_negdi2.o)
 .text.libgcc.builtins
                0x00000000        0x0 C:/Users/Kacper/scoop/apps/avr-gcc/15.2.0/bin/../lib/gcc/avr/15.2.0/avrxmega3\libgcc.a(_negdi2.o)
 .text.libgcc.fmul
                0x00000000        0x0 C:/Users/Kacper/scoop/apps/avr-gcc/15.2.0/bin/../lib/gcc/avr/15.2.0/avrxmega3\libgcc.a(_negdi2.o)
 .text.libgcc.fixed
                0x00000000        0x0 C:/Users/Kacper/scoop/apps/avr-gcc/15.2.0/bin/../lib/gcc/avr/15.2.0/avrxmega3\libgcc.a(_negdi2.o)
 .text          0x00000000        0x0 C:/Users/Kacper/scoop/apps/avr-gcc/15.2.0/bin/../lib/gcc/avr/15.2.0/avrxmega3\libgcc.a(_prologue.o)
 .data          0x00000000        0x0 C:/Users/Kacper/scoop/apps/avr-gcc/15.2.0/bin/../lib/gcc/avr/15.2.0/avrxmega3\libgcc.a(_prologue.o)
 .bss           0x00000000        0x0 C:/Users/Kacper/scoop/apps/avr-gcc/15.2.0/bin/../lib/gcc/avr/15.2.0/avrxmega3\libgcc.a(_prologue.o)
 .text.libgcc.mul
                0x00000000        0x0 C:/Users/Kacper/scoop/apps/avr-gcc/15.2.0/bin/../lib/gcc/avr/15.2.0/avrxmega3\libgcc.a(_prologue.o)
 .text.libgcc.div
                0x00000000        0x0 C:/Users/Kacper/scoop/apps/avr-gcc/15.2.0/bin/../lib/gcc/avr/15.2.0/avrxmega3\libgcc.a(_prologue.o)
 .text.libgcc   0x00000000        0x0 C:/Users/Kacper/scoop/apps/avr-gcc/15.2.0/bin/../lib/gcc/avr/15.2.0/avrxmega3\libgcc.a(_prologue.o)
 .text.libgcc.builtins
                0x00000000        0x0 C:/Users/Kacper/scoop/apps/avr-gcc/15.2.0/bin/../lib/gcc/avr/15.2.0/avrxmega3\libgcc.a(_prologue.o)
 .text.libgcc.fmul
                0x00000000        0x0 C:/Users/Kacper/scoop/apps/avr-gcc/15.2.0/bin/../lib/gcc/avr/15.2.0/avrxmega3\libgcc.a(_prologue.o)
 .text.libgcc.fixed
                0x00000000        0x0 C:/Users/Kacper/scoop/apps/avr-gcc/15.2.0/bin/../lib/gcc/avr/15.2.0/avrxmega3\libgcc.a(_prologue.o)
 .text          0x00000000        0x0 C:/Users/Kacper/scoop/apps/avr-gcc/15.2.0/bin/../lib/gcc/avr/15.2.0/avrxmega3\libgcc.a(_epilogue.o)
 .data          0x00000000        0x0 C:/Users/Kacper/scoop/apps/avr-gcc/15.2.0/bin/../lib/gcc/avr/15.2.0/avrxmega3\libgcc.a(_epilogue.o)
 .bss           0x00000000        0x0 C:/Users/Kacper/scoop/apps/avr-gcc/15.2.0/bin/../lib/gcc/avr/15.2.0/avrxmega3\libgcc.a(_epilogue.o)
 .text.libgcc.mul
                0x00000000        0x0 C:/Users/Kacper/scoop/apps/avr-gcc/15.2.0/bin/../lib/gcc/avr/15.2.0/avrxmega3\libgcc.a(_epilogue.o)
 .text.libgcc.div
                0x00000000        0x0 C:/Users/Kacper/scoop/apps/avr-gcc/15.2.0/bin/../lib/gcc/avr/15.2.0/avrxmega3\libgcc.a(_epilogue.o)
 .text.libgcc   0x00000000        0x0 C:/Users/Kacper/scoop/apps/avr-gcc/15.2.0/bin/../lib/gcc/avr/15.2.0/avrxmega3\libgcc.a(_epilogue.o)
 .text.libgcc.builtins
                0x00000000        0x0 C:/Users/Kacper/scoop/apps/avr-gcc/15.2.0/bin/../lib/gcc/avr/15.2.0/avrxmega3\libgcc.a(_epilogue.o)
 .text.libgcc.fmul
                0x00000000        0x0 C:/Users/Kacper/scoop/apps/avr-gcc/15.2.0/bin/../lib/gcc/avr/15.2.0/avrxmega3\libgcc.a(_epilogue.o)
 .text.libgcc.fixed
                0x00000000        0x0 C:/Users/Kacper/scoop/apps/avr-gcc/15.2.0/bin/../lib/gcc/avr/15.2.0/avrxmega3\libgcc.a(_epilogue.o)
 .text          0x00000000        0x0 C:/Users/Kacper/scoop/apps/avr-gcc/15.2.0/bin/../lib/gcc/avr/15.2.0/avrxmega3\libgcc.a(_umulhisi3.o)
 .data          0x00000000        0x0 C:/Users/Kacper/scoop/apps/avr-gcc/15.2.0/bin/../lib/gcc/avr/15.2.0/avrxmega3\libgcc.a(_umulhisi3.o)
 .bss           0x00000000        0x0 C:/Users/Kacper/scoop/apps/avr-gcc/15.2.0/bin/../lib/gcc/avr/15.2.0/avrxmega3\libgcc.a(_umulhisi3.o)
 .text.libgcc.div
                0x00000000        0x0 C:/Users/Kacper/scoop/apps/avr-gcc/15.2.0/bin/../lib/gcc/avr/15.2.0/avrxmega3\libgcc.a(_umulhisi3.o)
 .text.libgcc   0x00000000        0x0 C:/Users/Kacper/scoop/apps/avr-gcc/15.2.0/bin/../lib/gcc/avr/15.2.0/avrxmega3\libgcc.a(_umulhisi3.o)
 .text.libgcc.prologue
                0x00000000        0x0 C:/Users/Kacper/scoop/apps/avr-gcc/15.2.0/bin/../lib/gcc/avr/15.2.0/avrxmega3\libgcc.a(_umulhisi3.o)
 .text.libgcc.builtins
                0x00000000        0x0 C:/Users/Kacper/scoop/apps/avr-gcc/15.2.0/bin/../lib/gcc/avr/15.2.0/avrxmega3\libgcc.a(_umulhisi3.o)
 .text.libgcc.fmul
                0x00000000        0x0 C:/Users/Kacper/scoop/apps/avr-gcc/15.2.0/bin/../lib/gcc/avr/15.2.0/avrxmega3\libgcc.a(_umulhisi3.o)
 .text.libgcc.fixed
                0x00000000        0x0 C:/Users/Kacper/scoop/apps/avr-gcc/15.2.0/bin/../lib/gcc/avr/15.2.0/avrxmega3\libgcc.a(_umulhisi3.o)
 .text          0x00000000        0x0 C:/Users/Kacper/scoop/apps/avr-gcc/15.2.0/bin/../lib/gcc/avr/15.2.0/avrxmega3\libgcc.a(_udivmodsi4.o)
 .data          0x00000000        0x0 C:/Users/Kacper/scoop/apps/avr-gcc/15.2.0/bin/../lib/gcc/avr/15.2.0/avrxmega3\libgcc.a(_udivmodsi4.o)
 .bss           0x00000000        0x0 C:/Users/Kacper/scoop/apps/avr-gcc/15.2.0/bin/../lib/gcc/avr/15.2.0/avrxmega3\libgcc.a(_udivmodsi4.o)
 .text.libgcc.mul
                0x00000000        0x0 C:/Users/Kacper/scoop/apps/avr-gcc/15.2.0/bin/../lib/gcc/avr/15.2.0/avrxmega3\libgcc.a(_udivmodsi4.o)
 .text.libgcc   0x00000000        0x0 C:/Users/Kacper/scoop/apps/avr-gcc/15.2.0/bin/../lib/gcc/avr/15.2.0/avrxmega3\libgcc.a(_udivmodsi4.o)
 .text.libgcc.prologue
                0x00000000        0x0 C:/Users/Kacper/scoop/apps/avr-gcc/15.2.0/bin/../lib/gcc/avr/15.2.0/avrxmega3\libgcc.a(_udivmodsi4.o)
 .text.libgcc.builtins
                0x00000000        0x0 C:/Users/Kacper/scoop/apps/avr-gcc/15.2.0/bin/../lib/gcc/avr/15.2.0/avrxmega3\libgcc.a(_udivmodsi4.o)
 .text.libgcc.fmul
                0x00000000        0x0 C:/Users/Kacper/scoop/apps/avr-gcc/15.2.0/bin/../lib/gcc/avr/15.2.0/avrxmega3\libgcc.a(_udivmodsi4.o)
 .text.libgcc.fixed
                0x00000000        0x0 C:/Users/Kacper/scoop/apps/avr-gcc/15.2.0/bin/../lib/gcc/avr/15.2.0/avrxmega3\libgcc.a(_udivmodsi4.o)
 .text          0x00000000        0x0 C:/Users/Kacper/scoop/apps/avr-gcc/15.2.0/bin/../lib/gcc/avr/15.2.0/avrxmega3\libgcc.a(_muldi3_6.o)
 .data          0x00000000        0x0 C:/Users/Kacper/scoop/apps/avr-gcc/15.2.0/bin/../lib/gcc/avr/15.2.0/avrxmega3\libgcc.a(_muldi3_6.o)
 .bss           0x00000000        0x0 C:/Users/Kacper/scoop/apps/avr-gcc/15.2.0/bin/../lib/gcc/avr/15.2.0/avrxmega3\libgcc.a(_muldi3_6.o)
 .text.libgcc.div
                0x00000000        0x0 C:/Users/Kacper/scoop/apps/avr-gcc/15.2.0/bin/../lib/gcc/avr/15.2.0/avrxmega3\libgcc.a(_muldi3_6.o)
 .text.libgcc   0x00000000        0x0 C:/Users/Kacper/scoop/apps/avr-gcc/15.2.0/bin/../lib/gcc/avr/15.2.0/avrxmega3\libgcc.a(_muldi3_6.o)
 .text.libgcc.prologue
                0x00000000        0x0 C:/Users/Kacper/scoop/apps/avr-gcc/15.2.0/bin/../lib/gcc/avr/15.2.0/avrxmega3\libgcc.a(_muldi3_6.o)
 .text.libgcc.builtins
                0x00000000        0x0 C:/Users/Kacper/scoop/apps/avr-gcc/15.2.0/bin/../lib/gcc/avr/15.2.0/avrxmega3\libgcc.a(_muldi3_6.o)
 .text.libgcc.fmul
                0x00000000        0x0 C:/Users/Kacper/scoop/apps/avr-gcc/15.2.0/bin/../lib/gcc/avr/15.2.0/avrxmega3\libgcc.a(_muldi3_6.o)
 .text.libgcc.fixed
                0x00000000        0x0 C:/Users/Kacper/scoop/apps/avr-gcc/15.2.0/bin/../lib/gcc/avr/15.2.0/avrxmega3\libgcc.a(_muldi3_6.o)
 .text          0x00000000        0x0 C:/Users/Kacper/scoop/apps/avr-gcc/15.2.0/bin/../lib/gcc/avr/15.2.0/../../../../avr/lib/avrxmega3\libm.a(log.o)
 .data          0x00000000        0x0 C:/Users/Kacper/scoop/apps/avr-gcc/15.2.0/bin/../lib/gcc/avr/15.2.0/../../../../avr/lib/avrxmega3\libm.a(log.o)
 .bss           0x00000000        0x0 C:/Users/Kacper/scoop/apps/avr-gcc/15.2.0/bin/../lib/gcc/avr/15.2.0/../../../../avr/lib/avrxmega3\libm.a(log.o)
 .text          0x00000000        0x0 C:/Users/Kacper/scoop/apps/avr-gcc/15.2.0/bin/../lib/gcc/avr/15.2.0/../../../../avr/lib/avrxmega3\libm.a(mulsf3x.o)
 .data          0x00000000        0x0 C:/Users/Kacper/scoop/apps/avr-gcc/15.2.0/bin/../lib/gcc/avr/15.2.0/../../../../avr/lib/avrxmega3\libm.a(mulsf3x.o)
 .bss           0x00000000        0x0 C:/Users/Kacper/scoop/apps/avr-gcc/15.2.0/bin/../lib/gcc/avr/15.2.0/../../../../avr/lib/avrxmega3\libm.a(mulsf3x.o)
 .text          0x00000000        0x0 C:/Users/Kacper/scoop/apps/avr-gcc/15.2.0/bin/../lib/gcc/avr/15.2.0/../../../../avr/lib/avrxmega3\libm.a(addsf3.o)
 .data          0x00000000        0x0 C:/Users/Kacper/scoop/apps/avr-gcc/15.2.0/bin/../lib/gcc/avr/15.2.0/../../../../avr/lib/avrxmega3\libm.a(addsf3.o)
 .bss           0x00000000        0x0 C:/Users/Kacper/scoop/apps/avr-gcc/15.2.0/bin/../lib/gcc/avr/15.2.0/../../../../avr/lib/avrxmega3\libm.a(addsf3.o)
 .text          0x00000000        0x0 C:/Users/Kacper/scoop/apps/avr-gcc/15.2.0/bin/../lib/gcc/avr/15.2.0/../../../../avr/lib/avrxmega3\libm.a(addsf3x.o)
 .data          0x00000000        0x0 C:/Users/Kacper/scoop/apps/avr-gcc/15.2.0/bin/../lib/gcc/avr/15.2.0/../../../../avr/lib/avrxmega3\libm.a(addsf3x.o)
 .bss           0x00000000        0x0 C:/Users/Kacper/scoop/apps/avr-gcc/15.2.0/bin/../lib/gcc/avr/15.2.0/../../../../avr/lib/avrxmega3\libm.a(addsf3x.o)
 .text          0x00000000        0x0 C:/Users/Kacper/scoop/apps/avr-gcc/15.2.0/bin/../lib/gcc/avr/15.2.0/../../../../avr/lib/avrxmega3\libm.a(floatsisf.o)
 .data          0x00000000        0x0 C:/Users/Kacper/scoop/apps/avr-gcc/15.2.0/bin/../lib/gcc/avr/15.2.0/../../../../avr/lib/avrxmega3\libm.a(floatsisf.o)
 .bss           0x00000000        0x0 C:/Users/Kacper/scoop/apps/avr-gcc/15.2.0/bin/../lib/gcc/avr/15.2.0/../../../../avr/lib/avrxmega3\libm.a(floatsisf.o)
 .text          0x00000000        0x0 C:/Users/Kacper/scoop/apps/avr-gcc/15.2.0/bin/../lib/gcc/avr/15.2.0/../../../../avr/lib/avrxmega3\libm.a(fp_inf.o)
 .data          0x00000000        0x0 C:/Users/Kacper/scoop/apps/avr-gcc/15.2.0/bin/../lib/gcc/avr/15.2.0/../../../../avr/lib/avrxmega3\libm.a(fp_inf.o)
 .bss           0x00000000        0x0 C:/Users/Kacper/scoop/apps/avr-gcc/15.2.0/bin/../lib/gcc/avr/15.2.0/../../../../avr/lib/avrxmega3\libm.a(fp_inf.o)
 .text          0x00000000        0x0 C:/Users/Kacper/scoop/apps/avr-gcc/15.2.0/bin/../lib/gcc/avr/15.2.0/../../../../avr/lib/avrxmega3\libm.a(fp_mpack.o)
 .data          0x00000000        0x0 C:/Users/Kacper/scoop/apps/avr-gcc/15.2.0/bin/../lib/gcc/avr/15.2.0/../../../../avr/lib/avrxmega3\libm.a(fp_mpack.o)
 .bss           0x00000000        0x0 C:/Users/Kacper/scoop/apps/avr-gcc/15.2.0/bin/../lib/gcc/avr/15.2.0/../../../../avr/lib/avrxmega3\libm.a(fp_mpack.o)
 .text          0x00000000        0x0 C:/Users/Kacper/scoop/apps/avr-gcc/15.2.0/bin/../lib/gcc/avr/15.2.0/../../../../avr/lib/avrxmega3\libm.a(fp_nan.o)
 .data          0x00000000        0x0 C:/Users/Kacper/scoop/apps/avr-gcc/15.2.0/bin/../lib/gcc/avr/15.2.0/../../../../avr/lib/avrxmega3\libm.a(fp_nan.o)
 .bss           0x00000000        0x0 C:/Users/Kacper/scoop/apps/avr-gcc/15.2.0/bin/../lib/gcc/avr/15.2.0/../../../../avr/lib/avrxmega3\libm.a(fp_nan.o)
 .text          0x00000000        0x0 C:/Users/Kacper/scoop/apps/avr-gcc/15.2.0/bin/../lib/gcc/avr/15.2.0/../../../../avr/lib/avrxmega3\libm.a(fp_powser.o)
 .data          0x00000000        0x0 C:/Users/Kacper/scoop/apps/avr-gcc/15.2.0/bin/../lib/gcc/avr/15.2.0/../../../../avr/lib/avrxmega3\libm.a(fp_powser.o)
 .bss           0x00000000        0x0 C:/Users/Kacper/scoop/apps/avr-gcc/15.2.0/bin/../lib/gcc/avr/15.2.0/../../../../avr/lib/avrxmega3\libm.a(fp_powser.o)
 .text          0x00000000        0x0 C:/Users/Kacper/scoop/apps/avr-gcc/15.2.0/bin/../lib/gcc/avr/15.2.0/../../../../avr/lib/avrxmega3\libm.a(fp_pscA.o)
 .data          0x00000000        0x0 C:/Users/Kacper/scoop/apps/avr-gcc/15.2.0/bin/../lib/gcc/avr/15.2.0/../../../../avr/lib/avrxmega3\libm.a(fp_pscA.o)
 .bss           0x00000000        0x0 C:/Users/Kacper/scoop/apps/avr-gcc/15.2.0/bin/../lib/gcc/avr/15.2.0/../../../../avr/lib/avrxmega3\libm.a(fp_pscA.o)
 .text          0x00000000        0x0 C:/Users/Kacper/scoop/apps/avr-gcc/15.2.0/bin/../lib/gcc/avr/15.2.0/../../../../avr/lib/avrxmega3\libm.a(fp_pscB.o)
 .data          0x00000000        0x0 C:/Users/Kacper/scoop/apps/avr-gcc/15.2.0/bin/../lib/gcc/avr/15.2.0/../../../../avr/lib/avrxmega3\libm.a(fp_pscB.o)
 .bss           0x00000000        0x0 C:/Users/Kacper/scoop/apps/avr-gcc/15.2.0/bin/../lib/gcc/avr/15.2.0/../../../../avr/lib/avrxmega3\libm.a(fp_pscB.o)
 .text          0x00000000        0x0 C:/Users/Kacper/scoop/apps/avr-gcc/15.2.0/bin/../lib/gcc/avr/15.2.0/../../../../avr/lib/avrxmega3\libm.a(fp_round.o)
 .data          0x00000000        0x0 C:/Users/Kacper/scoop/apps/avr-gcc/15.2.0/bin/../lib/gcc/avr/15.2.0/../../../../avr/lib/avrxmega3\libm.a(fp_round.o)
 .bss           0x00000000        0x0 C:/Users/Kacper/scoop/apps/avr-gcc/15.2.0/bin/../lib/gcc/avr/15.2.0/../../../../avr/lib/avrxmega3\libm.a(fp_round.o)
 .text          0x00000000        0x0 C:/Users/Kacper/scoop/apps/avr-gcc/15.2.0/bin/../lib/gcc/avr/15.2.0/../../../../avr/lib/avrxmega3\libm.a(fp_split3.o)
 .data          0x00000000        0x0 C:/Users/Kacper/scoop/apps/avr-gcc/15.2.0/bin/../lib/gcc/avr/15.2.0/../../../../avr/lib/avrxmega3\libm.a(fp_split3.o)
 .bss           0x00000000        0x0 C:/Users/Kacper/scoop/apps/avr-gcc/15.2.0/bin/../lib/gcc/avr/15.2.0/../../../../avr/lib/avrxmega3\libm.a(fp_split3.o)
 .text          0x00000000        0x0 C:/Users/Kacper/scoop/apps/avr-gcc/15.2.0/bin/../lib/gcc/avr/15.2.0/../../../../avr/lib/avrxmega3\libm.a(fp_zero.o)
 .data          0x00000000        0x0 C:/Users/Kacper/scoop/apps/avr-gcc/15.2.0/bin/../lib/gcc/avr/15.2.0/../../../../avr/lib/avrxmega3\libm.a(fp_zero.o)
 .bss           0x00000000        0x0 C:/Users/Kacper/scoop/apps/avr-gcc/15.2.0/bin/../lib/gcc/avr/15.2.0/../../../../avr/lib/avrxmega3\libm.a(fp_zero.o)
 .text          0x00000000        0x0 C:/Users/Kacper/scoop/apps/avr-gcc/15.2.0/bin/../lib/gcc/avr/15.2.0/../../../../avr/lib/avrxmega3\libm.a(divsf3.o)
 .data          0x00000000        0x0 C:/Users/Kacper/scoop/apps/avr-gcc/15.2.0/bin/../lib/gcc/avr/15.2.0/../../../../avr/lib/avrxmega3\libm.a(divsf3.o)
 .bss           0x00000000        0x0 C:/Users/Kacper/scoop/apps/avr-gcc/15.2.0/bin/../lib/gcc/avr/15.2.0/../../../../avr/lib/avrxmega3\libm.a(divsf3.o)
 .text          0x00000000        0x0 C:/Users/Kacper/scoop/apps/avr-gcc/15.2.0/bin/../lib/gcc/avr/15.2.0/../../../../avr/lib/avrxmega3\libm.a(divsf3x.o)
 .data          0x00000000        0x0 C:/Users/Kacper/scoop/apps/avr-gcc/15.2.0/bin/../lib/gcc/avr/15.2.0/../../../../avr/lib/avrxmega3\libm.a(divsf3x.o)
 .bss           0x00000000        0x0 C:/Users/Kacper/scoop/apps/avr-gcc/15.2.0/bin/../lib/gcc/avr/15.2.0/../../../../avr/lib/avrxmega3\libm.a(divsf3x.o)
 .text          0x00000000        0x0 C:/Users/Kacper/scoop/apps/avr-gcc/15.2.0/bin/../lib/gcc/avr/15.2.0/../../../../avr/lib/avrxmega3\libm.a(fixsfsi.o)
 .data          0x00000000        0x0 C:/Users/Kacper/scoop/apps/avr-gcc/15.2.0/bin/../lib/gcc/avr/15.2.0/../../../../avr/lib/avrxmega3\libm.a(fixsfsi.o)
 .bss           0x00000000        0x0 C:/Users/Kacper/scoop/apps/avr-gcc/15.2.0/bin/../lib/gcc/avr/15.2.0/../../../../avr/lib/avrxmega3\libm.a(fixsfsi.o)
 .text          0x00000000        0x0 C:/Users/Kacper/scoop/apps/avr-gcc/15.2.0/bin/../lib/gcc/avr/15.2.0/../../../../avr/lib/avrxmega3\libm.a(fixunssfsi.o)
 .data          0x00000000        0x0 C:/Users/Kacper/scoop/apps/avr-gcc/15.2.0/bin/../lib/gcc/avr/15.2.0/../../../../avr/lib/avrxmega3\libm.a(fixunssfsi.o)
 .bss           0x00000000        0x0 C:/Users/Kacper/scoop/apps/avr-gcc/15.2.0/bin/../lib/gcc/avr/15.2.0/../../../../avr/lib/avrxmega3\libm.a(fixunssfsi.o)
 .text          0x00000000        0x0 C:/Users/Kacper/scoop/apps/avr-gcc/15.2.0/bin/../lib/gcc/avr/15.2.0/../../../../avr/lib/avrxmega3\libm.a(gesf2.o)
 .data          0x00000000        0x0 C:/Users/Kacper/scoop/apps/avr-gcc/15.2.0/bin/../lib/gcc/avr/15.2.0/../../../../avr/lib/avrxmega3\libm.a(gesf2.o)
 .bss           0x00000000        0x0 C:/Users/Kacper/scoop/apps/avr-gcc/15.2.0/bin/../lib/gcc/avr/15.2.0/../../../../avr/lib/avrxmega3\libm.a(gesf2.o)
 .text          0x00000000        0x0 C:/Users/Kacper/scoop/apps/avr-gcc/15.2.0/bin/../lib/gcc/avr/15.2.0/../../../../avr/lib/avrxmega3\libm.a(mulsf3.o)
 .data          0x00000000        0x0 C:/Users/Kacper/scoop/apps/avr-gcc/15.2.0/bin/../lib/gcc/avr/15.2.0/../../../../avr/lib/avrxmega3\libm.a(mulsf3.o)
 .bss           0x00000000        0x0 C:/Users/Kacper/scoop/apps/avr-gcc/15.2.0/bin/../lib/gcc/avr/15.2.0/../../../../avr/lib/avrxmega3\libm.a(mulsf3.o)
 .text          0x00000000        0x0 C:/Users/Kacper/scoop/apps/avr-gcc/15.2.0/bin/../lib/gcc/avr/15.2.0/../../../../avr/lib/avrxmega3\libm.a(fp_cmp.o)
 .data          0x00000000        0x0 C:/Users/Kacper/scoop/apps/avr-gcc/15.2.0/bin/../lib/gcc/avr/15.2.0/../../../../avr/lib/avrxmega3\libm.a(fp_cmp.o)
 .bss           0x00000000        0x0 C:/Users/Kacper/scoop/apps/avr-gcc/15.2.0/bin/../lib/gcc/avr/15.2.0/../../../../avr/lib/avrxmega3\libm.a(fp_cmp.o)

Memory Configuration

Name             Origin             Length             Attributes
text             0x00000000         0x00004000         xr
data             0x00803800         0x00000800         rw!x
eeprom           0x00810000         0x00000100         rw!x
fuse             0x00820000         0x0000000a         rw!x
lock             0x00830000         0x00000001         rw!x
signature        0x00840000         0x00000003         rw!x
user_signatures  0x00850000         0x00000020         rw!x
*default*        0x00000000         0xffffffff

Linker script and memory map

Address of section .data set to 0x803800
LOAD C:/Users/Kacper/scoop/apps/avr-gcc/15.2.0/bin/../lib/gcc/avr/15.2.0/../../../../avr/lib/avrxmega3/crtattiny1616.o
LOAD C:\Users\Kacper\AppData\Local\Temp\ccqfXyN4.o
LOAD C:\Users\Kacper\AppData\Local\Temp\cc9w5FzF.ltrans0.ltrans.o
START GROUP
LOAD C:/Users/Kacper/scoop/apps/avr-gcc/15.2.0/bin/../lib/gcc/avr/15.2.0/avrxmega3\libgcc.a
LOAD C:/Users/Kacper/scoop/apps/avr-gcc/15.2.0/bin/../lib/gcc/avr/15.2.0/../../../../avr/lib/avrxmega3\libm.a
LOAD C:/Users/Kacper/scoop/apps/avr-gcc/15.2.0/bin/../lib/gcc/avr/15.2.0/../../../../avr/lib/avrxmega3\libc.a
LOAD C:/Users/Kacper/scoop/apps/avr-gcc/15.2.0/bin/../lib/gcc/avr/15.2.0/../../../../avr/lib/avrxmega3\libattiny1616.a
END GROUP
                [0x00000000]                      __TEXT_REGION_ORIGIN__ = DEFINED (__TEXT_REGION_ORIGIN__)?__TEXT_REGION_ORIGIN__:0x0
                [0x00004000]                      __TEXT_REGION_LENGTH__ = DEFINED (__TEXT_REGION_LENGTH__)?__TEXT_REGION_LENGTH__:0x100000
                [0x00803800]                      __DATA_REGION_ORIGIN__ = DEFINED (__DATA_REGION_ORIGIN__)?__DATA_REGION_ORIGIN__:0x802000
                [0x00000800]                      __DATA_REGION_LENGTH__ = DEFINED (__DATA_REGION_LENGTH__)?__DATA_REGION_LENGTH__:0xffa0
                [0x00000100]                      __EEPROM_REGION_LENGTH__ = DEFINED (__EEPROM_REGION_LENGTH__)?__EEPROM_REGION_LENGTH__:0x10000
                [0x0000000a]                      __FUSE_REGION_LENGTH__ = DEFINED (__FUSE_REGION_LENGTH__)?__FUSE_REGION_LENGTH__:0x400
                [0x00000001]                      __LOCK_REGION_LENGTH__ = DEFINED (__LOCK_REGION_LENGTH__)?__LOCK_REGION_LENGTH__:0x400
                [0x00000003]                      __SIGNATURE_REGION_LENGTH__ = DEFINED (__SIGNATURE_REGION_LENGTH__)?__SIGNATURE_REGION_LENGTH__:0x400
                [0x00000020]                      __USER_SIGNATURE_REGION_LENGTH__ = DEFINED (__USER_SIGNATURE_REGION_LENGTH__)?__USER_SIGNATURE_REGION_LENGTH__:0x400
                0x00008000                        __RODATA_PM_OFFSET__ = DEFINED (__RODATA_PM_OFFSET__)?__RODATA_PM_OFFSET__:0x8000

.hash
 *(.hash)

.dynsym
 *(.dynsym)

.dynstr
 *(.dynstr)

.gnu.version
 *(.gnu.version)

.gnu.version_d
 *(.gnu.version_d)

.gnu.version_r
 *(.gnu.version_r)

.rel.init
 *(.rel.init)

.rela.init
 *(.rela.init)

.rel.text
 *(.rel.text)
 *(.rel.text.*)
 *(.rel.gnu.linkonce.t*)

.rela.text
 *(.rela.text)
 *(.rela.text.*)
 *(.rela.gnu.linkonce.t*)

.rel.fini
 *(.rel.fini)

.rela.fini
 *(.rela.fini)

.rel.rodata
 *(.rel.rodata)
 *(.rel.rodata.*)
 *(.rel.gnu.linkonce.r*)

.rela.rodata
 *(.rela.rodata)
 *(.rela.rodata.*)
 *(.rela.gnu.linkonce.r*)

.rel.data
 *(.rel.data)
 *(.rel.data.*)
 *(.rel.gnu.linkonce.d*)

.rela.data
 *(.rela.data)
 *(.rela.data.*)
 *(.rela.gnu.linkonce.d*)

.rel.ctors
 *(.rel.ctors)

.rela.ctors
 *(.rela.ctors)

.rel.dtors
 *(.rel.dtors)

.rela.dtors
 *(.rela.dtors)

.rel.got
 *(.rel.got)

.rela.got
 *(.rela.got)

.rel.bss
 *(.rel.bss)

.rela.bss
 *(.rela.bss)

.rel.plt
 *(.rel.plt)

.rela.plt
 *(.rela.plt)

.text           0x00000000      0xeea
 *(.vectors)
 .vectors       0x00000000       0x7c C:/Users/Kacper/scoop/apps/avr-gcc/15.2.0/bin/../lib/gcc/avr/15.2.0/../../../../avr/lib/avrxmega3/crtattiny1616.o
                0x00000000                __vector_default
                0x00000000                __vectors
 *(.vectors)
                0x0000007c                        __progmem_start = .
 *(.progmem)
 *(.progmem.*)
                0x0000007c                        __progmem_end = .
                0x00000001                        ASSERT (((__progmem_start == __progmem_end) || (__progmem_end <= 0x10000)), .progmem section exceeds 0x10000)
                0x0000007c                        . = ALIGN (0x2)
                0x0000007c                        __trampolines_start = .
 *(.trampolines)
 .trampolines   0x0000007c        0x0 linker stubs
 *(.trampolines*)
                0x0000007c                        __trampolines_end = .
                0x0000007c                        . = ALIGN (0x2)
 *(.lowtext)
 *(.lowtext*)
                0x0000007c                        __ctors_start = .
 *(.ctors)
                0x0000007c                        __ctors_end = .
                0x0000007c                        __dtors_start = .
 *(.dtors)
                0x0000007c                        __dtors_end = .
 SORT_BY_NAME(*)(.ctors)
 SORT_BY_NAME(*)(.dtors)
 *(.init0)
 .init0         0x0000007c        0x0 C:/Users/Kacper/scoop/apps/avr-gcc/15.2.0/bin/../lib/gcc/avr/15.2.0/../../../../avr/lib/avrxmega3/crtattiny1616.o
                0x0000007c                __init
 *(.init0)
 *(.init1)
 *(.init1)
 *(.init2)
 .init2         0x0000007c        0xc C:/Users/Kacper/scoop/apps/avr-gcc/15.2.0/bin/../lib/gcc/avr/15.2.0/../../../../avr/lib/avrxmega3/crtattiny1616.o
 *(.init2)
 *(.init3)
 *(.init3)
 *(.init4)
 .init4         0x00000088       0x10 C:/Users/Kacper/scoop/apps/avr-gcc/15.2.0/bin/../lib/gcc/avr/15.2.0/avrxmega3\libgcc.a(_clear_bss.o)
                0x00000088                __do_clear_bss
 *(.init4)
 *(.init5)
 *(.init5)
 *(.init6)
 *(.init6)
 *(.init7)
 *(.init7)
 *(.init8)
 *(.init8)
 *(.init9)
 .init9         0x00000098        0x8 C:/Users/Kacper/scoop/apps/avr-gcc/15.2.0/bin/../lib/gcc/avr/15.2.0/../../../../avr/lib/avrxmega3/crtattiny1616.o
 *(.init9)
 *(.text)
 .text          0x000000a0        0x4 C:/Users/Kacper/scoop/apps/avr-gcc/15.2.0/bin/../lib/gcc/avr/15.2.0/../../../../avr/lib/avrxmega3/crtattiny1616.o
                0x000000a0                __vector_22
                0x000000a0                __vector_28
                0x000000a0                __vector_1
                0x000000a0                __vector_24
                0x000000a0                __vector_12
                0x000000a0                __bad_interrupt
                0x000000a0                __vector_6
                0x000000a0                __vector_3
                0x000000a0                __vector_23
                0x000000a0                __vector_30
                0x000000a0                __vector_25
                0x000000a0                __vector_11
                0x000000a0                __vector_13
                0x000000a0                __vector_17
                0x000000a0                __vector_19
                0x000000a0                __vector_7
                0x000000a0                __vector_27
                0x000000a0                __vector_5
                0x000000a0                __vector_4
                0x000000a0                __vector_9
                0x000000a0                __vector_2
                0x000000a0                __vector_21
                0x000000a0                __vector_15
                0x000000a0                __vector_29
                0x000000a0                __vector_8
                0x000000a0                __vector_26
                0x000000a0                __vector_14
                0x000000a0                __vector_10
                0x000000a0                __vector_16
                0x000000a0                __vector_18
                0x000000a0                __vector_20
                0x000000a4                        . = ALIGN (0x2)
 *(.text.*)
 .text.usart_putc
                0x000000a4        0xe C:\Users\Kacper\AppData\Local\Temp\cc9w5FzF.ltrans0.ltrans.o
 .text.usart_print
                0x000000b2       0x1a C:\Users\Kacper\AppData\Local\Temp\cc9w5FzF.ltrans0.ltrans.o
 .text.usart_print_u16
                0x000000cc       0x82 C:\Users\Kacper\AppData\Local\Temp\cc9w5FzF.ltrans0.ltrans.o
 .text.usart_print_temp_dC
                0x0000014e       0x3a C:\Users\Kacper\AppData\Local\Temp\cc9w5FzF.ltrans0.ltrans.o
 .text.startup.main
                0x00000188      0x462 C:\Users\Kacper\AppData\Local\Temp\cc9w5FzF.ltrans0.ltrans.o
                0x00000188                main
 .text.libgcc.div
                0x000005ea       0x28 C:/Users/Kacper/scoop/apps/avr-gcc/15.2.0/bin/../lib/gcc/avr/15.2.0/avrxmega3\libgcc.a(_udivmodhi4.o)
                0x000005ea                __udivmodhi4
 .text.libgcc.div
                0x00000612       0x28 C:/Users/Kacper/scoop/apps/avr-gcc/15.2.0/bin/../lib/gcc/avr/15.2.0/avrxmega3\libgcc.a(_divmodhi4.o)
                0x00000612                _div
                0x00000612                __divmodhi4
 .text.libgcc.div
                0x0000063a       0x2e C:/Users/Kacper/scoop/apps/avr-gcc/15.2.0/bin/../lib/gcc/avr/15.2.0/avrxmega3\libgcc.a(_divmodsi4.o)
                0x0000063a                __divmodsi4
 .text.libgcc.div
                0x00000668       0x10 C:/Users/Kacper/scoop/apps/avr-gcc/15.2.0/bin/../lib/gcc/avr/15.2.0/avrxmega3\libgcc.a(_negsi2.o)
                0x00000668                __negsi2
 .text.libgcc.mul
                0x00000678        0xe C:/Users/Kacper/scoop/apps/avr-gcc/15.2.0/bin/../lib/gcc/avr/15.2.0/avrxmega3\libgcc.a(_usmulhisi3.o)
                0x00000678                __usmulhisi3
                0x0000067c                __usmulhisi3_tail
 .text.libgcc.mul
                0x00000686       0x1e C:/Users/Kacper/scoop/apps/avr-gcc/15.2.0/bin/../lib/gcc/avr/15.2.0/avrxmega3\libgcc.a(_mulsidi3.o)
                0x00000686                __mulsidi3
 .text.libgcc.mul
                0x000006a4       0x56 C:/Users/Kacper/scoop/apps/avr-gcc/15.2.0/bin/../lib/gcc/avr/15.2.0/avrxmega3\libgcc.a(_umulsidi3.o)
                0x000006a4                __umulsidi3
                0x000006a6                __umulsidi3_helper
 .text.libgcc.div
                0x000006fa       0x62 C:/Users/Kacper/scoop/apps/avr-gcc/15.2.0/bin/../lib/gcc/avr/15.2.0/avrxmega3\libgcc.a(_divdi3.o)
                0x000006fa                __moddi3
                0x000006fe                __divdi3
                0x00000700                __divdi3_moddi3
 .text.libgcc.div
                0x0000075c       0x1c C:/Users/Kacper/scoop/apps/avr-gcc/15.2.0/bin/../lib/gcc/avr/15.2.0/avrxmega3\libgcc.a(_udivdi3.o)
                0x0000075c                __umoddi3
                0x00000760                __udivdi3
                0x00000762                __udivdi3_umoddi3
 .text.libgcc.div
                0x00000778       0xa2 C:/Users/Kacper/scoop/apps/avr-gcc/15.2.0/bin/../lib/gcc/avr/15.2.0/avrxmega3\libgcc.a(_udivmod64.o)
                0x00000778                __udivmod64
 .text.libgcc   0x0000081a       0x20 C:/Users/Kacper/scoop/apps/avr-gcc/15.2.0/bin/../lib/gcc/avr/15.2.0/avrxmega3\libgcc.a(_negdi2.o)
                0x0000081a                __negdi2
 .text.libgcc.prologue
                0x0000083a       0x32 C:/Users/Kacper/scoop/apps/avr-gcc/15.2.0/bin/../lib/gcc/avr/15.2.0/avrxmega3\libgcc.a(_prologue.o)
                0x0000083a                __prologue_saves__
 .text.libgcc.prologue
                0x0000086c       0x30 C:/Users/Kacper/scoop/apps/avr-gcc/15.2.0/bin/../lib/gcc/avr/15.2.0/avrxmega3\libgcc.a(_epilogue.o)
                0x0000086c                __epilogue_restores__
 .text.libgcc.mul
                0x0000089c       0x1e C:/Users/Kacper/scoop/apps/avr-gcc/15.2.0/bin/../lib/gcc/avr/15.2.0/avrxmega3\libgcc.a(_umulhisi3.o)
                0x0000089c                __umulhisi3
 .text.libgcc.div
                0x000008ba       0x44 C:/Users/Kacper/scoop/apps/avr-gcc/15.2.0/bin/../lib/gcc/avr/15.2.0/avrxmega3\libgcc.a(_udivmodsi4.o)
                0x000008ba                __udivmodsi4
 .text.libgcc.mul
                0x000008fe       0x12 C:/Users/Kacper/scoop/apps/avr-gcc/15.2.0/bin/../lib/gcc/avr/15.2.0/avrxmega3\libgcc.a(_muldi3_6.o)
                0x000008fe                __muldi3_6
 .text.avr-libc.fplib
                0x00000910       0xa0 C:/Users/Kacper/scoop/apps/avr-gcc/15.2.0/bin/../lib/gcc/avr/15.2.0/../../../../avr/lib/avrxmega3\libm.a(log.o)
                0x00000920                logf
                0x00000920                log
 .text.avr-libc.fplib
                0x000009b0       0xd2 C:/Users/Kacper/scoop/apps/avr-gcc/15.2.0/bin/../lib/gcc/avr/15.2.0/../../../../avr/lib/avrxmega3\libm.a(mulsf3x.o)
                0x000009ce                __mulsf3x
                0x000009d4                __mulsf3_pse
 .text.avr-libc.fplib
                0x00000a82        0xe C:/Users/Kacper/scoop/apps/avr-gcc/15.2.0/bin/../lib/gcc/avr/15.2.0/../../../../avr/lib/avrxmega3\libm.a(addsf3.o)
                0x00000a82                __subsf3
                0x00000a84                __addsf3
 .text.avr-libc.fplib
                0x00000a90       0xcc C:/Users/Kacper/scoop/apps/avr-gcc/15.2.0/bin/../lib/gcc/avr/15.2.0/../../../../avr/lib/avrxmega3\libm.a(addsf3x.o)
                0x00000ab2                __addsf3x
 .text.avr-libc.fplib
                0x00000b5c       0x7a C:/Users/Kacper/scoop/apps/avr-gcc/15.2.0/bin/../lib/gcc/avr/15.2.0/../../../../avr/lib/avrxmega3\libm.a(floatsisf.o)
                0x00000b5c                __floatunsisf
                0x00000b60                __floatsisf
 .text.avr-libc.fplib
                0x00000bd6        0xc C:/Users/Kacper/scoop/apps/avr-gcc/15.2.0/bin/../lib/gcc/avr/15.2.0/../../../../avr/lib/avrxmega3\libm.a(fp_inf.o)
                0x00000bd6                __fp_inf
 .text.avr-libc.fplib
                0x00000be2       0x1c C:/Users/Kacper/scoop/apps/avr-gcc/15.2.0/bin/../lib/gcc/avr/15.2.0/../../../../avr/lib/avrxmega3\libm.a(fp_mpack.o)
                0x00000be2                __fp_mpack
                0x00000be6                __fp_mpack_finite
 .text.avr-libc.fplib
                0x00000bfe        0x6 C:/Users/Kacper/scoop/apps/avr-gcc/15.2.0/bin/../lib/gcc/avr/15.2.0/../../../../avr/lib/avrxmega3\libm.a(fp_nan.o)
                0x00000bfe                __fp_nan
 .text.avr-libc.fplib
                0x00000c04       0x4e C:/Users/Kacper/scoop/apps/avr-gcc/15.2.0/bin/../lib/gcc/avr/15.2.0/../../../../avr/lib/avrxmega3\libm.a(fp_powser.o)
                0x00000c04                __fp_powser
 .text.avr-libc.fplib
                0x00000c52        0xe C:/Users/Kacper/scoop/apps/avr-gcc/15.2.0/bin/../lib/gcc/avr/15.2.0/../../../../avr/lib/avrxmega3\libm.a(fp_pscA.o)
                0x00000c52                __fp_pscA
 .text.avr-libc.fplib
                0x00000c60        0xe C:/Users/Kacper/scoop/apps/avr-gcc/15.2.0/bin/../lib/gcc/avr/15.2.0/../../../../avr/lib/avrxmega3\libm.a(fp_pscB.o)
                0x00000c60                __fp_pscB
 .text.avr-libc.fplib
                0x00000c6e       0x22 C:/Users/Kacper/scoop/apps/avr-gcc/15.2.0/bin/../lib/gcc/avr/15.2.0/../../../../avr/lib/avrxmega3\libm.a(fp_round.o)
                0x00000c6e                __fp_round
 .text.avr-libc.fplib
                0x00000c90       0x44 C:/Users/Kacper/scoop/apps/avr-gcc/15.2.0/bin/../lib/gcc/avr/15.2.0/../../../../avr/lib/avrxmega3\libm.a(fp_split3.o)
                0x00000c90                __fp_split3
                0x00000ca0                __fp_splitA
 .text.avr-libc.fplib
                0x00000cd4        0xe C:/Users/Kacper/scoop/apps/avr-gcc/15.2.0/bin/../lib/gcc/avr/15.2.0/../../../../avr/lib/avrxmega3\libm.a(fp_zero.o)
                0x00000cd4                __fp_zero
                0x00000cd6                __fp_szero
 .text.avr-libc.fplib
                0x00000ce2        0x8 C:/Users/Kacper/scoop/apps/avr-gcc/15.2.0/bin/../lib/gcc/avr/15.2.0/../../../../avr/lib/avrxmega3\libm.a(divsf3.o)
                0x00000ce2                __divsf3
 .text.avr-libc.fplib
                0x00000cea       0xdc C:/Users/Kacper/scoop/apps/avr-gcc/15.2.0/bin/../lib/gcc/avr/15.2.0/../../../../avr/lib/avrxmega3\libm.a(divsf3x.o)
                0x00000d0a                __divsf3x
                0x00000d10                __divsf3_pse
 .text.avr-libc.fplib
                0x00000dc6        0xe C:/Users/Kacper/scoop/apps/avr-gcc/15.2.0/bin/../lib/gcc/avr/15.2.0/../../../../avr/lib/avrxmega3\libm.a(fixsfsi.o)
                0x00000dc6                __fixsfsi
 .text.avr-libc.fplib
                0x00000dd4       0x5e C:/Users/Kacper/scoop/apps/avr-gcc/15.2.0/bin/../lib/gcc/avr/15.2.0/../../../../avr/lib/avrxmega3\libm.a(fixunssfsi.o)
                0x00000dd4                __fixunssfsi
 .text.avr-libc.fplib
                0x00000e32        0xa C:/Users/Kacper/scoop/apps/avr-gcc/15.2.0/bin/../lib/gcc/avr/15.2.0/../../../../avr/lib/avrxmega3\libm.a(gesf2.o)
                0x00000e32                __gesf2
                0x00000e32                __gtsf2
 .text.avr-libc.fplib
                0x00000e3c        0x8 C:/Users/Kacper/scoop/apps/avr-gcc/15.2.0/bin/../lib/gcc/avr/15.2.0/../../../../avr/lib/avrxmega3\libm.a(mulsf3.o)
                0x00000e3c                __mulsf3
 .text.avr-libc.fplib
                0x00000e44       0x48 C:/Users/Kacper/scoop/apps/avr-gcc/15.2.0/bin/../lib/gcc/avr/15.2.0/../../../../avr/lib/avrxmega3\libm.a(fp_cmp.o)
                0x00000e44                __fp_cmp
                0x00000e8c                        . = ALIGN (0x2)
 *(.fini9)
 .fini9         0x00000e8c        0x0 C:/Users/Kacper/scoop/apps/avr-gcc/15.2.0/bin/../lib/gcc/avr/15.2.0/avrxmega3\libgcc.a(_exit.o)
                0x00000e8c                _exit
                0x00000e8c                exit
 *(.fini9)
 *(.fini8)
 *(.fini8)
 *(.fini7)
 *(.fini7)
 *(.fini6)
 *(.fini6)
 *(.fini5)
 *(.fini5)
 *(.fini4)
 *(.fini4)
 *(.fini3)
 *(.fini3)
 *(.fini2)
 *(.fini2)
 *(.fini1)
 *(.fini1)
 *(.fini0)
 .fini0         0x00000e8c        0x4 C:/Users/Kacper/scoop/apps/avr-gcc/15.2.0/bin/../lib/gcc/avr/15.2.0/avrxmega3\libgcc.a(_exit.o)
 *(.fini0)
 *(.hightext)
 *(.hightext*)
 *(.progmemx)
 *(.progmemx.*)
 .progmemx.gcc_fplib.log
                0x00000e90       0x5a C:/Users/Kacper/scoop/apps/avr-gcc/15.2.0/bin/../lib/gcc/avr/15.2.0/../../../../avr/lib/avrxmega3\libm.a(log.o)
                0x00000eea                        . = ALIGN (0x2)
 *(.jumptables)
 *(.jumptables*)
                0x00000eea                        _etext = .

.rodata         0x00008eea       0x71 load address 0x00000eea
 *(.rodata)
 *(.rodata*)
 .rodata.main.str1.1
                0x00008eea       0x71 C:\Users\Kacper\AppData\Local\Temp\cc9w5FzF.ltrans0.ltrans.o
 *(.gnu.linkonce.r*)

.data           0x00803800        0x0 load address 0x00000f5b
                [!provide]                        PROVIDE (__data_start = .)
 *(.data)
 *(.data*)
 *(.gnu.linkonce.d*)
                0x00803800                        . = ALIGN (0x2)
                0x00803800                        _edata = .
                [!provide]                        PROVIDE (__data_end = .)

.bss            0x00803800        0x8
                0x00803800                        PROVIDE (__bss_start = .)
 *(.bss)
 *(.bss*)
 .bss.diag_samples
                0x00803800        0x2 C:\Users\Kacper\AppData\Local\Temp\cc9w5FzF.ltrans0.ltrans.o
 .bss.diag_adc_max
                0x00803802        0x2 C:\Users\Kacper\AppData\Local\Temp\cc9w5FzF.ltrans0.ltrans.o
 .bss.diag_adc_min
                0x00803804        0x2 C:\Users\Kacper\AppData\Local\Temp\cc9w5FzF.ltrans0.ltrans.o
 .bss.diag_adc_baseline
                0x00803806        0x2 C:\Users\Kacper\AppData\Local\Temp\cc9w5FzF.ltrans0.ltrans.o
 *(COMMON)
                0x00803808                        PROVIDE (__bss_end = .)
                0x00000f5b                        __data_load_start = LOADADDR (.data)
                0x00000f5b                        __data_load_end = (__data_load_start + SIZEOF (.data))

.noinit         0x00803808        0x0
                [!provide]                        PROVIDE (__noinit_start = .)
 *(.noinit .noinit.* .gnu.linkonce.n.*)
                [!provide]                        PROVIDE (__noinit_end = .)
                0x00803808                        _end = .
                [!provide]                        PROVIDE (__heap_start = .)
                0x00000000                        __flmap_init_label = DEFINED (__flmap_noinit_start)?__flmap_noinit_start:0x0
                0x00000000                        __flmap = DEFINED (__flmap)?__flmap:0x0

.eeprom         0x00810000        0x0
 *(.eeprom*)
                0x00810000                        __eeprom_end = .

.fuse
 *(.fuse)
 *(.lfuse)
 *(.hfuse)
 *(.efuse)

.lock
 *(.lock*)

.signature
 *(.signature*)

.stab
 *(.stab)

.stabstr
 *(.stabstr)

.stab.excl
 *(.stab.excl)

.stab.exclstr
 *(.stab.exclstr)

.stab.index
 *(.stab.index)

.stab.indexstr
 *(.stab.indexstr)

.comment        0x00000000       0x12
 *(.comment)
 .comment       0x00000000       0x12 C:\Users\Kacper\AppData\Local\Temp\cc9w5FzF.ltrans0.ltrans.o
                                 0x13 (size before relaxing)

.note.gnu.avr.deviceinfo
                0x00000000       0x40
 .note.gnu.avr.deviceinfo
                0x00000000       0x40 C:/Users/Kacper/scoop/apps/avr-gcc/15.2.0/bin/../lib/gcc/avr/15.2.0/../../../../avr/lib/avrxmega3/crtattiny1616.o

.gnu.build.attributes
 *(.gnu.build.attributes .gnu.build.attributes.*)

.note.gnu.build-id
 *(.note.gnu.build-id)

.debug
 *(.debug)

.line
 *(.line)

.debug_srcinfo
 *(.debug_srcinfo)

.debug_sfnames
 *(.debug_sfnames)

.debug_aranges  0x00000000      0x240
 *(.debug_aranges)
 .debug_aranges
                0x00000000       0x20 C:/Users/Kacper/scoop/apps/avr-gcc/15.2.0/bin/../lib/gcc/avr/15.2.0/avrxmega3\libgcc.a(_exit.o)
 .debug_aranges
                0x00000020       0x20 C:/Users/Kacper/scoop/apps/avr-gcc/15.2.0/bin/../lib/gcc/avr/15.2.0/avrxmega3\libgcc.a(_udivmodhi4.o)
 .debug_aranges
                0x00000040       0x20 C:/Users/Kacper/scoop/apps/avr-gcc/15.2.0/bin/../lib/gcc/avr/15.2.0/avrxmega3\libgcc.a(_divmodhi4.o)
 .debug_aranges
                0x00000060       0x20 C:/Users/Kacper/scoop/apps/avr-gcc/15.2.0/bin/../lib/gcc/avr/15.2.0/avrxmega3\libgcc.a(_divmodsi4.o)
 .debug_aranges
                0x00000080       0x20 C:/Users/Kacper/scoop/apps/avr-gcc/15.2.0/bin/../lib/gcc/avr/15.2.0/avrxmega3\libgcc.a(_negsi2.o)
 .debug_aranges
                0x000000a0       0x20 C:/Users/Kacper/scoop/apps/avr-gcc/15.2.0/bin/../lib/gcc/avr/15.2.0/avrxmega3\libgcc.a(_clear_bss.o)
 .debug_aranges
                0x000000c0       0x20 C:/Users/Kacper/scoop/apps/avr-gcc/15.2.0/bin/../lib/gcc/avr/15.2.0/avrxmega3\libgcc.a(_usmulhisi3.o)
 .debug_aranges
                0x000000e0       0x20 C:/Users/Kacper/scoop/apps/avr-gcc/15.2.0/bin/../lib/gcc/avr/15.2.0/avrxmega3\libgcc.a(_mulsidi3.o)
 .debug_aranges
                0x00000100       0x20 C:/Users/Kacper/scoop/apps/avr-gcc/15.2.0/bin/../lib/gcc/avr/15.2.0/avrxmega3\libgcc.a(_umulsidi3.o)
 .debug_aranges
                0x00000120       0x20 C:/Users/Kacper/scoop/apps/avr-gcc/15.2.0/bin/../lib/gcc/avr/15.2.0/avrxmega3\libgcc.a(_divdi3.o)
 .debug_aranges
                0x00000140       0x20 C:/Users/Kacper/scoop/apps/avr-gcc/15.2.0/bin/../lib/gcc/avr/15.2.0/avrxmega3\libgcc.a(_udivdi3.o)
 .debug_aranges
                0x00000160       0x20 C:/Users/Kacper/scoop/apps/avr-gcc/15.2.0/bin/../lib/gcc/avr/15.2.0/avrxmega3\libgcc.a(_udivmod64.o)
 .debug_aranges
                0x00000180       0x20 C:/Users/Kacper/scoop/apps/avr-gcc/15.2.0/bin/../lib/gcc/avr/15.2.0/avrxmega3\libgcc.a(_negdi2.o)
 .debug_aranges
                0x000001a0       0x20 C:/Users/Kacper/scoop/apps/avr-gcc/15.2.0/bin/../lib/gcc/avr/15.2.0/avrxmega3\libgcc.a(_prologue.o)
 .debug_aranges
                0x000001c0       0x20 C:/Users/Kacper/scoop/apps/avr-gcc/15.2.0/bin/../lib/gcc/avr/15.2.0/avrxmega3\libgcc.a(_epilogue.o)
 .debug_aranges
                0x000001e0       0x20 C:/Users/Kacper/scoop/apps/avr-gcc/15.2.0/bin/../lib/gcc/avr/15.2.0/avrxmega3\libgcc.a(_umulhisi3.o)
 .debug_aranges
                0x00000200       0x20 C:/Users/Kacper/scoop/apps/avr-gcc/15.2.0/bin/../lib/gcc/avr/15.2.0/avrxmega3\libgcc.a(_udivmodsi4.o)
 .debug_aranges
                0x00000220       0x20 C:/Users/Kacper/scoop/apps/avr-gcc/15.2.0/bin/../lib/gcc/avr/15.2.0/avrxmega3\libgcc.a(_muldi3_6.o)

.debug_pubnames
 *(.debug_pubnames)

.debug_info     0x00000000     0x1f81
 *(.debug_info .gnu.linkonce.wi.*)
 .debug_info    0x00000000     0x1cf8 C:/Users/Kacper/scoop/apps/avr-gcc/15.2.0/bin/../lib/gcc/avr/15.2.0/../../../../avr/lib/avrxmega3/crtattiny1616.o
 .debug_info    0x00001cf8       0x24 C:/Users/Kacper/scoop/apps/avr-gcc/15.2.0/bin/../lib/gcc/avr/15.2.0/avrxmega3\libgcc.a(_exit.o)
 .debug_info    0x00001d1c       0x24 C:/Users/Kacper/scoop/apps/avr-gcc/15.2.0/bin/../lib/gcc/avr/15.2.0/avrxmega3\libgcc.a(_udivmodhi4.o)
 .debug_info    0x00001d40       0x24 C:/Users/Kacper/scoop/apps/avr-gcc/15.2.0/bin/../lib/gcc/avr/15.2.0/avrxmega3\libgcc.a(_divmodhi4.o)
 .debug_info    0x00001d64       0x24 C:/Users/Kacper/scoop/apps/avr-gcc/15.2.0/bin/../lib/gcc/avr/15.2.0/avrxmega3\libgcc.a(_divmodsi4.o)
 .debug_info    0x00001d88       0x24 C:/Users/Kacper/scoop/apps/avr-gcc/15.2.0/bin/../lib/gcc/avr/15.2.0/avrxmega3\libgcc.a(_negsi2.o)
 .debug_info    0x00001dac       0x24 C:/Users/Kacper/scoop/apps/avr-gcc/15.2.0/bin/../lib/gcc/avr/15.2.0/avrxmega3\libgcc.a(_clear_bss.o)
 .debug_info    0x00001dd0       0x24 C:/Users/Kacper/scoop/apps/avr-gcc/15.2.0/bin/../lib/gcc/avr/15.2.0/avrxmega3\libgcc.a(_usmulhisi3.o)
 .debug_info    0x00001df4       0x24 C:/Users/Kacper/scoop/apps/avr-gcc/15.2.0/bin/../lib/gcc/avr/15.2.0/avrxmega3\libgcc.a(_mulsidi3.o)
 .debug_info    0x00001e18       0x24 C:/Users/Kacper/scoop/apps/avr-gcc/15.2.0/bin/../lib/gcc/avr/15.2.0/avrxmega3\libgcc.a(_umulsidi3.o)
 .debug_info    0x00001e3c       0x24 C:/Users/Kacper/scoop/apps/avr-gcc/15.2.0/bin/../lib/gcc/avr/15.2.0/avrxmega3\libgcc.a(_divdi3.o)
 .debug_info    0x00001e60       0x24 C:/Users/Kacper/scoop/apps/avr-gcc/15.2.0/bin/../lib/gcc/avr/15.2.0/avrxmega3\libgcc.a(_udivdi3.o)
 .debug_info    0x00001e84       0x25 C:/Users/Kacper/scoop/apps/avr-gcc/15.2.0/bin/../lib/gcc/avr/15.2.0/avrxmega3\libgcc.a(_udivmod64.o)
 .debug_info    0x00001ea9       0x24 C:/Users/Kacper/scoop/apps/avr-gcc/15.2.0/bin/../lib/gcc/avr/15.2.0/avrxmega3\libgcc.a(_negdi2.o)
 .debug_info    0x00001ecd       0x24 C:/Users/Kacper/scoop/apps/avr-gcc/15.2.0/bin/../lib/gcc/avr/15.2.0/avrxmega3\libgcc.a(_prologue.o)
 .debug_info    0x00001ef1       0x24 C:/Users/Kacper/scoop/apps/avr-gcc/15.2.0/bin/../lib/gcc/avr/15.2.0/avrxmega3\libgcc.a(_epilogue.o)
 .debug_info    0x00001f15       0x24 C:/Users/Kacper/scoop/apps/avr-gcc/15.2.0/bin/../lib/gcc/avr/15.2.0/avrxmega3\libgcc.a(_umulhisi3.o)
 .debug_info    0x00001f39       0x24 C:/Users/Kacper/scoop/apps/avr-gcc/15.2.0/bin/../lib/gcc/avr/15.2.0/avrxmega3\libgcc.a(_udivmodsi4.o)
 .debug_info    0x00001f5d       0x24 C:/Users/Kacper/scoop/apps/avr-gcc/15.2.0/bin/../lib/gcc/avr/15.2.0/avrxmega3\libgcc.a(_muldi3_6.o)

.debug_abbrev   0x00000000     0x1cd2
 *(.debug_abbrev)
 .debug_abbrev  0x00000000     0x1b6a C:/Users/Kacper/scoop/apps/avr-gcc/15.2.0/bin/../lib/gcc/avr/15.2.0/../../../../avr/lib/avrxmega3/crtattiny1616.o
 .debug_abbrev  0x00001b6a       0x14 C:/Users/Kacper/scoop/apps/avr-gcc/15.2.0/bin/../lib/gcc/avr/15.2.0/avrxmega3\libgcc.a(_exit.o)
 .debug_abbrev  0x00001b7e       0x14 C:/Users/Kacper/scoop/apps/avr-gcc/15.2.0/bin/../lib/gcc/avr/15.2.0/avrxmega3\libgcc.a(_udivmodhi4.o)
 .debug_abbrev  0x00001b92       0x14 C:/Users/Kacper/scoop/apps/avr-gcc/15.2.0/bin/../lib/gcc/avr/15.2.0/avrxmega3\libgcc.a(_divmodhi4.o)
 .debug_abbrev  0x00001ba6       0x14 C:/Users/Kacper/scoop/apps/avr-gcc/15.2.0/bin/../lib/gcc/avr/15.2.0/avrxmega3\libgcc.a(_divmodsi4.o)
 .debug_abbrev  0x00001bba       0x14 C:/Users/Kacper/scoop/apps/avr-gcc/15.2.0/bin/../lib/gcc/avr/15.2.0/avrxmega3\libgcc.a(_negsi2.o)
 .debug_abbrev  0x00001bce       0x14 C:/Users/Kacper/scoop/apps/avr-gcc/15.2.0/bin/../lib/gcc/avr/15.2.0/avrxmega3\libgcc.a(_clear_bss.o)
 .debug_abbrev  0x00001be2       0x14 C:/Users/Kacper/scoop/apps/avr-gcc/15.2.0/bin/../lib/gcc/avr/15.2.0/avrxmega3\libgcc.a(_usmulhisi3.o)
 .debug_abbrev  0x00001bf6       0x14 C:/Users/Kacper/scoop/apps/avr-gcc/15.2.0/bin/../lib/gcc/avr/15.2.0/avrxmega3\libgcc.a(_mulsidi3.o)
 .debug_abbrev  0x00001c0a       0x14 C:/Users/Kacper/scoop/apps/avr-gcc/15.2.0/bin/../lib/gcc/avr/15.2.0/avrxmega3\libgcc.a(_umulsidi3.o)
 .debug_abbrev  0x00001c1e       0x14 C:/Users/Kacper/scoop/apps/avr-gcc/15.2.0/bin/../lib/gcc/avr/15.2.0/avrxmega3\libgcc.a(_divdi3.o)
 .debug_abbrev  0x00001c32       0x14 C:/Users/Kacper/scoop/apps/avr-gcc/15.2.0/bin/../lib/gcc/avr/15.2.0/avrxmega3\libgcc.a(_udivdi3.o)
 .debug_abbrev  0x00001c46       0x14 C:/Users/Kacper/scoop/apps/avr-gcc/15.2.0/bin/../lib/gcc/avr/15.2.0/avrxmega3\libgcc.a(_udivmod64.o)
 .debug_abbrev  0x00001c5a       0x14 C:/Users/Kacper/scoop/apps/avr-gcc/15.2.0/bin/../lib/gcc/avr/15.2.0/avrxmega3\libgcc.a(_negdi2.o)
 .debug_abbrev  0x00001c6e       0x14 C:/Users/Kacper/scoop/apps/avr-gcc/15.2.0/bin/../lib/gcc/avr/15.2.0/avrxmega3\libgcc.a(_prologue.o)
 .debug_abbrev  0x00001c82       0x14 C:/Users/Kacper/scoop/apps/avr-gcc/15.2.0/bin/../lib/gcc/avr/15.2.0/avrxmega3\libgcc.a(_epilogue.o)
 .debug_abbrev  0x00001c96       0x14 C:/Users/Kacper/scoop/apps/avr-gcc/15.2.0/bin/../lib/gcc/avr/15.2.0/avrxmega3\libgcc.a(_umulhisi3.o)
 .debug_abbrev  0x00001caa       0x14 C:/Users/Kacper/scoop/apps/avr-gcc/15.2.0/bin/../lib/gcc/avr/15.2.0/avrxmega3\libgcc.a(_udivmodsi4.o)
 .debug_abbrev  0x00001cbe       0x14 C:/Users/Kacper/scoop/apps/avr-gcc/15.2.0/bin/../lib/gcc/avr/15.2.0/avrxmega3\libgcc.a(_muldi3_6.o)

.debug_line     0x00000000      0xc47
 *(.debug_line .debug_line.* .debug_line_end)
 .debug_line    0x00000000       0x1d C:/Users/Kacper/scoop/apps/avr-gcc/15.2.0/bin/../lib/gcc/avr/15.2.0/../../../../avr/lib/avrxmega3/crtattiny1616.o
 .debug_line    0x0000001d       0x51 C:/Users/Kacper/scoop/apps/avr-gcc/15.2.0/bin/../lib/gcc/avr/15.2.0/avrxmega3\libgcc.a(_exit.o)
 .debug_line    0x0000006e       0xbd C:/Users/Kacper/scoop/apps/avr-gcc/15.2.0/bin/../lib/gcc/avr/15.2.0/avrxmega3\libgcc.a(_udivmodhi4.o)
 .debug_line    0x0000012b       0xb7 C:/Users/Kacper/scoop/apps/avr-gcc/15.2.0/bin/../lib/gcc/avr/15.2.0/avrxmega3\libgcc.a(_divmodhi4.o)
 .debug_line    0x000001e2       0xbd C:/Users/Kacper/scoop/apps/avr-gcc/15.2.0/bin/../lib/gcc/avr/15.2.0/avrxmega3\libgcc.a(_divmodsi4.o)
 .debug_line    0x0000029f       0x51 C:/Users/Kacper/scoop/apps/avr-gcc/15.2.0/bin/../lib/gcc/avr/15.2.0/avrxmega3\libgcc.a(_negsi2.o)
 .debug_line    0x000002f0       0x75 C:/Users/Kacper/scoop/apps/avr-gcc/15.2.0/bin/../lib/gcc/avr/15.2.0/avrxmega3\libgcc.a(_clear_bss.o)
 .debug_line    0x00000365       0x69 C:/Users/Kacper/scoop/apps/avr-gcc/15.2.0/bin/../lib/gcc/avr/15.2.0/avrxmega3\libgcc.a(_usmulhisi3.o)
 .debug_line    0x000003ce       0x93 C:/Users/Kacper/scoop/apps/avr-gcc/15.2.0/bin/../lib/gcc/avr/15.2.0/avrxmega3\libgcc.a(_mulsidi3.o)
 .debug_line    0x00000461       0xff C:/Users/Kacper/scoop/apps/avr-gcc/15.2.0/bin/../lib/gcc/avr/15.2.0/avrxmega3\libgcc.a(_umulsidi3.o)
 .debug_line    0x00000560       0xe1 C:/Users/Kacper/scoop/apps/avr-gcc/15.2.0/bin/../lib/gcc/avr/15.2.0/avrxmega3\libgcc.a(_divdi3.o)
 .debug_line    0x00000641       0x93 C:/Users/Kacper/scoop/apps/avr-gcc/15.2.0/bin/../lib/gcc/avr/15.2.0/avrxmega3\libgcc.a(_udivdi3.o)
 .debug_line    0x000006d4      0x135 C:/Users/Kacper/scoop/apps/avr-gcc/15.2.0/bin/../lib/gcc/avr/15.2.0/avrxmega3\libgcc.a(_udivmod64.o)
 .debug_line    0x00000809       0x69 C:/Users/Kacper/scoop/apps/avr-gcc/15.2.0/bin/../lib/gcc/avr/15.2.0/avrxmega3\libgcc.a(_negdi2.o)
 .debug_line    0x00000872       0xdb C:/Users/Kacper/scoop/apps/avr-gcc/15.2.0/bin/../lib/gcc/avr/15.2.0/avrxmega3\libgcc.a(_prologue.o)
 .debug_line    0x0000094d       0xd5 C:/Users/Kacper/scoop/apps/avr-gcc/15.2.0/bin/../lib/gcc/avr/15.2.0/avrxmega3\libgcc.a(_epilogue.o)
 .debug_line    0x00000a22       0x9f C:/Users/Kacper/scoop/apps/avr-gcc/15.2.0/bin/../lib/gcc/avr/15.2.0/avrxmega3\libgcc.a(_umulhisi3.o)
 .debug_line    0x00000ac1      0x111 C:/Users/Kacper/scoop/apps/avr-gcc/15.2.0/bin/../lib/gcc/avr/15.2.0/avrxmega3\libgcc.a(_udivmodsi4.o)
 .debug_line    0x00000bd2       0x75 C:/Users/Kacper/scoop/apps/avr-gcc/15.2.0/bin/../lib/gcc/avr/15.2.0/avrxmega3\libgcc.a(_muldi3_6.o)

.debug_frame
 *(.debug_frame)

.debug_str      0x00000000      0xc4e
 *(.debug_str)
 .debug_str     0x00000000      0xbe1 C:/Users/Kacper/scoop/apps/avr-gcc/15.2.0/bin/../lib/gcc/avr/15.2.0/../../../../avr/lib/avrxmega3/crtattiny1616.o
 .debug_str     0x00000be1       0x6d C:/Users/Kacper/scoop/apps/avr-gcc/15.2.0/bin/../lib/gcc/avr/15.2.0/avrxmega3\libgcc.a(_exit.o)
 .debug_str     0x00000c4e        0x0 C:/Users/Kacper/scoop/apps/avr-gcc/15.2.0/bin/../lib/gcc/avr/15.2.0/avrxmega3\libgcc.a(_udivmodhi4.o)
                                 0x6d (size before relaxing)
 .debug_str     0x00000c4e        0x0 C:/Users/Kacper/scoop/apps/avr-gcc/15.2.0/bin/../lib/gcc/avr/15.2.0/avrxmega3\libgcc.a(_divmodhi4.o)
                                 0x6d (size before relaxing)
 .debug_str     0x00000c4e        0x0 C:/Users/Kacper/scoop/apps/avr-gcc/15.2.0/bin/../lib/gcc/avr/15.2.0/avrxmega3\libgcc.a(_divmodsi4.o)
                                 0x6d (size before relaxing)
 .debug_str     0x00000c4e        0x0 C:/Users/Kacper/scoop/apps/avr-gcc/15.2.0/bin/../lib/gcc/avr/15.2.0/avrxmega3\libgcc.a(_negsi2.o)
                                 0x6d (size before relaxing)
 .debug_str     0x00000c4e        0x0 C:/Users/Kacper/scoop/apps/avr-gcc/15.2.0/bin/../lib/gcc/avr/15.2.0/avrxmega3\libgcc.a(_clear_bss.o)
                                 0x6d (size before relaxing)
 .debug_str     0x00000c4e        0x0 C:/Users/Kacper/scoop/apps/avr-gcc/15.2.0/bin/../lib/gcc/avr/15.2.0/avrxmega3\libgcc.a(_usmulhisi3.o)
                                 0x6d (size before relaxing)
 .debug_str     0x00000c4e        0x0 C:/Users/Kacper/scoop/apps/avr-gcc/15.2.0/bin/../lib/gcc/avr/15.2.0/avrxmega3\libgcc.a(_mulsidi3.o)
                                 0x6d (size before relaxing)
 .debug_str     0x00000c4e        0x0 C:/Users/Kacper/scoop/apps/avr-gcc/15.2.0/bin/../lib/gcc/avr/15.2.0/avrxmega3\libgcc.a(_umulsidi3.o)
                                 0x6d (size before relaxing)
 .debug_str     0x00000c4e        0x0 C:/Users/Kacper/scoop/apps/avr-gcc/15.2.0/bin/../lib/gcc/avr/15.2.0/avrxmega3\libgcc.a(_divdi3.o)
                                 0x6d (size before relaxing)
 .debug_str     0x00000c4e        0x0 C:/Users/Kacper/scoop/apps/avr-gcc/15.2.0/bin/../lib/gcc/avr/15.2.0/avrxmega3\libgcc.a(_udivdi3.o)
                                 0x6d (size before relaxing)
 .debug_str     0x00000c4e        0x0 C:/Users/Kacper/scoop/apps/avr-gcc/15.2.0/bin/../lib/gcc/avr/15.2.0/avrxmega3\libgcc.a(_udivmod64.o)
                                 0x6d (size before relaxing)
 .debug_str     0x00000c4e        0x0 C:/Users/Kacper/scoop/apps/avr-gcc/15.2.0/bin/../lib/gcc/avr/15.2.0/avrxmega3\libgcc.a(_negdi2.o)
                                 0x6d (size before relaxing)
 .debug_str     0x00000c4e        0x0 C:/Users/Kacper/scoop/apps/avr-gcc/15.2.0/bin/../lib/gcc/avr/15.2.0/avrxmega3\libgcc.a(_prologue.o)
                                 0x6d (size before relaxing)
 .debug_str     0x00000c4e        0x0 C:/Users/Kacper/scoop/apps/avr-gcc/15.2.0/bin/../lib/gcc/avr/15.2.0/avrxmega3\libgcc.a(_epilogue.o)
                                 0x6d (size before relaxing)
 .debug_str     0x00000c4e        0x0 C:/Users/Kacper/scoop/apps/avr-gcc/15.2.0/bin/../lib/gcc/avr/15.2.0/avrxmega3\libgcc.a(_umulhisi3.o)
                                 0x6d (size before relaxing)
 .debug_str     0x00000c4e        0x0 C:/Users/Kacper/scoop/apps/avr-gcc/15.2.0/bin/../lib/gcc/avr/15.2.0/avrxmega3\libgcc.a(_udivmodsi4.o)
                                 0x6d (size before relaxing)
 .debug_str     0x00000c4e        0x0 C:/Users/Kacper/scoop/apps/avr-gcc/15.2.0/bin/../lib/gcc/avr/15.2.0/avrxmega3\libgcc.a(_muldi3_6.o)
                                 0x6d (size before relaxing)

.debug_loc
 *(.debug_loc)

.debug_macinfo
 *(.debug_macinfo)

.debug_weaknames
 *(.debug_weaknames)

.debug_funcnames
 *(.debug_funcnames)

.debug_typenames
 *(.debug_typenames)

.debug_varnames
 *(.debug_varnames)

.debug_pubtypes
 *(.debug_pubtypes)

.debug_ranges
 *(.debug_ranges)

.debug_addr
 *(.debug_addr)

.debug_line_str
                0x00000000       0x61
 *(.debug_line_str)
 .debug_line_str
                0x00000000       0x61 C:/Users/Kacper/scoop/apps/avr-gcc/15.2.0/bin/../lib/gcc/avr/15.2.0/avrxmega3\libgcc.a(_exit.o)
 .debug_line_str
                0x00000061        0x0 C:/Users/Kacper/scoop/apps/avr-gcc/15.2.0/bin/../lib/gcc/avr/15.2.0/avrxmega3\libgcc.a(_udivmodhi4.o)
                                 0x61 (size before relaxing)
 .debug_line_str
                0x00000061        0x0 C:/Users/Kacper/scoop/apps/avr-gcc/15.2.0/bin/../lib/gcc/avr/15.2.0/avrxmega3\libgcc.a(_divmodhi4.o)
                                 0x61 (size before relaxing)
 .debug_line_str
                0x00000061        0x0 C:/Users/Kacper/scoop/apps/avr-gcc/15.2.0/bin/../lib/gcc/avr/15.2.0/avrxmega3\libgcc.a(_divmodsi4.o)
                                 0x61 (size before relaxing)
 .debug_line_str
                0x00000061        0x0 C:/Users/Kacper/scoop/apps/avr-gcc/15.2.0/bin/../lib/gcc/avr/15.2.0/avrxmega3\libgcc.a(_negsi2.o)
                                 0x61 (size before relaxing)
 .debug_line_str
                0x00000061        0x0 C:/Users/Kacper/scoop/apps/avr-gcc/15.2.0/bin/../lib/gcc/avr/15.2.0/avrxmega3\libgcc.a(_clear_bss.o)
                                 0x61 (size before relaxing)
 .debug_line_str
                0x00000061        0x0 C:/Users/Kacper/scoop/apps/avr-gcc/15.2.0/bin/../lib/gcc/avr/15.2.0/avrxmega3\libgcc.a(_usmulhisi3.o)
                                 0x61 (size before relaxing)
 .debug_line_str
                0x00000061        0x0 C:/Users/Kacper/scoop/apps/avr-gcc/15.2.0/bin/../lib/gcc/avr/15.2.0/avrxmega3\libgcc.a(_mulsidi3.o)
                                 0x61 (size before relaxing)
 .debug_line_str
                0x00000061        0x0 C:/Users/Kacper/scoop/apps/avr-gcc/15.2.0/bin/../lib/gcc/avr/15.2.0/avrxmega3\libgcc.a(_umulsidi3.o)
                                 0x61 (size before relaxing)
 .debug_line_str
                0x00000061        0x0 C:/Users/Kacper/scoop/apps/avr-gcc/15.2.0/bin/../lib/gcc/avr/15.2.0/avrxmega3\libgcc.a(_divdi3.o)
                                 0x61 (size before relaxing)
 .debug_line_str
                0x00000061        0x0 C:/Users/Kacper/scoop/apps/avr-gcc/15.2.0/bin/../lib/gcc/avr/15.2.0/avrxmega3\libgcc.a(_udivdi3.o)
                                 0x61 (size before relaxing)
 .debug_line_str
                0x00000061        0x0 C:/Users/Kacper/scoop/apps/avr-gcc/15.2.0/bin/../lib/gcc/avr/15.2.0/avrxmega3\libgcc.a(_udivmod64.o)
                                 0x61 (size before relaxing)
 .debug_line_str
                0x00000061        0x0 C:/Users/Kacper/scoop/apps/avr-gcc/15.2.0/bin/../lib/gcc/avr/15.2.0/avrxmega3\libgcc.a(_negdi2.o)
                                 0x61 (size before relaxing)
 .debug_line_str
                0x00000061        0x0 C:/Users/Kacper/scoop/apps/avr-gcc/15.2.0/bin/../lib/gcc/avr/15.2.0/avrxmega3\libgcc.a(_prologue.o)
                                 0x61 (size before relaxing)
 .debug_line_str
                0x00000061        0x0 C:/Users/Kacper/scoop/apps/avr-gcc/15.2.0/bin/../lib/gcc/avr/15.2.0/avrxmega3\libgcc.a(_epilogue.o)
                                 0x61 (size before relaxing)
 .debug_line_str
                0x00000061        0x0 C:/Users/Kacper/scoop/apps/avr-gcc/15.2.0/bin/../lib/gcc/avr/15.2.0/avrxmega3\libgcc.a(_umulhisi3.o)
                                 0x61 (size before relaxing)
 .debug_line_str
                0x00000061        0x0 C:/Users/Kacper/scoop/apps/avr-gcc/15.2.0/bin/../lib/gcc/avr/15.2.0/avrxmega3\libgcc.a(_udivmodsi4.o)
                                 0x61 (size before relaxing)
 .debug_line_str
                0x00000061        0x0 C:/Users/Kacper/scoop/apps/avr-gcc/15.2.0/bin/../lib/gcc/avr/15.2.0/avrxmega3\libgcc.a(_muldi3_6.o)
                                 0x61 (size before relaxing)

.debug_loclists
 *(.debug_loclists)

.debug_macro
 *(.debug_macro)

.debug_names
 *(.debug_names)

.debug_rnglists
 *(.debug_rnglists)

.debug_str_offsets
 *(.debug_str_offsets)

.debug_sup
 *(.debug_sup)
OUTPUT(main.elf elf32-avr)
LOAD linker stubs
