Archive member included to satisfy reference by file (symbol)

C:/Users/Kacper/scoop/apps/avr-gcc/15.2.0/bin/../lib/gcc/avr/15.2.0/../../../../avr/lib/avrxmega3\libm.a(atan2.o)
                              C:\Users\Kacper\AppData\Local\Temp\cccpE8gw.o (symbol from plugin) (atan2f)
C:/Users/Kacper/scoop/apps/avr-gcc/15.2.0/bin/../lib/gcc/avr/15.2.0/../../../../avr/lib/avrxmega3\libm.a(atan.o)
                              C:/Users/Kacper/scoop/apps/avr-gcc/15.2.0/bin/../lib/gcc/avr/15.2.0/../../../../avr/lib/avrxmega3\libm.a(atan2.o) (atanf)
C:/Users/Kacper/scoop/apps/avr-gcc/15.2.0/bin/../lib/gcc/avr/15.2.0/../../../../avr/lib/avrxmega3\libm.a(cos.o)
                              C:\Users\Kacper\AppData\Local\Temp\cccpE8gw.o (symbol from plugin) (cosf)
C:/Users/Kacper/scoop/apps/avr-gcc/15.2.0/bin/../lib/gcc/avr/15.2.0/../../../../avr/lib/avrxmega3\libm.a(divsf3x.o)
                              C:/Users/Kacper/scoop/apps/avr-gcc/15.2.0/bin/../lib/gcc/avr/15.2.0/../../../../avr/lib/avrxmega3\libm.a(atan2.o) (__divsf3_pse)
C:/Users/Kacper/scoop/apps/avr-gcc/15.2.0/bin/../lib/gcc/avr/15.2.0/../../../../avr/lib/avrxmega3\libm.a(floor.o)
                              C:\Users\Kacper\AppData\Local\Temp\cccpE8gw.o (symbol from plugin) (floorf)
C:/Users/Kacper/scoop/apps/avr-gcc/15.2.0/bin/../lib/gcc/avr/15.2.0/../../../../avr/lib/avrxmega3\libm.a(fp_inf.o)
                              C:/Users/Kacper/scoop/apps/avr-gcc/15.2.0/bin/../lib/gcc/avr/15.2.0/../../../../avr/lib/avrxmega3\libm.a(divsf3x.o) (__fp_inf)
C:/Users/Kacper/scoop/apps/avr-gcc/15.2.0/bin/../lib/gcc/avr/15.2.0/../../../../avr/lib/avrxmega3\libm.a(fp_mintl.o)
                              C:/Users/Kacper/scoop/apps/avr-gcc/15.2.0/bin/../lib/gcc/avr/15.2.0/../../../../avr/lib/avrxmega3\libm.a(floor.o) (__fp_mintl)
C:/Users/Kacper/scoop/apps/avr-gcc/15.2.0/bin/../lib/gcc/avr/15.2.0/../../../../avr/lib/avrxmega3\libm.a(fp_mpack.o)
                              C:/Users/Kacper/scoop/apps/avr-gcc/15.2.0/bin/../lib/gcc/avr/15.2.0/../../../../avr/lib/avrxmega3\libm.a(floor.o) (__fp_mpack)
C:/Users/Kacper/scoop/apps/avr-gcc/15.2.0/bin/../lib/gcc/avr/15.2.0/../../../../avr/lib/avrxmega3\libm.a(fp_nan.o)
                              C:/Users/Kacper/scoop/apps/avr-gcc/15.2.0/bin/../lib/gcc/avr/15.2.0/../../../../avr/lib/avrxmega3\libm.a(atan2.o) (__fp_nan)
C:/Users/Kacper/scoop/apps/avr-gcc/15.2.0/bin/../lib/gcc/avr/15.2.0/../../../../avr/lib/avrxmega3\libm.a(fp_powser.o)
                              C:/Users/Kacper/scoop/apps/avr-gcc/15.2.0/bin/../lib/gcc/avr/15.2.0/../../../../avr/lib/avrxmega3\libm.a(atan.o) (__fp_powser)
C:/Users/Kacper/scoop/apps/avr-gcc/15.2.0/bin/../lib/gcc/avr/15.2.0/../../../../avr/lib/avrxmega3\libm.a(fp_pscA.o)
                              C:/Users/Kacper/scoop/apps/avr-gcc/15.2.0/bin/../lib/gcc/avr/15.2.0/../../../../avr/lib/avrxmega3\libm.a(atan2.o) (__fp_pscA)
C:/Users/Kacper/scoop/apps/avr-gcc/15.2.0/bin/../lib/gcc/avr/15.2.0/../../../../avr/lib/avrxmega3\libm.a(fp_pscB.o)
                              C:/Users/Kacper/scoop/apps/avr-gcc/15.2.0/bin/../lib/gcc/avr/15.2.0/../../../../avr/lib/avrxmega3\libm.a(atan2.o) (__fp_pscB)
C:/Users/Kacper/scoop/apps/avr-gcc/15.2.0/bin/../lib/gcc/avr/15.2.0/../../../../avr/lib/avrxmega3\libm.a(fp_rempio2.o)
                              C:/Users/Kacper/scoop/apps/avr-gcc/15.2.0/bin/../lib/gcc/avr/15.2.0/../../../../avr/lib/avrxmega3\libm.a(cos.o) (__fp_rempio2)
C:/Users/Kacper/scoop/apps/avr-gcc/15.2.0/bin/../lib/gcc/avr/15.2.0/../../../../avr/lib/avrxmega3\libm.a(fp_round.o)
                              C:/Users/Kacper/scoop/apps/avr-gcc/15.2.0/bin/../lib/gcc/avr/15.2.0/../../../../avr/lib/avrxmega3\libm.a(atan2.o) (__fp_round)
C:/Users/Kacper/scoop/apps/avr-gcc/15.2.0/bin/../lib/gcc/avr/15.2.0/../../../../avr/lib/avrxmega3\libm.a(fp_sinus.o)
                              C:/Users/Kacper/scoop/apps/avr-gcc/15.2.0/bin/../lib/gcc/avr/15.2.0/../../../../avr/lib/avrxmega3\libm.a(cos.o) (__fp_sinus)
C:/Users/Kacper/scoop/apps/avr-gcc/15.2.0/bin/../lib/gcc/avr/15.2.0/../../../../avr/lib/avrxmega3\libm.a(fp_split3.o)
                              C:/Users/Kacper/scoop/apps/avr-gcc/15.2.0/bin/../lib/gcc/avr/15.2.0/../../../../avr/lib/avrxmega3\libm.a(atan2.o) (__fp_split3)
C:/Users/Kacper/scoop/apps/avr-gcc/15.2.0/bin/../lib/gcc/avr/15.2.0/../../../../avr/lib/avrxmega3\libm.a(fp_trunc.o)
                              C:/Users/Kacper/scoop/apps/avr-gcc/15.2.0/bin/../lib/gcc/avr/15.2.0/../../../../avr/lib/avrxmega3\libm.a(floor.o) (__fp_trunc)
C:/Users/Kacper/scoop/apps/avr-gcc/15.2.0/bin/../lib/gcc/avr/15.2.0/../../../../avr/lib/avrxmega3\libm.a(fp_zero.o)
                              C:/Users/Kacper/scoop/apps/avr-gcc/15.2.0/bin/../lib/gcc/avr/15.2.0/../../../../avr/lib/avrxmega3\libm.a(atan2.o) (__fp_zero)
C:/Users/Kacper/scoop/apps/avr-gcc/15.2.0/bin/../lib/gcc/avr/15.2.0/../../../../avr/lib/avrxmega3\libm.a(inverse.o)
[...]
Memory Configuration

Name             Origin             Length             Attributes
text             0x00000000         0x00004000         xr
data             0x00803800         0x00000800         rw!x
eeprom           0x00810000         0x00000100         rw!x
fuse             0x00820000         0x0000000a         rw!x
lock             0x00830000         0x00000001         rw!x
signature        0x00840000         0x00000003         rw!x
user_signatures  0x00850000         0x00000020         rw!x
*default*        0x00000000         0xffffffff

Linker script and memory map

Address of section .data set to 0x803800
LOAD C:/Users/Kacper/scoop/apps/avr-gcc/15.2.0/bin/../lib/gcc/avr/15.2.0/../../../../avr/lib/avrxmega3/crtattiny1616.o
LOAD C:\Users\Kacper\AppData\Local\Temp\cccpE8gw.o
LOAD C:\Users\Kacper\AppData\Local\Temp\ccazGfzo.ltrans0.ltrans.o
LOAD C:/Users/Kacper/scoop/apps/avr-gcc/15.2.0/bin/../lib/gcc/avr/15.2.0/../../../../avr/lib/avrxmega3\libm.a
START GROUP
LOAD C:/Users/Kacper/scoop/apps/avr-gcc/15.2.0/bin/../lib/gcc/avr/15.2.0/avrxmega3\libgcc.a
LOAD C:/Users/Kacper/scoop/apps/avr-gcc/15.2.0/bin/../lib/gcc/avr/15.2.0/../../../../avr/lib/avrxmega3\libm.a
LOAD C:/Users/Kacper/scoop/apps/avr-gcc/15.2.0/bin/../lib/gcc/avr/15.2.0/../../../../avr/lib/avrxmega3\libc.a
LOAD C:/Users/Kacper/scoop/apps/avr-gcc/15.2.0/bin/../lib/gcc/avr/15.2.0/../../../../avr/lib/avrxmega3\libattiny1616.a
END GROUP
                [0x00000000]                      __TEXT_REGION_ORIGIN__ = DEFINED (__TEXT_REGION_ORIGIN__)?__TEXT_REGION_ORIGIN__:0x0
                [0x00004000]                      __TEXT_REGION_LENGTH__ = DEFINED (__TEXT_REGION_LENGTH__)?__TEXT_REGION_LENGTH__:0x100000
                [0x00803800]                      __DATA_REGION_ORIGIN__ = DEFINED (__DATA_REGION_ORIGIN__)?__DATA_REGION_ORIGIN__:0x802000
                [0x00000800]                      __DATA_REGION_LENGTH__ = DEFINED (__DATA_REGION_LENGTH__)?__DATA_REGION_LENGTH__:0xffa0
                [0x00000100]                      __EEPROM_REGION_LENGTH__ = DEFINED (__EEPROM_REGION_LENGTH__)?__EEPROM_REGION_LENGTH__:0x10000
                [0x0000000a]                      __FUSE_REGION_LENGTH__ = DEFINED (__FUSE_REGION_LENGTH__)?__FUSE_REGION_LENGTH__:0x400
                [0x00000001]                      __LOCK_REGION_LENGTH__ = DEFINED (__LOCK_REGION_LENGTH__)?__LOCK_REGION_LENGTH__:0x400
                [0x00000003]                      __SIGNATURE_REGION_LENGTH__ = DEFINED (__SIGNATURE_REGION_LENGTH__)?__SIGNATURE_REGION_LENGTH__:0x400
                [0x00000020]                      __USER_SIGNATURE_REGION_LENGTH__ = DEFINED (__USER_SIGNATURE_REGION_LENGTH__)?__USER_SIGNATURE_REGION_LENGTH__:0x400
                0x00008000                        __RODATA_PM_OFFSET__ = DEFINED (__RODATA_PM_OFFSET__)?__RODATA_PM_OFFSET__:0x8000

.hash
 *(.hash)

.dynsym
 *(.dynsym)

.dynstr
 *(.dynstr)

.gnu.version
 *(.gnu.version)

.gnu.version_d
 *(.gnu.version_d)

.gnu.version_r
 *(.gnu.version_r)

.rel.init
 *(.rel.init)

.rela.init
 *(.rela.init)

.rel.text
 *(.rel.text)
 *(.rel.text.*)
 *(.rel.gnu.linkonce.t*)

.rela.text
 *(.rela.text)
 *(.rela.text.*)
 *(.rela.gnu.linkonce.t*)

.rel.fini
 *(.rel.fini)

.rela.fini
 *(.rela.fini)

.rel.rodata
 *(.rel.rodata)
 *(.rel.rodata.*)
 *(.rel.gnu.linkonce.r*)

.rela.rodata
 *(.rela.rodata)
 *(.rela.rodata.*)
 *(.rela.gnu.linkonce.r*)

.rel.data
 *(.rel.data)
 *(.rel.data.*)
 *(.rel.gnu.linkonce.d*)

.rela.data
 *(.rela.data)
 *(.rela.data.*)
 *(.rela.gnu.linkonce.d*)

.rel.ctors
 *(.rel.ctors)

.rela.ctors
 *(.rela.ctors)

.rel.dtors
 *(.rel.dtors)

.rela.dtors
 *(.rela.dtors)

.rel.got
 *(.rel.got)

.rela.got
 *(.rela.got)

.rel.bss
 *(.rel.bss)

.rela.bss
 *(.rela.bss)

.rel.plt
 *(.rel.plt)

.rela.plt
 *(.rela.plt)

.text           0x00000000     0x18d4
 *(.vectors)
 .vectors       0x00000000       0x7c C:/Users/Kacper/scoop/apps/avr-gcc/15.2.0/bin/../lib/gcc/avr/15.2.0/../../../../avr/lib/avrxmega3/crtattiny1616.o
                0x00000000                __vector_default
                0x00000000                __vectors
 *(.vectors)
                0x0000007c                        __progmem_start = .
 *(.progmem)
 *(.progmem.*)
                0x0000007c                        __progmem_end = .
                0x00000001                        ASSERT (((__progmem_start == __progmem_end) || (__progmem_end <= 0x10000)), .progmem section exceeds 0x10000)
                0x0000007c                        . = ALIGN (0x2)
                0x0000007c                        __trampolines_start = .
 *(.trampolines)
 .trampolines   0x0000007c        0x0 linker stubs
 *(.trampolines*)
                0x0000007c                        __trampolines_end = .
                0x0000007c                        . = ALIGN (0x2)
 *(.lowtext)
 *(.lowtext*)
                0x0000007c                        __ctors_start = .
 *(.ctors)
                0x0000007c                        __ctors_end = .
                0x0000007c                        __dtors_start = .
 *(.dtors)
                0x0000007c                        __dtors_end = .
 SORT_BY_NAME(*)(.ctors)
 SORT_BY_NAME(*)(.dtors)
 *(.init0)
 .init0         0x0000007c        0x0 C:/Users/Kacper/scoop/apps/avr-gcc/15.2.0/bin/../lib/gcc/avr/15.2.0/../../../../avr/lib/avrxmega3/crtattiny1616.o
                0x0000007c                __init
 *(.init0)
 *(.init1)
 *(.init1)
 *(.init2)
 .init2         0x0000007c        0xc C:/Users/Kacper/scoop/apps/avr-gcc/15.2.0/bin/../lib/gcc/avr/15.2.0/../../../../avr/lib/avrxmega3/crtattiny1616.o
 *(.init2)
 *(.init3)
 *(.init3)
 *(.init4)
 .init4         0x00000088       0x10 C:/Users/Kacper/scoop/apps/avr-gcc/15.2.0/bin/../lib/gcc/avr/15.2.0/avrxmega3\libgcc.a(_clear_bss.o)
                0x00000088                __do_clear_bss
 *(.init4)
 *(.init5)
 *(.init5)
 *(.init6)
 *(.init6)
 *(.init7)
 *(.init7)
 *(.init8)
 *(.init8)
 *(.init9)
 .init9         0x00000098        0x8 C:/Users/Kacper/scoop/apps/avr-gcc/15.2.0/bin/../lib/gcc/avr/15.2.0/../../../../avr/lib/avrxmega3/crtattiny1616.o
 *(.init9)
 *(.text)
 .text          0x000000a0        0x4 C:/Users/Kacper/scoop/apps/avr-gcc/15.2.0/bin/../lib/gcc/avr/15.2.0/../../../../avr/lib/avrxmega3/crtattiny1616.o
                0x000000a0                __vector_22
                0x000000a0                __vector_28
                0x000000a0                __vector_1
                0x000000a0                __vector_24
                0x000000a0                __vector_12
                0x000000a0                __bad_interrupt
                0x000000a0                __vector_6
                0x000000a0                __vector_3
                0x000000a0                __vector_23
                0x000000a0                __vector_30
                0x000000a0                __vector_25
                0x000000a0                __vector_11
                0x000000a0                __vector_13
                0x000000a0                __vector_17
                0x000000a0                __vector_19
                0x000000a0                __vector_27
                0x000000a0                __vector_5
                0x000000a0                __vector_4
                0x000000a0                __vector_9
                0x000000a0                __vector_2
                0x000000a0                __vector_21
                0x000000a0                __vector_15
                0x000000a0                __vector_29
                0x000000a0                __vector_8
                0x000000a0                __vector_26
                0x000000a0                __vector_14
                0x000000a0                __vector_10
                0x000000a0                __vector_16
                0x000000a0                __vector_18
                0x000000a0                __vector_20
                0x000000a4                        . = ALIGN (0x2)
 *(.text.*)
 .text.usart_putc
                0x000000a4        0xe C:\Users\Kacper\AppData\Local\Temp\ccazGfzo.ltrans0.ltrans.o
 .text.usart_print
                0x000000b2       0x1a C:\Users\Kacper\AppData\Local\Temp\ccazGfzo.ltrans0.ltrans.o
 .text.usart_print_u16
                0x000000cc       0x82 C:\Users\Kacper\AppData\Local\Temp\ccazGfzo.ltrans0.ltrans.o
 .text.usart_print_temp_dC
                0x0000014e       0x3a C:\Users\Kacper\AppData\Local\Temp\ccazGfzo.ltrans0.ltrans.o
 .text.adc_read
                0x00000188       0x20 C:\Users\Kacper\AppData\Local\Temp\ccazGfzo.ltrans0.ltrans.o
 .text.__vector_7
                0x000001a8        0xc C:\Users\Kacper\AppData\Local\Temp\ccazGfzo.ltrans0.ltrans.o
                0x000001a8                __vector_7
 .text.startup.main
                0x000001b4      0xacc C:\Users\Kacper\AppData\Local\Temp\ccazGfzo.ltrans0.ltrans.o
                0x000001b4                main
 .text.avr-libc.fplib
                0x00000c80       0x86 C:/Users/Kacper/scoop/apps/avr-gcc/15.2.0/bin/../lib/gcc/avr/15.2.0/../../../../avr/lib/avrxmega3\libm.a(atan2.o)
                0x00000ca6                atan2f
                0x00000ca6                atan2
 .text.avr-libc.fplib
                0x00000d06       0x5e C:/Users/Kacper/scoop/apps/avr-gcc/15.2.0/bin/../lib/gcc/avr/15.2.0/../../../../avr/lib/avrxmega3\libm.a(atan.o)
                0x00000d06                atanf
                0x00000d06                atan
 .text.avr-libc.fplib
                0x00000d64        0xa C:/Users/Kacper/scoop/apps/avr-gcc/15.2.0/bin/../lib/gcc/avr/15.2.0/../../../../avr/lib/avrxmega3\libm.a(cos.o)
                0x00000d64                cos
                0x00000d64                cosf
 .text.avr-libc.fplib
                0x00000d6e       0xdc C:/Users/Kacper/scoop/apps/avr-gcc/15.2.0/bin/../lib/gcc/avr/15.2.0/../../../../avr/lib/avrxmega3\libm.a(divsf3x.o)
                0x00000d8e                __divsf3x
                0x00000d94                __divsf3_pse
 .text.avr-libc.fplib
                0x00000e4a       0x2e C:/Users/Kacper/scoop/apps/avr-gcc/15.2.0/bin/../lib/gcc/avr/15.2.0/../../../../avr/lib/avrxmega3\libm.a(floor.o)
                0x00000e4a                floorf
                0x00000e4a                floor
 .text.avr-libc.fplib
                0x00000e78        0xc C:/Users/Kacper/scoop/apps/avr-gcc/15.2.0/bin/../lib/gcc/avr/15.2.0/../../../../avr/lib/avrxmega3\libm.a(fp_inf.o)
                0x00000e78                __fp_inf
 .text.avr-libc.fplib
                0x00000e84       0x36 C:/Users/Kacper/scoop/apps/avr-gcc/15.2.0/bin/../lib/gcc/avr/15.2.0/../../../../avr/lib/avrxmega3\libm.a(fp_mintl.o)
                0x00000e84                __fp_mintl
 .text.avr-libc.fplib
                0x00000eba       0x1c C:/Users/Kacper/scoop/apps/avr-gcc/15.2.0/bin/../lib/gcc/avr/15.2.0/../../../../avr/lib/avrxmega3\libm.a(fp_mpack.o)
                0x00000eba                __fp_mpack
                0x00000ebe                __fp_mpack_finite
 .text.avr-libc.fplib
                0x00000ed6        0x6 C:/Users/Kacper/scoop/apps/avr-gcc/15.2.0/bin/../lib/gcc/avr/15.2.0/../../../../avr/lib/avrxmega3\libm.a(fp_nan.o)
                0x00000ed6                __fp_nan
 .text.avr-libc.fplib
                0x00000edc       0x4e C:/Users/Kacper/scoop/apps/avr-gcc/15.2.0/bin/../lib/gcc/avr/15.2.0/../../../../avr/lib/avrxmega3\libm.a(fp_powser.o)
                0x00000edc                __fp_powser
 .text.avr-libc.fplib
                0x00000f2a        0xe C:/Users/Kacper/scoop/apps/avr-gcc/15.2.0/bin/../lib/gcc/avr/15.2.0/../../../../avr/lib/avrxmega3\libm.a(fp_pscA.o)
                0x00000f2a                __fp_pscA
 .text.avr-libc.fplib
                0x00000f38        0xe C:/Users/Kacper/scoop/apps/avr-gcc/15.2.0/bin/../lib/gcc/avr/15.2.0/../../../../avr/lib/avrxmega3\libm.a(fp_pscB.o)
                0x00000f38                __fp_pscB
 .text.avr-libc.fplib
                0x00000f46       0x56 C:/Users/Kacper/scoop/apps/avr-gcc/15.2.0/bin/../lib/gcc/avr/15.2.0/../../../../avr/lib/avrxmega3\libm.a(fp_rempio2.o)
                0x00000f4a                __fp_rempio2
 .text.avr-libc.fplib
                0x00000f9c       0x22 C:/Users/Kacper/scoop/apps/avr-gcc/15.2.0/bin/../lib/gcc/avr/15.2.0/../../../../avr/lib/avrxmega3\libm.a(fp_round.o)
                0x00000f9c                __fp_round
 .text.avr-libc.fplib
                0x00000fbe       0x28 C:/Users/Kacper/scoop/apps/avr-gcc/15.2.0/bin/../lib/gcc/avr/15.2.0/../../../../avr/lib/avrxmega3\libm.a(fp_sinus.o)
                0x00000fbe                __fp_sinus
 .text.avr-libc.fplib
                0x00000fe6       0x44 C:/Users/Kacper/scoop/apps/avr-gcc/15.2.0/bin/../lib/gcc/avr/15.2.0/../../../../avr/lib/avrxmega3\libm.a(fp_split3.o)
                0x00000fe6                __fp_split3
                0x00000ff6                __fp_splitA
 .text.avr-libc.fplib
                0x0000102a       0x30 C:/Users/Kacper/scoop/apps/avr-gcc/15.2.0/bin/../lib/gcc/avr/15.2.0/../../../../avr/lib/avrxmega3\libm.a(fp_trunc.o)
                0x0000102a                __fp_trunc
 .text.avr-libc.fplib
                0x0000105a        0xe C:/Users/Kacper/scoop/apps/avr-gcc/15.2.0/bin/../lib/gcc/avr/15.2.0/../../../../avr/lib/avrxmega3\libm.a(fp_zero.o)
                0x0000105a                __fp_zero
                0x0000105c                __fp_szero
 .text.avr-libc.fplib
                0x00001068       0x10 C:/Users/Kacper/scoop/apps/avr-gcc/15.2.0/bin/../lib/gcc/avr/15.2.0/../../../../avr/lib/avrxmega3\libm.a(inverse.o)
                0x00001068                __inversef
 .text.avr-libc.fplib
                0x00001078       0xa0 C:/Users/Kacper/scoop/apps/avr-gcc/15.2.0/bin/../lib/gcc/avr/15.2.0/../../../../avr/lib/avrxmega3\libm.a(log.o)
                0x00001088                logf
                0x00001088                log
 .text.avr-libc.fplib
                0x00001118       0x66 C:/Users/Kacper/scoop/apps/avr-gcc/15.2.0/bin/../lib/gcc/avr/15.2.0/../../../../avr/lib/avrxmega3\libm.a(lround.o)
                0x00001118                lround
                0x00001118                lroundf
 .text.avr-libc.fplib
                0x0000117e       0xd2 C:/Users/Kacper/scoop/apps/avr-gcc/15.2.0/bin/../lib/gcc/avr/15.2.0/../../../../avr/lib/avrxmega3\libm.a(mulsf3x.o)
                0x0000119c                __mulsf3x
                0x000011a2                __mulsf3_pse
 .text.avr-libc.fplib
                0x00001250       0x48 C:/Users/Kacper/scoop/apps/avr-gcc/15.2.0/bin/../lib/gcc/avr/15.2.0/../../../../avr/lib/avrxmega3\libm.a(round.o)
                0x00001250                roundf
                0x00001250                round
 .text.avr-libc.fplib
                0x00001298       0x10 C:/Users/Kacper/scoop/apps/avr-gcc/15.2.0/bin/../lib/gcc/avr/15.2.0/../../../../avr/lib/avrxmega3\libm.a(sin.o)
                0x00001298                sinf
                0x00001298                sin
 .text.avr-libc.fplib
                0x000012a8        0x8 C:/Users/Kacper/scoop/apps/avr-gcc/15.2.0/bin/../lib/gcc/avr/15.2.0/../../../../avr/lib/avrxmega3\libm.a(square.o)
                0x000012a8                squaref
                0x000012a8                square
 .text.avr-libc.fplib
                0x000012b0        0xe C:/Users/Kacper/scoop/apps/avr-gcc/15.2.0/bin/../lib/gcc/avr/15.2.0/../../../../avr/lib/avrxmega3\libm.a(addsf3.o)
                0x000012b0                __subsf3
                0x000012b2                __addsf3
 .text.avr-libc.fplib
                0x000012be       0xcc C:/Users/Kacper/scoop/apps/avr-gcc/15.2.0/bin/../lib/gcc/avr/15.2.0/../../../../avr/lib/avrxmega3\libm.a(addsf3x.o)
                0x000012e0                __addsf3x
 .text.avr-libc.fplib
                0x0000138a        0x8 C:/Users/Kacper/scoop/apps/avr-gcc/15.2.0/bin/../lib/gcc/avr/15.2.0/../../../../avr/lib/avrxmega3\libm.a(divsf3.o)
                0x0000138a                __divsf3
 .text.avr-libc.fplib
                0x00001392       0x7a C:/Users/Kacper/scoop/apps/avr-gcc/15.2.0/bin/../lib/gcc/avr/15.2.0/../../../../avr/lib/avrxmega3\libm.a(floatsisf.o)
                0x00001392                __floatunsisf
                0x00001396                __floatsisf
 .text.avr-libc.fplib
                0x0000140c       0x28 C:/Users/Kacper/scoop/apps/avr-gcc/15.2.0/bin/../lib/gcc/avr/15.2.0/../../../../avr/lib/avrxmega3\libm.a(fp_powsodd.o)
                0x0000140c                __fp_powsodd
 .text.avr-libc.fplib
                0x00001434        0x8 C:/Users/Kacper/scoop/apps/avr-gcc/15.2.0/bin/../lib/gcc/avr/15.2.0/../../../../avr/lib/avrxmega3\libm.a(mulsf3.o)
                0x00001434                __mulsf3
 .text.avr-libc.fplib
                0x0000143c        0xa C:/Users/Kacper/scoop/apps/avr-gcc/15.2.0/bin/../lib/gcc/avr/15.2.0/../../../../avr/lib/avrxmega3\libm.a(cmpsf2.o)
                0x0000143c                __nesf2
                0x0000143c                __eqsf2
                0x0000143c                __cmpsf2
                0x0000143c                __ltsf2
                0x0000143c                __lesf2
 .text.avr-libc.fplib
                0x00001446        0xe C:/Users/Kacper/scoop/apps/avr-gcc/15.2.0/bin/../lib/gcc/avr/15.2.0/../../../../avr/lib/avrxmega3\libm.a(fixsfsi.o)
                0x00001446                __fixsfsi
 .text.avr-libc.fplib
                0x00001454       0x5e C:/Users/Kacper/scoop/apps/avr-gcc/15.2.0/bin/../lib/gcc/avr/15.2.0/../../../../avr/lib/avrxmega3\libm.a(fixunssfsi.o)
                0x00001454                __fixunssfsi
 .text.avr-libc.fplib
                0x000014b2       0x48 C:/Users/Kacper/scoop/apps/avr-gcc/15.2.0/bin/../lib/gcc/avr/15.2.0/../../../../avr/lib/avrxmega3\libm.a(fp_cmp.o)
                0x000014b2                __fp_cmp
 .text.avr-libc.fplib
                0x000014fa        0xa C:/Users/Kacper/scoop/apps/avr-gcc/15.2.0/bin/../lib/gcc/avr/15.2.0/../../../../avr/lib/avrxmega3\libm.a(gesf2.o)
                0x000014fa                __gesf2
                0x000014fa                __gtsf2
 .text.libgcc.mul
                0x00001504       0x1e C:/Users/Kacper/scoop/apps/avr-gcc/15.2.0/bin/../lib/gcc/avr/15.2.0/avrxmega3\libgcc.a(_umulhisi3.o)
                0x00001504                __umulhisi3
 .text.libgcc.div
                0x00001522       0x28 C:/Users/Kacper/scoop/apps/avr-gcc/15.2.0/bin/../lib/gcc/avr/15.2.0/avrxmega3\libgcc.a(_udivmodhi4.o)
                0x00001522                __udivmodhi4
 .text.libgcc.div
                0x0000154a       0x28 C:/Users/Kacper/scoop/apps/avr-gcc/15.2.0/bin/../lib/gcc/avr/15.2.0/avrxmega3\libgcc.a(_divmodhi4.o)
                0x0000154a                _div
                0x0000154a                __divmodhi4
 .text.libgcc.div
                0x00001572       0x44 C:/Users/Kacper/scoop/apps/avr-gcc/15.2.0/bin/../lib/gcc/avr/15.2.0/avrxmega3\libgcc.a(_udivmodsi4.o)
                0x00001572                __udivmodsi4
 .text.libgcc.div
                0x000015b6       0x2e C:/Users/Kacper/scoop/apps/avr-gcc/15.2.0/bin/../lib/gcc/avr/15.2.0/avrxmega3\libgcc.a(_divmodsi4.o)
                0x000015b6                __divmodsi4
 .text.libgcc.div
                0x000015e4       0x10 C:/Users/Kacper/scoop/apps/avr-gcc/15.2.0/bin/../lib/gcc/avr/15.2.0/avrxmega3\libgcc.a(_negsi2.o)
                0x000015e4                __negsi2
 .text.libgcc.mul
                0x000015f4        0xe C:/Users/Kacper/scoop/apps/avr-gcc/15.2.0/bin/../lib/gcc/avr/15.2.0/avrxmega3\libgcc.a(_usmulhisi3.o)
                0x000015f4                __usmulhisi3
                0x000015f8                __usmulhisi3_tail
 .text.libgcc.mul
                0x00001602       0x1e C:/Users/Kacper/scoop/apps/avr-gcc/15.2.0/bin/../lib/gcc/avr/15.2.0/avrxmega3\libgcc.a(_mulsidi3.o)
                0x00001602                __mulsidi3
 .text.libgcc.mul
                0x00001620       0x56 C:/Users/Kacper/scoop/apps/avr-gcc/15.2.0/bin/../lib/gcc/avr/15.2.0/avrxmega3\libgcc.a(_umulsidi3.o)
                0x00001620                __umulsidi3
                0x00001622                __umulsidi3_helper
 .text.libgcc.div
                0x00001676       0x62 C:/Users/Kacper/scoop/apps/avr-gcc/15.2.0/bin/../lib/gcc/avr/15.2.0/avrxmega3\libgcc.a(_divdi3.o)
                0x00001676                __moddi3
                0x0000167a                __divdi3
                0x0000167c                __divdi3_moddi3
 .text.libgcc.div
                0x000016d8       0x1c C:/Users/Kacper/scoop/apps/avr-gcc/15.2.0/bin/../lib/gcc/avr/15.2.0/avrxmega3\libgcc.a(_udivdi3.o)
                0x000016d8                __umoddi3
                0x000016dc                __udivdi3
                0x000016de                __udivdi3_umoddi3
 .text.libgcc.div
                0x000016f4       0xa2 C:/Users/Kacper/scoop/apps/avr-gcc/15.2.0/bin/../lib/gcc/avr/15.2.0/avrxmega3\libgcc.a(_udivmod64.o)
                0x000016f4                __udivmod64
 .text.libgcc   0x00001796       0x20 C:/Users/Kacper/scoop/apps/avr-gcc/15.2.0/bin/../lib/gcc/avr/15.2.0/avrxmega3\libgcc.a(_negdi2.o)
                0x00001796                __negdi2
 .text.libgcc.prologue
                0x000017b6       0x32 C:/Users/Kacper/scoop/apps/avr-gcc/15.2.0/bin/../lib/gcc/avr/15.2.0/avrxmega3\libgcc.a(_prologue.o)
                0x000017b6                __prologue_saves__
 .text.libgcc.prologue
                0x000017e8       0x30 C:/Users/Kacper/scoop/apps/avr-gcc/15.2.0/bin/../lib/gcc/avr/15.2.0/avrxmega3\libgcc.a(_epilogue.o)
                0x000017e8                __epilogue_restores__
 .text.libgcc.mul
                0x00001818       0x12 C:/Users/Kacper/scoop/apps/avr-gcc/15.2.0/bin/../lib/gcc/avr/15.2.0/avrxmega3\libgcc.a(_muldi3_6.o)
                0x00001818                __muldi3_6
                0x0000182a                        . = ALIGN (0x2)
 *(.fini9)
 .fini9         0x0000182a        0x0 C:/Users/Kacper/scoop/apps/avr-gcc/15.2.0/bin/../lib/gcc/avr/15.2.0/avrxmega3\libgcc.a(_exit.o)
                0x0000182a                _exit
                0x0000182a                exit
 *(.fini9)
 *(.fini8)
 *(.fini8)
 *(.fini7)
 *(.fini7)
 *(.fini6)
 *(.fini6)
 *(.fini5)
 *(.fini5)
 *(.fini4)
 *(.fini4)
 *(.fini3)
 *(.fini3)
 *(.fini2)
 *(.fini2)
 *(.fini1)
 *(.fini1)
 *(.fini0)
 .fini0         0x0000182a        0x4 C:/Users/Kacper/scoop/apps/avr-gcc/15.2.0/bin/../lib/gcc/avr/15.2.0/avrxmega3\libgcc.a(_exit.o)
 *(.fini0)
 *(.hightext)
 *(.hightext*)
 *(.progmemx)
 *(.progmemx.*)
 .progmemx.gcc_fplib.atan
                0x0000182e       0x2d C:/Users/Kacper/scoop/apps/avr-gcc/15.2.0/bin/../lib/gcc/avr/15.2.0/../../../../avr/lib/avrxmega3\libm.a(atan.o)
 .progmemx.gcc_fplib.sinus
                0x0000185b       0x1e C:/Users/Kacper/scoop/apps/avr-gcc/15.2.0/bin/../lib/gcc/avr/15.2.0/../../../../avr/lib/avrxmega3\libm.a(fp_sinus.o)
 .progmemx.gcc_fplib.log
                0x00001879       0x5a C:/Users/Kacper/scoop/apps/avr-gcc/15.2.0/bin/../lib/gcc/avr/15.2.0/../../../../avr/lib/avrxmega3\libm.a(log.o)
                0x000018d4                        . = ALIGN (0x2)
 *fill*         0x000018d3        0x1 
 *(.jumptables)
 *(.jumptables*)
                0x000018d4                        _etext = .

.rodata         0x000098d4       0x74 load address 0x000018d4
 *(.rodata)
 *(.rodata*)
 .rodata.main.str1.1
                0x000098d4       0x74 C:\Users\Kacper\AppData\Local\Temp\ccazGfzo.ltrans0.ltrans.o
                                 0x77 (size before relaxing)
 *(.gnu.linkonce.r*)

.data           0x00803800        0x0 load address 0x00001948
                [!provide]                        PROVIDE (__data_start = .)
 *(.data)
 *(.data*)
 *(.gnu.linkonce.d*)
                0x00803800                        . = ALIGN (0x2)
                0x00803800                        _edata = .
                [!provide]                        PROVIDE (__data_end = .)

.bss            0x00803800      0x14c
                0x00803800                        PROVIDE (__bss_start = .)
 *(.bss)
 *(.bss*)
 .bss.echo_start_ticks
                0x00803800        0x2 C:\Users\Kacper\AppData\Local\Temp\ccazGfzo.ltrans0.ltrans.o
 .bss.echo_baseline
                0x00803802        0x2 C:\Users\Kacper\AppData\Local\Temp\ccazGfzo.ltrans0.ltrans.o
 .bss.echo_raw  0x00803804      0x140 C:\Users\Kacper\AppData\Local\Temp\ccazGfzo.ltrans0.ltrans.o
 .bss.echo_peak_idx
                0x00803944        0x2 C:\Users\Kacper\AppData\Local\Temp\ccazGfzo.ltrans0.ltrans.o
 .bss.echo_total_ticks
                0x00803946        0x2 C:\Users\Kacper\AppData\Local\Temp\ccazGfzo.ltrans0.ltrans.o
 .bss.echo_n    0x00803948        0x2 C:\Users\Kacper\AppData\Local\Temp\ccazGfzo.ltrans0.ltrans.o
 .bss.diag_peak
                0x0080394a        0x2 C:\Users\Kacper\AppData\Local\Temp\ccazGfzo.ltrans0.ltrans.o
 *(COMMON)
                0x0080394c                        PROVIDE (__bss_end = .)
                0x00001948                        __data_load_start = LOADADDR (.data)
                0x00001948                        __data_load_end = (__data_load_start + SIZEOF (.data))

.noinit         0x0080394c        0x0
                [!provide]                        PROVIDE (__noinit_start = .)
 *(.noinit .noinit.* .gnu.linkonce.n.*)
                [!provide]                        PROVIDE (__noinit_end = .)
                0x0080394c                        _end = .
                [!provide]                        PROVIDE (__heap_start = .)
                0x00000000                        __flmap_init_label = DEFINED (__flmap_noinit_start)?__flmap_noinit_start:0x0
                0x00000000                        __flmap = DEFINED (__flmap)?__flmap:0x0

.eeprom         0x00810000        0x0
 *(.eeprom*)
                0x00810000                        __eeprom_end = .

.fuse
 *(.fuse)
 *(.lfuse)
 *(.hfuse)
 *(.efuse)

.lock
 *(.lock*)

.signature
 *(.signature*)

.stab
 *(.stab)

.stabstr
 *(.stabstr)

.stab.excl
 *(.stab.excl)

.stab.exclstr
 *(.stab.exclstr)

.stab.index
 *(.stab.index)

.stab.indexstr
 *(.stab.indexstr)

.comment        0x00000000       0x12
 *(.comment)
 .comment       0x00000000       0x12 C:\Users\Kacper\AppData\Local\Temp\ccazGfzo.ltrans0.ltrans.o
                                 0x13 (size before relaxing)

.note.gnu.avr.deviceinfo
                0x00000000       0x40
 .note.gnu.avr.deviceinfo
                0x00000000       0x40 C:/Users/Kacper/scoop/apps/avr-gcc/15.2.0/bin/../lib/gcc/avr/15.2.0/../../../../avr/lib/avrxmega3/crtattiny1616.o

.gnu.build.attributes
 *(.gnu.build.attributes .gnu.build.attributes.*)

.note.gnu.build-id
 *(.note.gnu.build-id)

.debug
 *(.debug)

.line
 *(.line)

.debug_srcinfo
 *(.debug_srcinfo)

.debug_sfnames
 *(.debug_sfnames)

.debug_aranges  0x00000000      0x240
 *(.debug_aranges)
 .debug_aranges
                0x00000000       0x20 C:/Users/Kacper/scoop/apps/avr-gcc/15.2.0/bin/../lib/gcc/avr/15.2.0/avrxmega3\libgcc.a(_exit.o)
 .debug_aranges
                0x00000020       0x20 C:/Users/Kacper/scoop/apps/avr-gcc/15.2.0/bin/../lib/gcc/avr/15.2.0/avrxmega3\libgcc.a(_umulhisi3.o)
 .debug_aranges
                0x00000040       0x20 C:/Users/Kacper/scoop/apps/avr-gcc/15.2.0/bin/../lib/gcc/avr/15.2.0/avrxmega3\libgcc.a(_udivmodhi4.o)
 .debug_aranges
                0x00000060       0x20 C:/Users/Kacper/scoop/apps/avr-gcc/15.2.0/bin/../lib/gcc/avr/15.2.0/avrxmega3\libgcc.a(_divmodhi4.o)
 .debug_aranges
                0x00000080       0x20 C:/Users/Kacper/scoop/apps/avr-gcc/15.2.0/bin/../lib/gcc/avr/15.2.0/avrxmega3\libgcc.a(_udivmodsi4.o)
 .debug_aranges
                0x000000a0       0x20 C:/Users/Kacper/scoop/apps/avr-gcc/15.2.0/bin/../lib/gcc/avr/15.2.0/avrxmega3\libgcc.a(_divmodsi4.o)
 .debug_aranges
                0x000000c0       0x20 C:/Users/Kacper/scoop/apps/avr-gcc/15.2.0/bin/../lib/gcc/avr/15.2.0/avrxmega3\libgcc.a(_negsi2.o)
 .debug_aranges
                0x000000e0       0x20 C:/Users/Kacper/scoop/apps/avr-gcc/15.2.0/bin/../lib/gcc/avr/15.2.0/avrxmega3\libgcc.a(_clear_bss.o)
 .debug_aranges
                0x00000100       0x20 C:/Users/Kacper/scoop/apps/avr-gcc/15.2.0/bin/../lib/gcc/avr/15.2.0/avrxmega3\libgcc.a(_usmulhisi3.o)
 .debug_aranges
                0x00000120       0x20 C:/Users/Kacper/scoop/apps/avr-gcc/15.2.0/bin/../lib/gcc/avr/15.2.0/avrxmega3\libgcc.a(_mulsidi3.o)
 .debug_aranges
                0x00000140       0x20 C:/Users/Kacper/scoop/apps/avr-gcc/15.2.0/bin/../lib/gcc/avr/15.2.0/avrxmega3\libgcc.a(_umulsidi3.o)
 .debug_aranges
                0x00000160       0x20 C:/Users/Kacper/scoop/apps/avr-gcc/15.2.0/bin/../lib/gcc/avr/15.2.0/avrxmega3\libgcc.a(_divdi3.o)
 .debug_aranges
                0x00000180       0x20 C:/Users/Kacper/scoop/apps/avr-gcc/15.2.0/bin/../lib/gcc/avr/15.2.0/avrxmega3\libgcc.a(_udivdi3.o)
 .debug_aranges
                0x000001a0       0x20 C:/Users/Kacper/scoop/apps/avr-gcc/15.2.0/bin/../lib/gcc/avr/15.2.0/avrxmega3\libgcc.a(_udivmod64.o)
 .debug_aranges
                0x000001c0       0x20 C:/Users/Kacper/scoop/apps/avr-gcc/15.2.0/bin/../lib/gcc/avr/15.2.0/avrxmega3\libgcc.a(_negdi2.o)
 .debug_aranges
                0x000001e0       0x20 C:/Users/Kacper/scoop/apps/avr-gcc/15.2.0/bin/../lib/gcc/avr/15.2.0/avrxmega3\libgcc.a(_prologue.o)
 .debug_aranges
                0x00000200       0x20 C:/Users/Kacper/scoop/apps/avr-gcc/15.2.0/bin/../lib/gcc/avr/15.2.0/avrxmega3\libgcc.a(_epilogue.o)
 .debug_aranges
                0x00000220       0x20 C:/Users/Kacper/scoop/apps/avr-gcc/15.2.0/bin/../lib/gcc/avr/15.2.0/avrxmega3\libgcc.a(_muldi3_6.o)

.debug_pubnames
 *(.debug_pubnames)

.debug_info     0x00000000     0x1f81
 *(.debug_info .gnu.linkonce.wi.*)
 .debug_info    0x00000000     0x1cf8 C:/Users/Kacper/scoop/apps/avr-gcc/15.2.0/bin/../lib/gcc/avr/15.2.0/../../../../avr/lib/avrxmega3/crtattiny1616.o
 .debug_info    0x00001cf8       0x24 C:/Users/Kacper/scoop/apps/avr-gcc/15.2.0/bin/../lib/gcc/avr/15.2.0/avrxmega3\libgcc.a(_exit.o)
 .debug_info    0x00001d1c       0x24 C:/Users/Kacper/scoop/apps/avr-gcc/15.2.0/bin/../lib/gcc/avr/15.2.0/avrxmega3\libgcc.a(_umulhisi3.o)
 .debug_info    0x00001d40       0x24 C:/Users/Kacper/scoop/apps/avr-gcc/15.2.0/bin/../lib/gcc/avr/15.2.0/avrxmega3\libgcc.a(_udivmodhi4.o)
 .debug_info    0x00001d64       0x24 C:/Users/Kacper/scoop/apps/avr-gcc/15.2.0/bin/../lib/gcc/avr/15.2.0/avrxmega3\libgcc.a(_divmodhi4.o)
 .debug_info    0x00001d88       0x24 C:/Users/Kacper/scoop/apps/avr-gcc/15.2.0/bin/../lib/gcc/avr/15.2.0/avrxmega3\libgcc.a(_udivmodsi4.o)
 .debug_info    0x00001dac       0x24 C:/Users/Kacper/scoop/apps/avr-gcc/15.2.0/bin/../lib/gcc/avr/15.2.0/avrxmega3\libgcc.a(_divmodsi4.o)
 .debug_info    0x00001dd0       0x24 C:/Users/Kacper/scoop/apps/avr-gcc/15.2.0/bin/../lib/gcc/avr/15.2.0/avrxmega3\libgcc.a(_negsi2.o)
 .debug_info    0x00001df4       0x24 C:/Users/Kacper/scoop/apps/avr-gcc/15.2.0/bin/../lib/gcc/avr/15.2.0/avrxmega3\libgcc.a(_clear_bss.o)
 .debug_info    0x00001e18       0x24 C:/Users/Kacper/scoop/apps/avr-gcc/15.2.0/bin/../lib/gcc/avr/15.2.0/avrxmega3\libgcc.a(_usmulhisi3.o)
 .debug_info    0x00001e3c       0x24 C:/Users/Kacper/scoop/apps/avr-gcc/15.2.0/bin/../lib/gcc/avr/15.2.0/avrxmega3\libgcc.a(_mulsidi3.o)
 .debug_info    0x00001e60       0x24 C:/Users/Kacper/scoop/apps/avr-gcc/15.2.0/bin/../lib/gcc/avr/15.2.0/avrxmega3\libgcc.a(_umulsidi3.o)
 .debug_info    0x00001e84       0x24 C:/Users/Kacper/scoop/apps/avr-gcc/15.2.0/bin/../lib/gcc/avr/15.2.0/avrxmega3\libgcc.a(_divdi3.o)
 .debug_info    0x00001ea8       0x24 C:/Users/Kacper/scoop/apps/avr-gcc/15.2.0/bin/../lib/gcc/avr/15.2.0/avrxmega3\libgcc.a(_udivdi3.o)
 .debug_info    0x00001ecc       0x25 C:/Users/Kacper/scoop/apps/avr-gcc/15.2.0/bin/../lib/gcc/avr/15.2.0/avrxmega3\libgcc.a(_udivmod64.o)
 .debug_info    0x00001ef1       0x24 C:/Users/Kacper/scoop/apps/avr-gcc/15.2.0/bin/../lib/gcc/avr/15.2.0/avrxmega3\libgcc.a(_negdi2.o)
 .debug_info    0x00001f15       0x24 C:/Users/Kacper/scoop/apps/avr-gcc/15.2.0/bin/../lib/gcc/avr/15.2.0/avrxmega3\libgcc.a(_prologue.o)
 .debug_info    0x00001f39       0x24 C:/Users/Kacper/scoop/apps/avr-gcc/15.2.0/bin/../lib/gcc/avr/15.2.0/avrxmega3\libgcc.a(_epilogue.o)
 .debug_info    0x00001f5d       0x24 C:/Users/Kacper/scoop/apps/avr-gcc/15.2.0/bin/../lib/gcc/avr/15.2.0/avrxmega3\libgcc.a(_muldi3_6.o)

.debug_abbrev   0x00000000     0x1cd2
 *(.debug_abbrev)
 .debug_abbrev  0x00000000     0x1b6a C:/Users/Kacper/scoop/apps/avr-gcc/15.2.0/bin/../lib/gcc/avr/15.2.0/../../../../avr/lib/avrxmega3/crtattiny1616.o
 .debug_abbrev  0x00001b6a       0x14 C:/Users/Kacper/scoop/apps/avr-gcc/15.2.0/bin/../lib/gcc/avr/15.2.0/avrxmega3\libgcc.a(_exit.o)
 .debug_abbrev  0x00001b7e       0x14 C:/Users/Kacper/scoop/apps/avr-gcc/15.2.0/bin/../lib/gcc/avr/15.2.0/avrxmega3\libgcc.a(_umulhisi3.o)
 .debug_abbrev  0x00001b92       0x14 C:/Users/Kacper/scoop/apps/avr-gcc/15.2.0/bin/../lib/gcc/avr/15.2.0/avrxmega3\libgcc.a(_udivmodhi4.o)
 .debug_abbrev  0x00001ba6       0x14 C:/Users/Kacper/scoop/apps/avr-gcc/15.2.0/bin/../lib/gcc/avr/15.2.0/avrxmega3\libgcc.a(_divmodhi4.o)
 .debug_abbrev  0x00001bba       0x14 C:/Users/Kacper/scoop/apps/avr-gcc/15.2.0/bin/../lib/gcc/avr/15.2.0/avrxmega3\libgcc.a(_udivmodsi4.o)
 .debug_abbrev  0x00001bce       0x14 C:/Users/Kacper/scoop/apps/avr-gcc/15.2.0/bin/../lib/gcc/avr/15.2.0/avrxmega3\libgcc.a(_divmodsi4.o)
 .debug_abbrev  0x00001be2       0x14 C:/Users/Kacper/scoop/apps/avr-gcc/15.2.0/bin/../lib/gcc/avr/15.2.0/avrxmega3\libgcc.a(_negsi2.o)
 .debug_abbrev  0x00001bf6       0x14 C:/Users/Kacper/scoop/apps/avr-gcc/15.2.0/bin/../lib/gcc/avr/15.2.0/avrxmega3\libgcc.a(_clear_bss.o)
 .debug_abbrev  0x00001c0a       0x14 C:/Users/Kacper/scoop/apps/avr-gcc/15.2.0/bin/../lib/gcc/avr/15.2.0/avrxmega3\libgcc.a(_usmulhisi3.o)
 .debug_abbrev  0x00001c1e       0x14 C:/Users/Kacper/scoop/apps/avr-gcc/15.2.0/bin/../lib/gcc/avr/15.2.0/avrxmega3\libgcc.a(_mulsidi3.o)
 .debug_abbrev  0x00001c32       0x14 C:/Users/Kacper/scoop/apps/avr-gcc/15.2.0/bin/../lib/gcc/avr/15.2.0/avrxmega3\libgcc.a(_umulsidi3.o)
 .debug_abbrev  0x00001c46       0x14 C:/Users/Kacper/scoop/apps/avr-gcc/15.2.0/bin/../lib/gcc/avr/15.2.0/avrxmega3\libgcc.a(_divdi3.o)
 .debug_abbrev  0x00001c5a       0x14 C:/Users/Kacper/scoop/apps/avr-gcc/15.2.0/bin/../lib/gcc/avr/15.2.0/avrxmega3\libgcc.a(_udivdi3.o)
 .debug_abbrev  0x00001c6e       0x14 C:/Users/Kacper/scoop/apps/avr-gcc/15.2.0/bin/../lib/gcc/avr/15.2.0/avrxmega3\libgcc.a(_udivmod64.o)
 .debug_abbrev  0x00001c82       0x14 C:/Users/Kacper/scoop/apps/avr-gcc/15.2.0/bin/../lib/gcc/avr/15.2.0/avrxmega3\libgcc.a(_negdi2.o)
 .debug_abbrev  0x00001c96       0x14 C:/Users/Kacper/scoop/apps/avr-gcc/15.2.0/bin/../lib/gcc/avr/15.2.0/avrxmega3\libgcc.a(_prologue.o)
 .debug_abbrev  0x00001caa       0x14 C:/Users/Kacper/scoop/apps/avr-gcc/15.2.0/bin/../lib/gcc/avr/15.2.0/avrxmega3\libgcc.a(_epilogue.o)
 .debug_abbrev  0x00001cbe       0x14 C:/Users/Kacper/scoop/apps/avr-gcc/15.2.0/bin/../lib/gcc/avr/15.2.0/avrxmega3\libgcc.a(_muldi3_6.o)

.debug_line     0x00000000      0xc47
 *(.debug_line .debug_line.* .debug_line_end)
 .debug_line    0x00000000       0x1d C:/Users/Kacper/scoop/apps/avr-gcc/15.2.0/bin/../lib/gcc/avr/15.2.0/../../../../avr/lib/avrxmega3/crtattiny1616.o
 .debug_line    0x0000001d       0x51 C:/Users/Kacper/scoop/apps/avr-gcc/15.2.0/bin/../lib/gcc/avr/15.2.0/avrxmega3\libgcc.a(_exit.o)
 .debug_line    0x0000006e       0x9f C:/Users/Kacper/scoop/apps/avr-gcc/15.2.0/bin/../lib/gcc/avr/15.2.0/avrxmega3\libgcc.a(_umulhisi3.o)
 .debug_line    0x0000010d       0xbd C:/Users/Kacper/scoop/apps/avr-gcc/15.2.0/bin/../lib/gcc/avr/15.2.0/avrxmega3\libgcc.a(_udivmodhi4.o)
 .debug_line    0x000001ca       0xb7 C:/Users/Kacper/scoop/apps/avr-gcc/15.2.0/bin/../lib/gcc/avr/15.2.0/avrxmega3\libgcc.a(_divmodhi4.o)
 .debug_line    0x00000281      0x111 C:/Users/Kacper/scoop/apps/avr-gcc/15.2.0/bin/../lib/gcc/avr/15.2.0/avrxmega3\libgcc.a(_udivmodsi4.o)
 .debug_line    0x00000392       0xbd C:/Users/Kacper/scoop/apps/avr-gcc/15.2.0/bin/../lib/gcc/avr/15.2.0/avrxmega3\libgcc.a(_divmodsi4.o)
 .debug_line    0x0000044f       0x51 C:/Users/Kacper/scoop/apps/avr-gcc/15.2.0/bin/../lib/gcc/avr/15.2.0/avrxmega3\libgcc.a(_negsi2.o)
 .debug_line    0x000004a0       0x75 C:/Users/Kacper/scoop/apps/avr-gcc/15.2.0/bin/../lib/gcc/avr/15.2.0/avrxmega3\libgcc.a(_clear_bss.o)
 .debug_line    0x00000515       0x69 C:/Users/Kacper/scoop/apps/avr-gcc/15.2.0/bin/../lib/gcc/avr/15.2.0/avrxmega3\libgcc.a(_usmulhisi3.o)
 .debug_line    0x0000057e       0x93 C:/Users/Kacper/scoop/apps/avr-gcc/15.2.0/bin/../lib/gcc/avr/15.2.0/avrxmega3\libgcc.a(_mulsidi3.o)
 .debug_line    0x00000611       0xff C:/Users/Kacper/scoop/apps/avr-gcc/15.2.0/bin/../lib/gcc/avr/15.2.0/avrxmega3\libgcc.a(_umulsidi3.o)
 .debug_line    0x00000710       0xe1 C:/Users/Kacper/scoop/apps/avr-gcc/15.2.0/bin/../lib/gcc/avr/15.2.0/avrxmega3\libgcc.a(_divdi3.o)
 .debug_line    0x000007f1       0x93 C:/Users/Kacper/scoop/apps/avr-gcc/15.2.0/bin/../lib/gcc/avr/15.2.0/avrxmega3\libgcc.a(_udivdi3.o)
 .debug_line    0x00000884      0x135 C:/Users/Kacper/scoop/apps/avr-gcc/15.2.0/bin/../lib/gcc/avr/15.2.0/avrxmega3\libgcc.a(_udivmod64.o)
 .debug_line    0x000009b9       0x69 C:/Users/Kacper/scoop/apps/avr-gcc/15.2.0/bin/../lib/gcc/avr/15.2.0/avrxmega3\libgcc.a(_negdi2.o)
 .debug_line    0x00000a22       0xdb C:/Users/Kacper/scoop/apps/avr-gcc/15.2.0/bin/../lib/gcc/avr/15.2.0/avrxmega3\libgcc.a(_prologue.o)
 .debug_line    0x00000afd       0xd5 C:/Users/Kacper/scoop/apps/avr-gcc/15.2.0/bin/../lib/gcc/avr/15.2.0/avrxmega3\libgcc.a(_epilogue.o)
 .debug_line    0x00000bd2       0x75 C:/Users/Kacper/scoop/apps/avr-gcc/15.2.0/bin/../lib/gcc/avr/15.2.0/avrxmega3\libgcc.a(_muldi3_6.o)

.debug_frame
 *(.debug_frame)

.debug_str      0x00000000      0xc4e
 *(.debug_str)
 .debug_str     0x00000000      0xbe1 C:/Users/Kacper/scoop/apps/avr-gcc/15.2.0/bin/../lib/gcc/avr/15.2.0/../../../../avr/lib/avrxmega3/crtattiny1616.o
 .debug_str     0x00000be1       0x6d C:/Users/Kacper/scoop/apps/avr-gcc/15.2.0/bin/../lib/gcc/avr/15.2.0/avrxmega3\libgcc.a(_exit.o)
 .debug_str     0x00000c4e        0x0 C:/Users/Kacper/scoop/apps/avr-gcc/15.2.0/bin/../lib/gcc/avr/15.2.0/avrxmega3\libgcc.a(_umulhisi3.o)
                                 0x6d (size before relaxing)
 .debug_str     0x00000c4e        0x0 C:/Users/Kacper/scoop/apps/avr-gcc/15.2.0/bin/../lib/gcc/avr/15.2.0/avrxmega3\libgcc.a(_udivmodhi4.o)
                                 0x6d (size before relaxing)
 .debug_str     0x00000c4e        0x0 C:/Users/Kacper/scoop/apps/avr-gcc/15.2.0/bin/../lib/gcc/avr/15.2.0/avrxmega3\libgcc.a(_divmodhi4.o)
                                 0x6d (size before relaxing)
 .debug_str     0x00000c4e        0x0 C:/Users/Kacper/scoop/apps/avr-gcc/15.2.0/bin/../lib/gcc/avr/15.2.0/avrxmega3\libgcc.a(_udivmodsi4.o)
                                 0x6d (size before relaxing)
 .debug_str     0x00000c4e        0x0 C:/Users/Kacper/scoop/apps/avr-gcc/15.2.0/bin/../lib/gcc/avr/15.2.0/avrxmega3\libgcc.a(_divmodsi4.o)
                                 0x6d (size before relaxing)
 .debug_str     0x00000c4e        0x0 C:/Users/Kacper/scoop/apps/avr-gcc/15.2.0/bin/../lib/gcc/avr/15.2.0/avrxmega3\libgcc.a(_negsi2.o)
                                 0x6d (size before relaxing)
 .debug_str     0x00000c4e        0x0 C:/Users/Kacper/scoop/apps/avr-gcc/15.2.0/bin/../lib/gcc/avr/15.2.0/avrxmega3\libgcc.a(_clear_bss.o)
                                 0x6d (size before relaxing)
 .debug_str     0x00000c4e        0x0 C:/Users/Kacper/scoop/apps/avr-gcc/15.2.0/bin/../lib/gcc/avr/15.2.0/avrxmega3\libgcc.a(_usmulhisi3.o)
                                 0x6d (size before relaxing)
 .debug_str     0x00000c4e        0x0 C:/Users/Kacper/scoop/apps/avr-gcc/15.2.0/bin/../lib/gcc/avr/15.2.0/avrxmega3\libgcc.a(_mulsidi3.o)
                                 0x6d (size before relaxing)
 .debug_str     0x00000c4e        0x0 C:/Users/Kacper/scoop/apps/avr-gcc/15.2.0/bin/../lib/gcc/avr/15.2.0/avrxmega3\libgcc.a(_umulsidi3.o)
                                 0x6d (size before relaxing)
 .debug_str     0x00000c4e        0x0 C:/Users/Kacper/scoop/apps/avr-gcc/15.2.0/bin/../lib/gcc/avr/15.2.0/avrxmega3\libgcc.a(_divdi3.o)
                                 0x6d (size before relaxing)
 .debug_str     0x00000c4e        0x0 C:/Users/Kacper/scoop/apps/avr-gcc/15.2.0/bin/../lib/gcc/avr/15.2.0/avrxmega3\libgcc.a(_udivdi3.o)
                                 0x6d (size before relaxing)
 .debug_str     0x00000c4e        0x0 C:/Users/Kacper/scoop/apps/avr-gcc/15.2.0/bin/../lib/gcc/avr/15.2.0/avrxmega3\libgcc.a(_udivmod64.o)
                                 0x6d (size before relaxing)
 .debug_str     0x00000c4e        0x0 C:/Users/Kacper/scoop/apps/avr-gcc/15.2.0/bin/../lib/gcc/avr/15.2.0/avrxmega3\libgcc.a(_negdi2.o)
                                 0x6d (size before relaxing)
 .debug_str     0x00000c4e        0x0 C:/Users/Kacper/scoop/apps/avr-gcc/15.2.0/bin/../lib/gcc/avr/15.2.0/avrxmega3\libgcc.a(_prologue.o)
                                 0x6d (size before relaxing)
 .debug_str     0x00000c4e        0x0 C:/Users/Kacper/scoop/apps/avr-gcc/15.2.0/bin/../lib/gcc/avr/15.2.0/avrxmega3\libgcc.a(_epilogue.o)
                                 0x6d (size before relaxing)
 .debug_str     0x00000c4e        0x0 C:/Users/Kacper/scoop/apps/avr-gcc/15.2.0/bin/../lib/gcc/avr/15.2.0/avrxmega3\libgcc.a(_muldi3_6.o)
                                 0x6d (size before relaxing)

.debug_loc
 *(.debug_loc)

.debug_macinfo
 *(.debug_macinfo)

.debug_weaknames
 *(.debug_weaknames)

.debug_funcnames
 *(.debug_funcnames)

.debug_typenames
 *(.debug_typenames)

.debug_varnames
 *(.debug_varnames)

.debug_pubtypes
 *(.debug_pubtypes)

.debug_ranges
 *(.debug_ranges)

.debug_addr
 *(.debug_addr)

.debug_line_str
                0x00000000       0x61
 *(.debug_line_str)
 .debug_line_str
                0x00000000       0x61 C:/Users/Kacper/scoop/apps/avr-gcc/15.2.0/bin/../lib/gcc/avr/15.2.0/avrxmega3\libgcc.a(_exit.o)
 .debug_line_str
                0x00000061        0x0 C:/Users/Kacper/scoop/apps/avr-gcc/15.2.0/bin/../lib/gcc/avr/15.2.0/avrxmega3\libgcc.a(_umulhisi3.o)
                                 0x61 (size before relaxing)
 .debug_line_str
                0x00000061        0x0 C:/Users/Kacper/scoop/apps/avr-gcc/15.2.0/bin/../lib/gcc/avr/15.2.0/avrxmega3\libgcc.a(_udivmodhi4.o)
                                 0x61 (size before relaxing)
 .debug_line_str
                0x00000061        0x0 C:/Users/Kacper/scoop/apps/avr-gcc/15.2.0/bin/../lib/gcc/avr/15.2.0/avrxmega3\libgcc.a(_divmodhi4.o)
                                 0x61 (size before relaxing)
 .debug_line_str
                0x00000061        0x0 C:/Users/Kacper/scoop/apps/avr-gcc/15.2.0/bin/../lib/gcc/avr/15.2.0/avrxmega3\libgcc.a(_udivmodsi4.o)
                                 0x61 (size before relaxing)
 .debug_line_str
                0x00000061        0x0 C:/Users/Kacper/scoop/apps/avr-gcc/15.2.0/bin/../lib/gcc/avr/15.2.0/avrxmega3\libgcc.a(_divmodsi4.o)
                                 0x61 (size before relaxing)
 .debug_line_str
                0x00000061        0x0 C:/Users/Kacper/scoop/apps/avr-gcc/15.2.0/bin/../lib/gcc/avr/15.2.0/avrxmega3\libgcc.a(_negsi2.o)
                                 0x61 (size before relaxing)
 .debug_line_str
                0x00000061        0x0 C:/Users/Kacper/scoop/apps/avr-gcc/15.2.0/bin/../lib/gcc/avr/15.2.0/avrxmega3\libgcc.a(_clear_bss.o)
                                 0x61 (size before relaxing)
 .debug_line_str
                0x00000061        0x0 C:/Users/Kacper/scoop/apps/avr-gcc/15.2.0/bin/../lib/gcc/avr/15.2.0/avrxmega3\libgcc.a(_usmulhisi3.o)
                                 0x61 (size before relaxing)
 .debug_line_str
                0x00000061        0x0 C:/Users/Kacper/scoop/apps/avr-gcc/15.2.0/bin/../lib/gcc/avr/15.2.0/avrxmega3\libgcc.a(_mulsidi3.o)
                                 0x61 (size before relaxing)
 .debug_line_str
                0x00000061        0x0 C:/Users/Kacper/scoop/apps/avr-gcc/15.2.0/bin/../lib/gcc/avr/15.2.0/avrxmega3\libgcc.a(_umulsidi3.o)
                                 0x61 (size before relaxing)
 .debug_line_str
                0x00000061        0x0 C:/Users/Kacper/scoop/apps/avr-gcc/15.2.0/bin/../lib/gcc/avr/15.2.0/avrxmega3\libgcc.a(_divdi3.o)
                                 0x61 (size before relaxing)
 .debug_line_str
                0x00000061        0x0 C:/Users/Kacper/scoop/apps/avr-gcc/15.2.0/bin/../lib/gcc/avr/15.2.0/avrxmega3\libgcc.a(_udivdi3.o)
                                 0x61 (size before relaxing)
 .debug_line_str
                0x00000061        0x0 C:/Users/Kacper/scoop/apps/avr-gcc/15.2.0/bin/../lib/gcc/avr/15.2.0/avrxmega3\libgcc.a(_udivmod64.o)
                                 0x61 (size before relaxing)
 .debug_line_str
                0x00000061        0x0 C:/Users/Kacper/scoop/apps/avr-gcc/15.2.0/bin/../lib/gcc/avr/15.2.0/avrxmega3\libgcc.a(_negdi2.o)
                                 0x61 (size before relaxing)
 .debug_line_str
                0x00000061        0x0 C:/Users/Kacper/scoop/apps/avr-gcc/15.2.0/bin/../lib/gcc/avr/15.2.0/avrxmega3\libgcc.a(_prologue.o)
                                 0x61 (size before relaxing)
 .debug_line_str
                0x00000061        0x0 C:/Users/Kacper/scoop/apps/avr-gcc/15.2.0/bin/../lib/gcc/avr/15.2.0/avrxmega3\libgcc.a(_epilogue.o)
                                 0x61 (size before relaxing)
 .debug_line_str
                0x00000061        0x0 C:/Users/Kacper/scoop/apps/avr-gcc/15.2.0/bin/../lib/gcc/avr/15.2.0/avrxmega3\libgcc.a(_muldi3_6.o)
                                 0x61 (size before relaxing)

.debug_loclists
 *(.debug_loclists)

.debug_macro
 *(.debug_macro)

.debug_names
 *(.debug_names)

.debug_rnglists
 *(.debug_rnglists)

.debug_str_offsets
 *(.debug_str_offsets)

.debug_sup
 *(.debug_sup)
OUTPUT(main.elf elf32-avr)
LOAD linker stubs
